c7e00000 T _start
c7e00020 t _undefined_instruction
c7e00024 t _software_interrupt
c7e00028 t _prefetch_abort
c7e0002c t _data_abort
c7e00030 t _not_used
c7e00034 t _irq
c7e00038 t _fiq
c7e0003c t _pad
c7e00040 T _end_vect
c7e00040 t _TEXT_BASE
c7e00044 t _TEXT_PHY_BASE
c7e00048 T _armboot_start
c7e0004c T _bss_start
c7e00050 T _bss_end
c7e00054 t reset
c7e00064 t cpu_init_crit
c7e000b8 t after_copy
c7e000b8 t enable_mmu
c7e000d8 t mmu_on
c7e000f4 t skip_hw_init
c7e000f4 t stack_setup
c7e000f8 t clear_bss
c7e00104 t clbss_l
c7e00118 t _start_armboot
c7e0011c t _mmu_table_base
c7e00120 T copy_from_nand
c7e0016c t copy_failed
c7e00174 t compare_failed
c7e0017c T theLastJump
c7e00198 t phy_last_jump
c7e001c0 t undefined_instruction
c7e00220 t software_interrupt
c7e00280 t prefetch_abort
c7e002e0 t data_abort
c7e00340 t not_used
c7e003a0 t irq
c7e00400 t fiq
c7e00460 T arm1136_cache_flush
c7e00480 T mem_ctrl_asm_init
c7e0057c t check_dmc1_ready
c7e00598 T cleanDCache
c7e005a4 T cleanFlushDCache
c7e005b0 T cleanFlushCache
c7e005dc t nandll_read_page
c7e00694 T copy_uboot_to_ram
c7e007b8 T movi_set_capacity
c7e007bc T movi_set_ofs
c7e00810 T movi_bl2_copy
c7e0085c T movi_read_env
c7e00870 T movi_write_env
c7e00884 T movi_init
c7e008c0 T raise
c7e008c4 T __aeabi_ldiv0
c7e008c8 T __div0
c7e008cc t _TEXT_BASE
c7e008d0 T lowlevel_init
c7e009b0 t wakeup_reset
c7e009dc t system_clock_init
c7e00a10 t check_syncack
c7e00ab0 t uart_asm_init
c7e00b00 t nand_asm_init
c7e00b84 T enable_interrupts
c7e00b88 T disable_interrupts
c7e00b90 T set_timer
c7e00ba0 T reset_timer_masked
c7e00bd4 T get_timer_masked
c7e00c3c T get_timer
c7e00c50 T udelay_masked
c7e00cc4 T get_ticks
c7e00ce0 T get_tbclk
c7e00cf8 T interrupt_init
c7e00d84 T show_regs
c7e00ec0 T bad_mode
c7e00ee4 T do_irq
c7e00f08 T do_fiq
c7e00f2c T do_not_used
c7e00f50 T do_data_abort
c7e00f74 T do_prefetch_abort
c7e00f98 T do_software_interrupt
c7e00fbc T do_undefined_instruction
c7e00fe0 T reset_timer
c7e01014 T udelay
c7e010bc t cp_delay
c7e010e8 T cpu_init
c7e010f0 T cleanup_before_linux
c7e01124 T reset_cpu
c7e01164 T do_reset
c7e01184 T icache_enable
c7e011a0 T branch_status
c7e011b0 T dcache_status
c7e011c0 T icache_status
c7e011d0 T branch_disable
c7e011ec T branch_enable
c7e01208 T dcache_disable
c7e01224 T dcache_enable
c7e01240 T icache_disable
c7e0125c T mmc_get_dev
c7e01268 t wait_for_r_buf_ready
c7e012c8 t wait_for_data_done
c7e012e8 t ClearCommandCompleteStatus
c7e01324 t ClearTransferCompleteStatus
c7e01370 t ClearBufferReadReadyStatus
c7e013bc t card_irq_enable
c7e013e8 T hsmmc_set_base
c7e01410 T hsmmc_reset
c7e01428 t set_transfer_mode_register
c7e01464 t set_blksize_register
c7e01484 t ClearErrInterruptStatus
c7e014c4 t hsmmc_clock_onoff
c7e01520 t set_cmd_register
c7e0157c t set_hostctl_speed
c7e015a4 t check_dma_int
c7e01614 t set_clock
c7e016b8 T hsmmc_set_gpio
c7e01740 t wait_for_cmd_done
c7e017b4 t issue_command
c7e018c8 t check_card_status
c7e01910 T movi_read
c7e01a90 t set_sd_speed
c7e01b90 t set_mmc_speed
c7e01bcc t mmc_bread
c7e01c0c T hsmmc_init
c7e02308 T movi_write
c7e024e0 T test_hsmmc
c7e02b24 T serial_setbrg
c7e02b28 T serial_putc
c7e02b54 T serial_tstc
c7e02b68 T serial_puts
c7e02b8c T serial_getc
c7e02ba8 T serial_init
c7e02bb0 t get_PLLCLK
c7e02c1c T get_UCLK
c7e02c24 T get_FCLK
c7e02c2c T get_PCLK
c7e02c88 T get_HCLK
c7e02ce4 T get_ARMCLK
c7e02d0c T print_cpuinfo
c7e02e1c T sbrk
c7e02e68 T hang
c7e02e78 t display_dram_config
c7e02ea8 t display_banner
c7e02ed0 t init_baudrate
c7e02f30 T start_armboot
c7e03188 t __fswab16
c7e031a4 t __fswab32
c7e031c4 t startAgainTimeout
c7e031d8 t startAgainHandler
c7e031dc T NetSetHandler
c7e031ec T NetCksum
c7e03230 T NetCksumOk
c7e0325c T copy_filename
c7e032ac T string_to_VLAN
c7e032fc T getenv_VLAN
c7e03314 T string_to_ip
c7e03388 T getenv_IPaddr
c7e033a0 T NetEthHdrSize
c7e033ec T VLAN_to_string
c7e03444 T ip_to_string
c7e03490 T print_IPaddr
c7e034b4 T NetSetEther
c7e03574 t NetCopyIP
c7e0357c T NetSetIP
c7e03688 t NetWriteIP
c7e036ac t NetReadIP
c7e036d0 t PingHandler
c7e03708 T NetSendPacket
c7e0370c T ArpRequest
c7e03838 T NetReceive
c7e03d58 T PingSend
c7e03ee8 T NetSetTimeout
c7e03f24 T NetSendUDPPacket
c7e04098 t PingTimeout
c7e040bc T NetStartAgain
c7e04144 T ArpTimeoutCheck
c7e041c8 T NetLoop
c7e0462c t __fswab16
c7e04648 t TftpSend
c7e047d8 T TftpStart
c7e049f8 t TftpTimeout
c7e04a60 t TftpHandler
c7e04ce0 t __fswab16
c7e04cfc t __fswab32
c7e04d1c t truncate_sz
c7e04d50 t NetCopyIP
c7e04d58 t NetWriteIP
c7e04d7c t NetReadLong
c7e04da0 T BootpRequest
c7e04fd4 t BootpHandler
c7e05360 t BootpTimeout
c7e053b4 T RarpRequest
c7e054c0 t RarpHandler
c7e0552c t RarpTimeout
c7e05580 T eth_initialize
c7e05588 t __fswab32
c7e055a8 t NfsTimeout
c7e055d4 t basename
c7e0560c t dirname
c7e05628 t rpc_lookup_reply
c7e056e8 t rpc_add_credentials
c7e057c0 t rpc_req
c7e058d8 t rpc_lookup_req
c7e05938 t NfsSend
c7e05bcc T NfsStart
c7e05e3c t NfsHandler
c7e06380 t phy_write
c7e063ec t phy_read
c7e06450 t dm9000_reset
c7e0646c T eth_halt
c7e064bc T eth_init
c7e069a0 T eth_send
c7e06a64 T eth_rx
c7e06bb0 T nand_init
c7e06c50 t generic_ffs
c7e06ca8 t nand_release_device
c7e06cc8 t nand_read_byte
c7e06cd8 t nand_read_byte16
c7e06cec t nand_read_word
c7e06cfc t nand_write_buf
c7e06d2c t nand_read_buf
c7e06d54 t nand_verify_buf
c7e06d98 t nand_write_buf16
c7e06dc8 t nand_read_buf16
c7e06df4 t nand_verify_buf16
c7e06e38 t nand_check_wp
c7e06e7c T nand_wait_ready
c7e06e98 t nand_read_page_raw
c7e06ed8 t nand_read_page_swecc
c7e06fec t nand_read_page_hwecc
c7e07120 t nand_read_page_syndrome
c7e07244 t nand_read_oob_std
c7e07290 t nand_read_oob_syndrome
c7e073a4 t nand_write_oob_std
c7e0741c t nand_write_oob_syndrome
c7e075e4 t nand_write_page_raw
c7e07620 t nand_write_page_swecc
c7e076d0 t nand_write_page_hwecc
c7e077a4 t nand_write_page_syndrome
c7e07894 t single_erase_cmd
c7e078d8 t multi_erase_cmd
c7e07964 T nand_release
c7e0798c T nand_scan_ident
c7e07e58 t nand_resume
c7e07e78 T nand_scan_tail
c7e08360 T nand_scan
c7e08380 t nand_select_chip
c7e083ec t nand_block_isbad
c7e08468 t nand_block_markbad
c7e084ac t nand_fill_oob
c7e085c0 t nand_do_write_oob
c7e086d0 t nand_do_write_ops
c7e089f8 t nand_write_page
c7e08ac0 t nand_transfer_oob
c7e08bd8 t nand_do_read_ops
c7e08f80 T nand_read
c7e09028 t nand_command_lp
c7e0927c t nand_command
c7e09438 T nand_erase_nand
c7e096ec t nand_erase
c7e096f4 t nand_default_block_markbad
c7e097d0 t nand_wait
c7e098a4 t nand_block_bad
c7e099bc t nand_suspend
c7e099c4 t nand_sync
c7e099c8 t nand_write_oob
c7e09a84 t nand_write
c7e09b2c t nand_read_oob
c7e09cf8 T nand_calculate_ecc
c7e09df0 T nand_correct_data
c7e09f18 t check_pattern
c7e09fd0 t scan_read_raw
c7e0a01c t search_bbt
c7e0a1a4 T nand_isbad_bbt
c7e0a1f4 t create_bbt
c7e0a510 t read_bbt
c7e0a720 t read_abs_bbt
c7e0a7ec t write_bbt
c7e0ae3c T nand_update_bbt
c7e0af94 t mark_bbt_region
c7e0b108 T nand_scan_bbt
c7e0b598 T nand_default_bbt
c7e0b670 T run_command
c7e0ba40 t cread_add_char
c7e0bb3c t cread_add_str
c7e0bb94 T readline
c7e0c22c t ExecuteCmd
c7e0c234 T arm_sdfuse
c7e0c32c T arm_USBfuse
c7e0c3fc T lcd_size_config
c7e0c538 T ARMMenu
c7e0c6bc T main_loop
c7e0c804 t print_num
c7e0c818 T do_bdinfo
c7e0c904 T do_go
c7e0c984 t __fswab32
c7e0c9a4 T gunzip
c7e0cafc t zfree
c7e0cb04 t zalloc
c7e0cb14 T print_image_hdr
c7e0cf14 t do_imls
c7e0cf1c T do_bootm
c7e0d56c t on_off
c7e0d5a8 T do_branch
c7e0d634 T do_dcache
c7e0d6c0 T do_icache
c7e0d74c t cnvrt2
c7e0d790 T mk_date
c7e0d95c T do_date
c7e0da70 T valid_elf_image
c7e0dac4 T load_elf_image
c7e0dbd4 T do_bootvx
c7e0dd50 T do_bootelf
c7e0ddf4 T get_dev
c7e0de28 T do_fat_fsinfo
c7e0df0c T do_fat_ls
c7e0e020 T do_fat_fsload
c7e0e1a8 T flash_sect_protect
c7e0e1c8 T flash_sect_erase
c7e0e1e8 T do_flinfo
c7e0e228 t addr_spec
c7e0e2ec t abbrev_spec
c7e0e450 T do_protect
c7e0e61c T do_flerase
c7e0e768 t evalstr
c7e0e784 t evalexp
c7e0e7d0 T binary_test
c7e0e9ac T do_itest
c7e0ea54 T ktrans
c7e0ea74 T chk1
c7e0eaa0 t bin_data_init
c7e0ead8 t bin_data_char
c7e0eb1c T k_data_init
c7e0eb4c T k_data_save
c7e0ebb0 T k_data_restore
c7e0ec14 T k_data_char
c7e0ec78 T send_pad
c7e0ecb4 T s1_sendpacket
c7e0ecdc T handle_send_packet
c7e0eed4 T send_nack
c7e0ef40 T send_ack
c7e0efac t getcxmodem
c7e0efd8 T do_load_serial_bin
c7e0f6c0 T do_load_serial
c7e0f9cc T do_mem_base
c7e0fa18 T do_mem_crc
c7e0fad0 T do_mem_mtest
c7e0fc00 T cmd_get_data_size
c7e0fc80 t mod_mem
c7e0fe00 T do_mem_nm
c7e0fe28 T do_mem_mm
c7e0fe50 T do_mem_loop
c7e0ff48 T do_mem_cp
c7e10078 T do_mem_cmp
c7e10224 T do_mem_mw
c7e102fc T do_mem_md
c7e10500 T do_sleep
c7e10594 t __fswab32
c7e105b4 t nand_read
c7e105e0 t nand_write
c7e1060c t str2long
c7e10650 t arg_off_size
c7e10730 T do_nandboot
c7e1096c T do_nand
c7e116a0 T do_ping
c7e11730 t netboot_common
c7e119f0 T do_nfs
c7e119fc T do_rarpb
c7e11a08 T do_tftpb
c7e11a14 T do_bootp
c7e11a20 t envmatch
c7e11a98 T getenv_r
c7e11b60 T do_saveenv
c7e11b94 T getenv
c7e11c14 T _do_setenv
c7e120ec T do_setenv
c7e12138 T setenv
c7e12170 T do_printenv
c7e12314 T usb_get_class_desc
c7e123b8 T usb_display_ep_desc
c7e1248c T usb_display_class_sub
c7e1269c T usb_show_tree_graph
c7e12954 T usb_show_tree
c7e12988 T usb_display_desc
c7e12bc0 T usb_display_string
c7e12bf8 T usb_display_if_desc
c7e12c90 T usb_display_conf_desc
c7e12d40 T usb_display_config
c7e12dd4 T do_usb
c7e12fb8 T find_cmd
c7e13054 T do_echo
c7e130e0 T do_help
c7e13290 T do_version
c7e132b8 T do_exit
c7e132f0 T do_test
c7e13740 T do_setlcd
c7e138f8 t console_setfile
c7e139a0 T fgetc
c7e139d0 T ftstc
c7e13a00 T fputc
c7e13a34 T fputs
c7e13a68 T disable_ctrlc
c7e13a80 T had_ctrlc
c7e13a90 T clear_ctrlc
c7e13aa4 T dbg
c7e13ab0 T console_init_f
c7e13ac0 T console_assign
c7e13b5c T fprintf
c7e13ba4 T puts
c7e13bc0 T vprintf
c7e13bec T printf
c7e13c2c T console_init_r
c7e13dc4 T serial_printf
c7e13e04 T putc
c7e13e20 T tstc
c7e13e38 T getc
c7e13e50 T ctrlc
c7e13eb0 T devices_done
c7e13ed4 T device_register
c7e13f00 T devices_init
c7e13fac T malloc_bin_reloc
c7e13fe4 T malloc_usable_size
c7e14028 T mallopt
c7e1409c T malloc_trim
c7e14170 T free
c7e143c8 T cfree
c7e143cc T malloc
c7e149f0 T memalign
c7e14b0c T pvalloc
c7e14b24 T valloc
c7e14b30 T calloc
c7e14c18 T realloc
c7e15094 T env_get_char_memory
c7e150b4 T env_get_addr
c7e150d4 t env_get_char_init
c7e15100 T env_crc_update
c7e1512c T env_relocate
c7e151cc t nand_read
c7e151f8 t nand_write
c7e15224 T env_get_char_spec
c7e15230 T env_init
c7e1524c t use_default
c7e152e4 T env_relocate_spec
c7e15358 T saveenv
c7e15448 t dummy
c7e1544c T get_version
c7e15454 T jumptable_init
c7e1550c T flash_protect
c7e15618 T addr2info
c7e15620 T flash_perror
c7e15700 T flash_write
c7e15870 t b_reset
c7e1588c T simple_itoa
c7e158e8 t static_get
c7e15904 t static_peek
c7e15910 t file_peek
c7e1591c t setup_string_in_str
c7e15948 t is_assignment
c7e159a0 T mapset
c7e159c4 T u_boot_hush_start
c7e15a48 t file_get
c7e15bfc t xmalloc
c7e15c28 T new_pipe
c7e15c58 t syntax_err
c7e15c64 t free_pipe_list
c7e15d54 t b_free
c7e15d78 t xrealloc
c7e15da4 t done_command
c7e15e2c t done_pipe
c7e15e7c t initialize_context
c7e15ebc t b_addchr
c7e15f3c t b_addqchr
c7e15f98 T reserved_word
c7e160cc t done_word
c7e16248 t insert_var_value
c7e163fc t set_local_var
c7e165b4 T update_ifs_map
c7e16624 t parse_stream_outer
c7e16c0c T parse_file_outer
c7e16c54 T parse_string_outer
c7e16d1c t run_list_real
c7e17558 T GetHandleSize
c7e17560 T ListSetAllocationPolicy
c7e17574 T ListGetPtrToItem
c7e175a4 T ListGetDataPtr
c7e175b0 T ListGetItemSize
c7e175bc T ListNumItems
c7e175c8 T ListGetItems
c7e17610 T SetHandleSize
c7e1768c T ListInsertItems
c7e17850 T ListInsertItem
c7e17858 T DisposeHandle
c7e17878 T ListDispose
c7e1787c T NewHandle
c7e178d8 T ListCreate
c7e17938 t hex1_bin
c7e17970 t hex2_bin
c7e179ac T srec_decode
c7e17c08 T usb_disable_asynch
c7e17c20 T usb_maxpacket
c7e17c44 T usb_set_maxpacket
c7e17cf4 T usb_get_dev_index
c7e17d1c T usb_hub_reset
c7e17d30 T usb_hub_allocate
c7e17d7c T usb_alloc_new_device
c7e17e20 T usb_parse_config
c7e17fac T usb_submit_int_msg
c7e17fb0 T wait_ms
c7e17fd0 T usb_bulk_msg
c7e18038 T usb_control_msg
c7e18134 T usb_get_port_status
c7e18194 T usb_get_hub_status
c7e181ec T usb_set_port_feature
c7e1824c t usb_hub_power_on
c7e18290 T usb_clear_port_feature
c7e182f0 T usb_clear_hub_feature
c7e18348 T usb_get_hub_descriptor
c7e183a8 T usb_get_string
c7e18424 t usb_string_sub
c7e18530 T usb_string
c7e1862c T usb_get_class_descriptor
c7e1869c T usb_get_report
c7e1870c T usb_set_idle
c7e18770 T usb_set_protocol
c7e187d0 T usb_set_configuration
c7e18838 T usb_set_interface
c7e18904 T usb_set_address
c7e1894c T usb_get_descriptor
c7e189b8 T usb_get_configuration_no
c7e18a58 T usb_new_device
c7e18cf8 T usb_hub_port_connect_change
c7e18e60 T usb_hub_configure
c7e1909c T usb_hub_probe
c7e190fc T usb_scan_devices
c7e19160 T usb_clear_halt
c7e19204 T usb_init
c7e192a0 T usb_stop
c7e192d0 T parse_num
c7e19404 T xyzModem_error
c7e194a0 T xyzModem_stream_close
c7e194f4 T CYGACC_COMM_IF_PUTC
c7e194fc T CYGACC_COMM_IF_GETC_TIMEOUT
c7e19550 t xyzModem_flush
c7e19584 T xyzModem_stream_terminate
c7e19658 t xyzModem_get_hdr
c7e198fc T xyzModem_stream_read
c7e19b78 T xyzModem_stream_open
c7e19cd8 T do_usbd_dnw
c7e19dec T do_movi
c7e1a1a8 T cyg_crc16
c7e1a1f0 T crc32
c7e1a2f0 T crc32_no_comp
c7e1a3e8 T print_size
c7e1a488 T display_options
c7e1a4b0 T strcpy
c7e1a4c8 T strncpy
c7e1a4f0 T strcat
c7e1a51c T strncat
c7e1a568 T strcmp
c7e1a594 T strncmp
c7e1a5d8 T strchr
c7e1a604 T strlen
c7e1a624 T strrchr
c7e1a664 T strnlen
c7e1a68c T strspn
c7e1a6d0 T strpbrk
c7e1a710 T strtok
c7e1a79c T strsep
c7e1a7d8 T strswab
c7e1a824 T memset
c7e1a840 T bcopy
c7e1a86c T memcpy
c7e1a88c T memmove
c7e1a8d4 T memcmp
c7e1a910 T memscan
c7e1a934 T strstr
c7e1a9a0 T memchr
c7e1a9cc T strdup
c7e1aa08 T simple_strtoul
c7e1aac8 T simple_strtol
c7e1aafc t skip_atoi
c7e1ab38 t number
c7e1ada0 T panic
c7e1adf8 T vsprintf
c7e1b1f0 T sprintf
c7e1b220 t falloc
c7e1b244 t ffree
c7e1b248 t inflate_trees_free
c7e1b284 t huft_build
c7e1b894 t inflate_codes_new
c7e1b8ec t inflate_codes_free
c7e1b914 t inflate_blocks_reset
c7e1b9e0 T inflateEnd
c7e1ba80 T inflateReset
c7e1bae8 T inflateSync
c7e1bbf0 T inflateInit2
c7e1bd30 T inflateInit
c7e1bd38 T adler32
c7e1beb4 t inflate_flush
c7e1c030 T inflateIncomp
c7e1c160 T inflate
c7e1e0b0 T board_init
c7e1e100 T dram_init
c7e1e120 T virt_to_phy_smdk6410
c7e1e150 T checkboard
c7e1e170 T board_late_init
c7e1e208 t write_hword
c7e1e304 T write_buff
c7e1e48c T flash_print_info
c7e1e5ac T flash_erase
c7e1e7bc T flash_init
c7e1e808 t td_alloc
c7e1e848 t urb_free_priv
c7e1e884 T rh_check_port_status
c7e1e88c T submit_common_msg
c7e1e894 T submit_control_msg
c7e1e89c T submit_int_msg
c7e1e8a4 T usb_lowlevel_init
c7e1e8ac T usb_lowlevel_stop
c7e1e8b4 t td_fill
c7e1e964 T sohci_submit_job
c7e1eec8 T submit_bulk_msg
c7e1eed0 t s3c_nand_hwcontrol
c7e1ef48 t s3c_nand_device_ready
c7e1ef64 T board_nand_init
c7e1efe0 t s3c_nand_scan_bbt
c7e1efe4 T s3c_usb_core_soft_reset
c7e1f000 T s3c_usb_init_core
c7e1f01c T s3c_usb_check_current_mode
c7e1f030 T s3c_usb_set_soft_disconnect
c7e1f044 T s3c_usb_clear_soft_disconnect
c7e1f058 T s3c_usb_init_device
c7e1f098 T s3c_usbc_activate
c7e1f0a0 T s3c_usb_stop
c7e1f0a8 T s3c_usb_set_inep_xfersize
c7e1f0d4 T s3c_usb_set_outep_xfersize
c7e1f104 T s3c_usb_write_ep0_fifo
c7e1f158 T s3c_usb_write_in_fifo
c7e1f1ac T s3c_usb_read_out_fifo
c7e1f1fc T s3c_usb_get_desc
c7e1f3cc T s3c_usb_clear_feature
c7e1f460 T s3c_usb_set_feature
c7e1f5d8 T s3c_usb_get_status
c7e1f6a8 T s3c_usb_ep0_int_hndlr
c7e1f8e0 T s3c_usb_set_otherspeed_conf_desc
c7e1fa00 T s3c_usb_transfer_ep0
c7e206b0 T s3c_usb_int_bulkin
c7e2087c T s3c_usb_upload_start
c7e20aa8 T s3c_usb_download_start
c7e20cc4 T s3c_usb_dma_in_done
c7e20dd4 T s3c_usb_set_all_outep_nak
c7e20dfc T s3c_usb_clear_all_outep_nak
c7e20e24 T s3c_usb_set_max_pktsize
c7e20ed4 T s3c_usb_set_endpoint
c7e20f28 T s3c_usb_set_descriptors
c7e210c4 T s3c_usb_check_speed
c7e210dc T s3c_usb_clear_dnfile_info
c7e2111c T s3c_usb_clear_upfile_info
c7e2115c T s3c_usb_check_setconf
c7e2118c T s3c_usb_set_opmode
c7e2125c T s3c_usb_reset
c7e212c4 T s3c_usb_set_init
c7e21360 T s3c_usb_verify_checksum
c7e21430 T s3c_usb_download_continue
c7e215a4 T s3c_usb_int_bulkout
c7e215f4 T s3c_usb_pkt_receive
c7e21674 T s3c_usb_print_pkt
c7e216c0 T s3c_usb_dma_out_done
c7e217dc T s3c_usb_transfer
c7e21900 T s3c_udc_int_hndlr
c7e2199c T s3c_usb_wait_cable_insert
c7e219ec T s3c_usb_init_phy
c7e21a2c T s3c_usbctl_init
c7e21b60 t __fswab32
c7e21b80 T do_bootm_linux
c7e21f24 T flush_cache
c7e21f28 t downcase
c7e21f50 T disk_read
c7e21fb0 t dirdelim
c7e21fe4 t compare_sign
c7e22014 t get_fatent
c7e2218c t slot2str
c7e22258 t mkcksum
c7e2228c t read_bootsectandvi
c7e2237c T file_fat_detectfs
c7e224c8 t get_cluster
c7e22570 t get_vfatname
c7e22700 t get_name
c7e227c4 T do_fat_read
c7e23100 T file_fat_read
c7e23138 T file_fat_ls
c7e23148 T fat_register_device
c7e23254 T print_part
c7e23318 T dev_print
c7e234bc T get_partition_info
c7e234e8 T init_part
c7e23504 t le32_to_int
c7e2352c t is_extended
c7e2354c T test_part_dos
c7e235a0 t get_partition_info_extended
c7e237c0 T get_partition_info_dos
c7e237e8 t print_partition_extended
c7e239b8 T print_part_dos
c7e239e4 T GregorianDay
c7e23ad8 T to_tm
c7e23be8 T mktime
c7e23c7c t SetRTC_Access
c7e23cb8 t bcd2bin
c7e23ccc t bin2bcd
c7e23d04 T rtc_set
c7e23da4 T rtc_get
c7e23e98 T rtc_reset
c7e23ec0 t nand_block_bad_scrub
c7e23ec8 T nand_lock
c7e23f1c T nand_unlock
c7e24034 T nand_get_lock_status
c7e240c0 T nand_read_opts
c7e24488 T nand_write_opts
c7e249ec T nand_erase_opts
c7e24d58 T __div64_32
c7e24e78 T __aeabi_uidiv
c7e24e78 T __udivsi3
c7e24f74 T __aeabi_uidivmod
c7e24f8c T __aeabi_idiv
c7e24f8c T __divsi3
c7e250b8 T __aeabi_idivmod
c7e250d0 T __aeabi_lasr
c7e250d0 T __ashrdi3
c7e250ec T __aeabi_llsl
c7e250ec T __ashldi3
c7e25300 r C.7.2543
c7e25380 R version_string
c7e253cc r default_nand_name
c7e253d4 r __FUNCTION__.4390
c7e253e4 r __FUNCTION__.3928
c7e253f4 r __FUNCTION__.3425
c7e25406 r C.21.3068
c7e25408 r __FUNCTION__.2904
c7e2541c r nand_ecc_precalc_table
c7e2561c r C.9.2256
c7e25634 r baudrate_table
c7e25648 r crc16_tab
c7e25848 r crc_table
c7e25c48 r border
c7e25c94 r inflate_mask
c7e25cd8 R string_desc0
c7e25cdc R string_desc1
c7e25cf2 R string_desc2
c7e25d1e R qualifier_desc
c7e25d28 R config_full
c7e25d31 R config_full_total
c7e25d51 R config_high
c7e25d5a R config_high_total
c7e25d7c r C.7.2206
c7e2d210 D init_sequence
c7e2d244 D NetBcastAddr
c7e2d24a D NetOurVLAN
c7e2d24c D NetOurNativeVLAN
c7e2d250 d nfs_offset
c7e2d254 D nand_curr_device
c7e2d258 d nand_oob_8
c7e2d4a8 d nand_oob_16
c7e2d6f8 d nand_oob_64
c7e2d948 d nand_oob_128
c7e2db98 D nand_flash_ids
c7e2e138 D nand_manuf_ids
c7e2e178 d bbt_main_descr
c7e2e19c d bbt_mirror_descr
c7e2e1c0 d agand_flashbased
c7e2e1e4 d largepage_flashbased
c7e2e208 d smallpage_flashbased
c7e2e22c d largepage_memorybased
c7e2e250 d smallpage_memorybased
c7e2e274 d bbt_pattern
c7e2e278 d mirror_pattern
c7e2e27c d scan_agand_pattern
c7e2e282 d scan_ff_pattern
c7e2e284 d hist_cur
c7e2e288 D load_addr
c7e2e28c D weekdays
c7e2e2a8 D op_table
c7e2e310 d do_echo
c7e2e314 D dp_last_length
c7e2e318 D stdio_names
c7e2e324 d trim_threshold
c7e2e328 d mmap_threshold
c7e2e32c d av_
c7e2e734 d sbrk_base
c7e2e738 D env_get_char
c7e2e73c D default_environment
c7e2e88c D default_environment_size
c7e2e890 D env_name_spec
c7e2e894 d reserved_list
c7e2e918 D _ctype
c7e2ea18 D zlib_version
c7e2ea1c D z_errmsg
c7e2ea3c d cplens
c7e2eab8 d cplext
c7e2eb34 d cpdist
c7e2ebac d cpdext
c7e2ec24 d fixed_left
c7e2ec28 D test_pkt
c7e2ec60 d cur_part
c7e2ec64 d month_days
c7e2ec94 d autoplace_oobinfo
c7e2eee4 d jffs2_oobinfo
c7e2f134 d yaffs_oobinfo
c7e2f384 A __u_boot_cmd_start
c7e2f384 D __u_boot_cmd_bdinfo
c7e2f39c D __u_boot_cmd_go
c7e2f3b4 D __u_boot_cmd_reset
c7e2f3cc D __u_boot_cmd_bootm
c7e2f3e4 D __u_boot_cmd_imls
c7e2f3fc D __u_boot_cmd_icache
c7e2f414 D __u_boot_cmd_dcache
c7e2f42c D __u_boot_cmd_branch
c7e2f444 D __u_boot_cmd_date
c7e2f45c D __u_boot_cmd_bootelf
c7e2f474 D __u_boot_cmd_bootvx
c7e2f48c D __u_boot_cmd_fatload
c7e2f4a4 D __u_boot_cmd_fatls
c7e2f4bc D __u_boot_cmd_fatinfo
c7e2f4d4 D __u_boot_cmd_flinfo
c7e2f4ec D __u_boot_cmd_erase
c7e2f504 D __u_boot_cmd_protect
c7e2f51c D __u_boot_cmd_itest
c7e2f534 D __u_boot_cmd_loads
c7e2f54c D __u_boot_cmd_loadb
c7e2f564 D __u_boot_cmd_loady
c7e2f57c D __u_boot_cmd_md
c7e2f594 D __u_boot_cmd_mm
c7e2f5ac D __u_boot_cmd_nm
c7e2f5c4 D __u_boot_cmd_mw
c7e2f5dc D __u_boot_cmd_cp
c7e2f5f4 D __u_boot_cmd_cmp
c7e2f60c D __u_boot_cmd_crc32
c7e2f624 D __u_boot_cmd_base
c7e2f63c D __u_boot_cmd_loop
c7e2f654 D __u_boot_cmd_mtest
c7e2f66c D __u_boot_cmd_sleep
c7e2f684 D __u_boot_cmd_nand
c7e2f69c D __u_boot_cmd_nboot
c7e2f6b4 D __u_boot_cmd_bootp
c7e2f6cc D __u_boot_cmd_tftpboot
c7e2f6e4 D __u_boot_cmd_rarpboot
c7e2f6fc D __u_boot_cmd_nfs
c7e2f714 D __u_boot_cmd_ping
c7e2f72c D __u_boot_cmd_printenv
c7e2f744 D __u_boot_cmd_setenv
c7e2f75c D __u_boot_cmd_saveenv
c7e2f774 D __u_boot_cmd_usb
c7e2f78c D __u_boot_cmd_version
c7e2f7a4 D __u_boot_cmd_setlcd
c7e2f7bc D __u_boot_cmd_echo
c7e2f7d4 D __u_boot_cmd_test
c7e2f7ec D __u_boot_cmd_exit
c7e2f804 D __u_boot_cmd_help
c7e2f81c D __u_boot_cmd_question_mark
c7e2f834 D __u_boot_cmd_dnw
c7e2f84c D __u_boot_cmd_movi
c7e2f864 A __u_boot_cmd_end
c7e30000 R mmu_table
c7e34000 A __bss_start
c7e34000 B movi_hc
c7e34004 B timer_load_val
c7e34008 b timestamp
c7e3400c b lastdec
c7e34010 B movi_ch
c7e34014 b BlockNum_HSMMC
c7e34018 b WriteBlockCnt_INT
c7e3401c b HS_DMA_END
c7e34020 b BufferBoundary_INT_Cnt
c7e34024 b CompareCnt_INT
c7e34028 b COMPARE_INT_DONE
c7e3402c b rca
c7e34030 b ocr_check
c7e34034 b ReadBlockCnt_INT
c7e34038 b mmc_card
c7e3403c b card_mid
c7e34040 b regs
c7e34044 b Tx_buffer_HSMMC
c7e34048 b Rx_buffer_HSMMC
c7e3404c b Compare_buffer_HSMMC
c7e34050 b rd_cnt_HSMMC
c7e34054 b wt_cnt_HSMMC
c7e34058 b mmc_spec
c7e3405c b sd_spec
c7e34060 b HCLK
c7e34064 b mmc_dev
c7e340c8 B monitor_flash_len
c7e340cc b mem_malloc_start
c7e340d0 b mem_malloc_end
c7e340d4 b mem_malloc_brk
c7e340d8 B NetOurSubnetMask
c7e340dc B NetOurGatewayIP
c7e340e0 B NetOurDNSIP
c7e340e4 B NetOurNISDomain
c7e34104 B NetOurHostName
c7e34124 B NetOurRootPath
c7e34164 B NetBootFileSize
c7e34166 B NetServerEther
c7e3416c B NetEtherNullAddr
c7e34174 B NetTxPacket
c7e34178 B NetBootFileXferSize
c7e3417c B NetOurEther
c7e34184 B NetOurIP
c7e34188 B NetServerIP
c7e3418c B NetRxPackets
c7e3419c B NetRxPkt
c7e341a0 B NetRxPktLen
c7e341a4 B NetIPID
c7e341a8 B NetState
c7e341ac B BootFile
c7e3422c B NetPingIP
c7e34230 B PktBuf
c7e36050 B NetArpWaitPacketIP
c7e36054 B NetArpWaitReplyIP
c7e36058 B NetArpWaitPacketMAC
c7e3605c B NetArpWaitTxPacket
c7e36060 B NetArpWaitTxPacketSize
c7e36064 B NetArpWaitPacketBuf
c7e36684 B NetArpWaitTimerStart
c7e36688 B NetArpWaitTry
c7e3668c b mac.2849
c7e36694 b packetHandler
c7e36698 b timeHandler
c7e3669c b timeStart
c7e366a0 b timeDelta
c7e366a4 b PingSeqNo
c7e366a8 b TftpServerPort
c7e366ac b TftpOurPort
c7e366b0 b TftpTimeoutCount
c7e366b4 b TftpBlock
c7e366b8 b TftpLastBlock
c7e366bc b TftpBlockWrap
c7e366c0 b TftpBlockWrapOffset
c7e366c4 b TftpState
c7e366c8 b default_filename
c7e366d8 b tftp_filename
c7e366dc B BootpID
c7e366e0 B BootpTry
c7e366e4 B RarpTry
c7e366e8 b rpc_id
c7e366ec b fs_mounted
c7e366f0 b nfs_len
c7e366f4 b dirfh
c7e36714 b filefh
c7e36734 b NfsDownloadState
c7e36738 b NfsServerIP
c7e3673c b NfsSrvMountPort
c7e36740 b NfsSrvNfsPort
c7e36744 b NfsOurPort
c7e36748 b NfsTimeoutCount
c7e3674c b NfsState
c7e36750 b default_filename
c7e36790 b nfs_filename
c7e36794 b nfs_path
c7e36798 b nfs_path_buff
c7e36f98 B dmfe_info
c7e37038 b nfloor
c7e3703c B nand_info
c7e370f0 b nand_chip
c7e371f4 B hist_num
c7e371f8 B console_buffer
c7e372f8 B hist_list
c7e37348 B hist_lines
c7e38748 b initted.2511
c7e3874c b hist_max
c7e38750 b hist_add_idx
c7e38754 B header
c7e38794 B os_data_count
c7e38798 B os_data_header
c7e387b8 B his_eol
c7e387bc B his_pad_count
c7e387c0 B his_pad_char
c7e387c1 B his_quote
c7e387c4 B os_data_init
c7e387c8 B os_data_char
c7e387cc B send_parms
c7e387e0 B send_ptr
c7e387e4 b a_b
c7e387fc b os_data_state
c7e38800 b os_data_state_saved
c7e38804 b os_data_count_saved
c7e38808 b os_data_addr
c7e3880c b os_data_addr_saved
c7e38810 b bin_start_address
c7e38814 b k_data_escape
c7e38818 b k_data_escape_saved
c7e3881c B dp_last_addr
c7e38820 B dp_last_size
c7e38824 B mm_last_addr
c7e38828 B mm_last_size
c7e3882c b base_address
c7e38830 b ctrlc_was_pressed
c7e38834 b ctrlc_disabled
c7e38838 B devlist
c7e3883c B stdio_devices
c7e38848 b top_pad
c7e3884c b n_mmaps_max
c7e38850 b current_mallinfo
c7e38878 b max_sbrked_mem
c7e3887c b max_total_mem
c7e38880 B env_ptr
c7e38884 B last_return_code
c7e38888 B nesting_level
c7e3888c b top_vars
c7e38890 b flag_repeat
c7e38894 b do_repeat
c7e38898 b the_command.2487
c7e38998 b buf.2932
c7e389c0 b local.2460
c7e389d8 b ifs
c7e389dc b map
c7e38adc B usb_started
c7e38ae0 b usb_dev
c7e45360 b dev_index
c7e45364 b running
c7e45368 b asynch_allowed
c7e4536c b setup_packet
c7e45374 b hub_dev
c7e45474 b usb_hub_index
c7e45478 b xyz
c7e458b4 B ofsinfo
c7e458cc B ___strtok
c7e458d0 b fixed_lock
c7e458d4 b fixed_built
c7e458d8 b fixed_mem
c7e46968 b fixed_bl
c7e4696c b fixed_bd
c7e46970 b fixed_tl
c7e46974 b fixed_td
c7e46978 B flash_info
c7e46a00 B gtd
c7e47a40 B ptd
c7e47b00 B ghcca
c7e47c00 B phcca
c7e47c10 B ohci_dev
c7e47da0 B urb_priv
c7e47e74 B got_rhsc
c7e47e78 B devgone
c7e47e7c b gohci
c7e48000 B boot_nand
c7e48004 B cur_ecc_mode
c7e48008 B nand_type
c7e4800c B s3c_receive_done
c7e48010 B s3c_got_header
c7e48014 B op_mode
c7e48018 B speed
c7e4801c B s3c_usbd_dn_addr
c7e48020 B DNW
c7e48024 B remode_wakeup
c7e48028 B config_value
c7e4802a B otg
c7e480ae B get_status
c7e480b3 B get_intf
c7e480b4 b params
c7e480b8 B get_vfatname_block
c7e580b8 B get_dentfromdir_block
c7e680b8 B do_fat_read_block
c7e780b8 b cur_dev
c7e780bc b part_offset
c7e780c0 b none_oobinfo
c7e78310 b data_buf
c7e78b10 b oob_buf
c7e78b50 A _end
