c7e00000 T _start
c7e00020 t _undefined_instruction
c7e00024 t _software_interrupt
c7e00028 t _prefetch_abort
c7e0002c t _data_abort
c7e00030 t _not_used
c7e00034 t _irq
c7e00038 t _fiq
c7e0003c t _pad
c7e00040 T _end_vect
c7e00040 t _TEXT_BASE
c7e00044 t _TEXT_PHY_BASE
c7e00048 T _armboot_start
c7e0004c T _bss_start
c7e00050 T _bss_end
c7e00054 t reset
c7e00064 t cpu_init_crit
c7e000b8 t after_copy
c7e000b8 t enable_mmu
c7e000d8 t mmu_on
c7e000f4 t skip_hw_init
c7e000f4 t stack_setup
c7e000f8 t clear_bss
c7e00104 t clbss_l
c7e00118 t _start_armboot
c7e0011c t _mmu_table_base
c7e00120 T copy_from_nand
c7e0016c t copy_failed
c7e00174 t compare_failed
c7e0017c T theLastJump
c7e00198 t phy_last_jump
c7e001c0 t undefined_instruction
c7e00220 t software_interrupt
c7e00280 t prefetch_abort
c7e002e0 t data_abort
c7e00340 t not_used
c7e003a0 t irq
c7e00400 t fiq
c7e00460 T arm1136_cache_flush
c7e00480 T mem_ctrl_asm_init
c7e0057c t check_dmc1_ready
c7e00598 T cleanDCache
c7e005a4 T cleanFlushDCache
c7e005b0 T cleanFlushCache
c7e005dc t nandll_read_page
c7e0069c T copy_uboot_to_ram
c7e007a4 T raise
c7e007a8 T __aeabi_ldiv0
c7e007ac T __div0
c7e007b0 t _TEXT_BASE
c7e007b4 T lowlevel_init
c7e00894 t wakeup_reset
c7e008c0 t system_clock_init
c7e008e8 t wait_for_async
c7e00990 t uart_asm_init
c7e009e0 t nand_asm_init
c7e00a68 t READ_TIMER
c7e00a80 T enable_interrupts
c7e00a84 T disable_interrupts
c7e00a8c T set_timer
c7e00a9c T reset_timer_masked
c7e00abc T reset_timer
c7e00ac0 T get_timer_masked
c7e00b08 T get_timer
c7e00b1c T udelay
c7e00b90 T udelay_masked
c7e00c04 T get_ticks
c7e00c18 T get_tbclk
c7e00c30 T interrupt_init
c7e00cac T show_regs
c7e00dec T bad_mode
c7e00e08 T do_irq
c7e00e2c T do_fiq
c7e00e50 T do_not_used
c7e00e74 T do_data_abort
c7e00e98 T do_prefetch_abort
c7e00ebc T do_software_interrupt
c7e00ee0 T do_undefined_instruction
c7e00f04 t read_p15_c1
c7e00f0c t write_p15_c1
c7e00f14 t cp_delay
c7e00f40 T cpu_init
c7e00f48 T icache_enable
c7e00f64 T icache_disable
c7e00f80 T icache_status
c7e00f94 T dcache_enable
c7e00fb0 T dcache_disable
c7e00fcc T dcache_status
c7e00fe0 T branch_enable
c7e00ffc T branch_disable
c7e01018 T branch_status
c7e0102c T cleanup_before_linux
c7e01058 T reset_cpu
c7e01090 T do_reset
c7e010a8 t S3C64XX_GetBase_UART
c7e010b8 T serial_setbrg
c7e010bc T serial_init
c7e010cc T serial_getc
c7e010ec T serial_putc
c7e0111c T serial_tstc
c7e01134 T serial_puts
c7e0115c t get_PLLCLK
c7e011c8 T get_UCLK
c7e011d0 T get_FCLK
c7e011d8 T get_PCLK
c7e0122c T get_HCLK
c7e01280 T get_ARMCLK
c7e012a8 T print_cpuinfo
c7e013b0 T sbrk
c7e013e4 T hang
c7e013f4 t display_dram_config
c7e01424 t display_banner
c7e01444 t init_baudrate
c7e014a4 T start_armboot
c7e01688 t __fswab16
c7e0169c t __fswab32
c7e016bc t startAgainTimeout
c7e016d0 t startAgainHandler
c7e016d4 T NetSetHandler
c7e016e4 T NetCksum
c7e0172c T NetCksumOk
c7e01750 T copy_filename
c7e017a8 T string_to_VLAN
c7e017f4 T getenv_VLAN
c7e01804 T string_to_ip
c7e0186c T getenv_IPaddr
c7e0187c T NetEthHdrSize
c7e018c0 T VLAN_to_string
c7e01918 T ip_to_string
c7e01958 T print_IPaddr
c7e01974 t NetCopyIP
c7e0197c T NetSetIP
c7e01a7c T NetSetEther
c7e01b30 t NetReadIP
c7e01b4c t PingHandler
c7e01b74 t NetWriteIP
c7e01b90 T NetSendPacket
c7e01b94 T ArpRequest
c7e01c80 T NetReceive
c7e02150 T PingSend
c7e0228c T NetSetTimeout
c7e022bc T NetSendUDPPacket
c7e023f8 T NetStartAgain
c7e02474 T ArpTimeoutCheck
c7e024e8 t PingTimeout
c7e02504 T NetLoop
c7e028f0 t __fswab16
c7e02904 t TftpSend
c7e02a64 T TftpStart
c7e02c58 t TftpTimeout
c7e02cb4 t TftpHandler
c7e02eec t __fswab16
c7e02f00 t __fswab32
c7e02f20 t truncate_sz
c7e02f54 t NetWriteIP
c7e02f70 t NetCopyIP
c7e02f78 t NetReadLong
c7e02f94 T BootpRequest
c7e03198 t BootpHandler
c7e034c8 t BootpTimeout
c7e03510 T RarpRequest
c7e03618 t RarpHandler
c7e03674 t RarpTimeout
c7e036bc T eth_initialize
c7e036c4 t __fswab32
c7e036e4 t NfsTimeout
c7e03708 t basename
c7e03744 t dirname
c7e03760 t rpc_add_credentials
c7e03838 t rpc_lookup_reply
c7e038d8 t nfs_mount_reply
c7e03974 t nfs_umountall_reply
c7e039f4 t nfs_lookup_reply
c7e03a88 t rpc_req
c7e03b94 t rpc_lookup_req
c7e03bf8 t nfs_mount_req
c7e03c88 t nfs_umountall_req
c7e03ce0 t nfs_lookup_req
c7e03d84 t nfs_read_req
c7e03e04 t nfs_readlink_req
c7e03e5c t NfsSend
c7e03ef0 T NfsStart
c7e04124 t nfs_readlink_reply
c7e0421c t nfs_read_reply
c7e04360 t NfsHandler
c7e04548 t DM9000_ior
c7e0455c t DM9000_iow
c7e04570 t dm9000_reset
c7e0458c T eth_rx
c7e046d0 t phy_write
c7e04728 T eth_halt
c7e04760 t phy_read
c7e047b8 T eth_send
c7e04874 T eth_init
c7e04d34 T nand_init
c7e04dd0 t generic_ffs
c7e04e28 t nand_release_device
c7e04e40 t nand_read_byte
c7e04e50 t nand_read_byte16
c7e04e64 t nand_read_word
c7e04e74 t nand_write_buf
c7e04ea8 t nand_read_buf
c7e04ed0 t nand_verify_buf
c7e04f18 t nand_write_buf16
c7e04f50 t nand_read_buf16
c7e04f88 t nand_verify_buf16
c7e04fd4 t nand_block_bad
c7e050f0 t nand_check_wp
c7e0512c T nand_wait_ready
c7e05140 t nand_read_page_raw
c7e05178 t nand_read_page_swecc
c7e05290 t nand_read_page_hwecc
c7e053c0 t nand_read_page_syndrome
c7e054e4 t nand_read_oob_std
c7e05528 t nand_read_oob_syndrome
c7e05638 t nand_write_oob_std
c7e056a8 t nand_write_oob_syndrome
c7e05860 t nand_write_page_raw
c7e05894 t nand_write_page_swecc
c7e05938 t nand_write_page_hwecc
c7e05a04 t nand_write_page_syndrome
c7e05af4 t single_erase_cmd
c7e05b30 t multi_erase_cmd
c7e05bbc t nand_sync
c7e05bc0 t nand_suspend
c7e05bc8 T nand_release
c7e05bf0 t nand_resume
c7e05c10 T nand_scan_ident
c7e060dc T nand_scan_tail
c7e065c0 T nand_scan
c7e065e0 t nand_select_chip
c7e0663c t nand_block_isbad
c7e0669c t nand_block_markbad
c7e066d8 t nand_fill_oob
c7e067ec t nand_do_write_oob
c7e068f4 t nand_do_write_ops
c7e06c14 t nand_write_oob
c7e06cc4 t nand_write
c7e06d5c t nand_transfer_oob
c7e06e70 t nand_command
c7e0702c t nand_command_lp
c7e07274 t nand_do_read_ops
c7e07630 t nand_read_oob
c7e077f4 T nand_read
c7e0788c t nand_write_page
c7e07978 t nand_default_block_markbad
c7e07a50 T nand_erase_nand
c7e07ce8 t nand_erase
c7e07cf0 t nand_wait
c7e07dc4 T nand_calculate_ecc
c7e07ebc T nand_correct_data
c7e07fe8 t check_pattern
c7e080a0 t scan_read_raw
c7e080ec t search_bbt
c7e08284 T nand_isbad_bbt
c7e082d4 t create_bbt
c7e085dc t read_bbt
c7e087e4 t read_abs_bbt
c7e088b0 t write_bbt
c7e08eec T nand_update_bbt
c7e09044 t mark_bbt_region
c7e091b0 T nand_scan_bbt
c7e09624 T nand_default_bbt
c7e096e8 T run_command
c7e09b20 t cread_add_char
c7e09c10 t cread_add_str
c7e09c60 T readline
c7e0a2f8 T main_loop
c7e0a418 t print_num
c7e0a42c T do_bdinfo
c7e0a500 T do_go
c7e0a580 t __fswab32
c7e0a5a0 t do_imls
c7e0a5a8 T gunzip
c7e0a700 t zfree
c7e0a708 t zalloc
c7e0a718 T print_image_hdr
c7e0ab14 T do_bootm
c7e0b14c t on_off
c7e0b188 T do_branch
c7e0b20c T do_dcache
c7e0b290 T do_icache
c7e0b314 t cnvrt2
c7e0b358 T mk_date
c7e0b528 T do_date
c7e0b63c T valid_elf_image
c7e0b6b0 T load_elf_image
c7e0b7b8 T do_bootvx
c7e0b934 T do_bootelf
c7e0b9d8 t flash_fill_sect_ranges
c7e0b9e8 T flash_sect_protect
c7e0ba7c T flash_sect_erase
c7e0baec t addr_spec
c7e0bba8 T do_flinfo
c7e0bbe0 t abbrev_spec
c7e0bc18 T do_protect
c7e0bde4 T do_flerase
c7e0bf30 t evalstr
c7e0bf4c t evalexp
c7e0bf98 T binary_test
c7e0c178 T do_itest
c7e0c220 T ktrans
c7e0c240 T chk1
c7e0c270 t bin_data_init
c7e0c28c t bin_data_char
c7e0c2bc T k_data_init
c7e0c2dc T k_data_save
c7e0c304 T k_data_restore
c7e0c32c T k_data_char
c7e0c37c T send_pad
c7e0c3ac T s1_sendpacket
c7e0c3d8 T handle_send_packet
c7e0c59c T send_nack
c7e0c5fc T send_ack
c7e0c65c t load_serial_ymodem
c7e0c79c t getcxmodem
c7e0c7bc T do_load_serial_bin
c7e0cc20 t load_serial
c7e0ce4c T do_load_serial
c7e0cf2c T do_mem_base
c7e0cf70 T do_mem_crc
c7e0d028 T do_mem_mtest
c7e0d154 T cmd_get_data_size
c7e0d1cc T do_mem_loop
c7e0d2d0 T do_mem_cp
c7e0d400 T do_mem_cmp
c7e0d5a4 T do_mem_mw
c7e0d678 t mod_mem
c7e0d7d4 T do_mem_nm
c7e0d7f4 T do_mem_mm
c7e0d814 T do_mem_md
c7e0d9f0 T do_sleep
c7e0da80 t __fswab32
c7e0daa0 t nand_read
c7e0dac8 t str2long
c7e0db04 t arg_off_size
c7e0dbe0 T do_nandboot
c7e0de14 T do_nand
c7e0e9f4 T do_ping
c7e0ea7c t netboot_common
c7e0ed38 T do_nfs
c7e0ed44 T do_rarpb
c7e0ed50 T do_tftpb
c7e0ed5c T do_bootp
c7e0ed68 t envmatch
c7e0edd8 T getenv_r
c7e0ee98 T do_saveenv
c7e0eec4 T getenv
c7e0ef40 T _do_setenv
c7e0f3d8 T do_setenv
c7e0f418 T setenv
c7e0f44c T do_printenv
c7e0f5f0 T usb_get_class_desc
c7e0f698 T usb_display_ep_desc
c7e0f76c T usb_display_class_sub
c7e0f8e0 T usb_show_tree_graph
c7e0faf8 T usb_show_tree
c7e0fb2c T usb_display_desc
c7e0fc5c T usb_display_string
c7e0fc94 T usb_display_if_desc
c7e0fd1c T usb_display_conf_desc
c7e0fdc8 T usb_display_config
c7e0fe58 T do_usb
c7e10034 T find_cmd
c7e100c8 T do_echo
c7e10148 T do_help
c7e102f4 T do_version
c7e10314 T do_exit
c7e10344 T do_test
c7e107c0 T do_setlcd
c7e1096c t console_setfile
c7e10a0c T fgetc
c7e10a34 T ftstc
c7e10a5c T fputc
c7e10a88 T fputs
c7e10ab4 T disable_ctrlc
c7e10acc T had_ctrlc
c7e10adc T clear_ctrlc
c7e10af0 T dbg
c7e10afc T console_init_f
c7e10b0c T console_assign
c7e10b9c T fprintf
c7e10be4 T puts
c7e10c00 T vprintf
c7e10c2c T printf
c7e10c6c T console_init_r
c7e10e10 T serial_printf
c7e10e50 T putc
c7e10e6c T tstc
c7e10e84 T getc
c7e10e9c T ctrlc
c7e10eec T devices_done
c7e10f08 T device_register
c7e10f2c T devices_init
c7e10fec T malloc_bin_reloc
c7e11024 T malloc_usable_size
c7e11068 T mallopt
c7e110e0 T malloc_trim
c7e111ac T free
c7e113d8 T cfree
c7e113dc T malloc
c7e119bc T memalign
c7e11acc T pvalloc
c7e11ae4 T valloc
c7e11af0 T calloc
c7e11bd0 T realloc
c7e1204c T env_get_char_memory
c7e1206c T env_get_addr
c7e1208c t env_get_char_init
c7e120ac T env_crc_update
c7e120d8 T env_relocate
c7e1216c T env_get_char_spec
c7e12178 T env_init
c7e12194 T saveenv
c7e12254 t use_default
c7e122e0 T env_relocate_spec
c7e12368 t dummy
c7e1236c T get_version
c7e12374 T jumptable_init
c7e1242c T flash_protect
c7e12528 T addr2info
c7e12530 T flash_write
c7e12540 T flash_perror
c7e12620 t b_reset
c7e1263c T simple_itoa
c7e12690 t static_get
c7e126ac t static_peek
c7e126b8 t file_peek
c7e126c4 t setup_string_in_str
c7e126f0 t indenter
c7e12700 t is_assignment
c7e1275c T mapset
c7e12788 T u_boot_hush_start
c7e12810 t file_get
c7e129e0 t syntax_err
c7e129ec t xmalloc
c7e12a0c T new_pipe
c7e12a34 t free_pipe_list
c7e12b20 t b_free
c7e12b44 t xrealloc
c7e12b64 t done_command
c7e12bec t initialize_context
c7e12c24 t done_pipe
c7e12c74 t b_addchr
c7e12cf0 t b_addqchr
c7e12d3c T reserved_word
c7e12e74 t done_word
c7e12ff8 t insert_var_value
c7e131a8 t set_local_var
c7e13358 T update_ifs_map
c7e133c8 t parse_stream_outer
c7e139a8 T parse_file_outer
c7e139ec T parse_string_outer
c7e13ab4 t run_list_real
c7e14260 T GetHandleSize
c7e14268 T ListSetAllocationPolicy
c7e1427c T ListGetPtrToItem
c7e142b4 T ListGetDataPtr
c7e142c0 T ListGetItemSize
c7e142cc T ListNumItems
c7e142d8 T ListGetItems
c7e14320 T SetHandleSize
c7e1439c T ListInsertItems
c7e1456c T ListInsertItem
c7e14574 T DisposeHandle
c7e14594 T ListDispose
c7e14598 T NewHandle
c7e145f4 T ListCreate
c7e14654 t hex1_bin
c7e1468c t hex2_bin
c7e146c0 T srec_decode
c7e14930 T usb_disable_asynch
c7e14948 T usb_maxpacket
c7e1496c T usb_set_maxpacket
c7e14a78 T usb_get_dev_index
c7e14aa8 T usb_hub_reset
c7e14abc T usb_hub_allocate
c7e14b04 T usb_alloc_new_device
c7e14ba0 T usb_parse_config
c7e14d34 T usb_submit_int_msg
c7e14d38 T usb_stop
c7e14d68 T wait_ms
c7e14d8c T usb_bulk_msg
c7e14df0 T usb_control_msg
c7e14ef0 T usb_get_port_status
c7e14f50 T usb_get_hub_status
c7e14fa4 T usb_set_port_feature
c7e15004 T usb_clear_port_feature
c7e15064 T usb_clear_hub_feature
c7e150b8 T usb_get_hub_descriptor
c7e15114 T usb_get_string
c7e151a0 t usb_string_sub
c7e152a4 T usb_string
c7e153a4 T usb_get_class_descriptor
c7e15414 T usb_get_report
c7e15484 T usb_set_idle
c7e154e8 T usb_set_protocol
c7e15548 T usb_set_configuration
c7e155b0 T usb_set_interface
c7e1567c T usb_set_address
c7e156c0 T usb_get_descriptor
c7e1572c T usb_get_configuration_no
c7e157d4 T usb_clear_halt
c7e15888 t usb_hub_power_on
c7e158cc T usb_hub_port_connect_change
c7e15a28 T usb_hub_configure
c7e15c68 T usb_hub_probe
c7e15cc8 T usb_new_device
c7e15f58 T usb_scan_devices
c7e15fbc T usb_init
c7e16038 T parse_num
c7e16160 T xyzModem_error
c7e161fc T xyzModem_stream_close
c7e16248 T CYGACC_COMM_IF_PUTC
c7e16250 T CYGACC_COMM_IF_GETC_TIMEOUT
c7e162a4 t xyzModem_flush
c7e162cc T xyzModem_stream_terminate
c7e163a0 t xyzModem_get_hdr
c7e16624 T xyzModem_stream_read
c7e168b0 T xyzModem_stream_open
c7e16a10 T do_usbd_dnw
c7e16b24 T cyg_crc16
c7e16b6c T crc32
c7e16c80 T crc32_no_comp
c7e16d8c T print_size
c7e16e2c T display_options
c7e16e4c T strcpy
c7e16e68 T strncpy
c7e16e90 T strcat
c7e16ec4 T strncat
c7e16f28 T strcmp
c7e16f60 T strncmp
c7e16fb0 T strchr
c7e16fdc T strlen
c7e16ffc T strrchr
c7e17034 T strnlen
c7e1705c T strspn
c7e170a0 T strpbrk
c7e170e0 T strtok
c7e17160 T strsep
c7e17194 T strswab
c7e171e0 T memset
c7e17200 T bcopy
c7e1722c T memcpy
c7e17250 T memmove
c7e172ac T memcmp
c7e172ec T memscan
c7e1731c T strstr
c7e17380 T memchr
c7e173b0 T strdup
c7e173e4 T simple_strtoul
c7e1749c T simple_strtol
c7e174c4 t skip_atoi
c7e174fc t number
c7e17768 T panic
c7e177b8 T vsprintf
c7e17bbc T sprintf
c7e17be4 t falloc
c7e17c08 t ffree
c7e17c0c t inflate_trees_free
c7e17c40 t huft_build
c7e18208 t inflate_trees_fixed
c7e18404 t inflate_codes_new
c7e18454 t inflate_codes_free
c7e18474 t inflate_blocks_reset
c7e1853c T inflateEnd
c7e185d4 T inflateReset
c7e18634 T inflateSync
c7e18734 T inflateInit2
c7e18878 T inflateInit
c7e18880 T adler32
c7e189f8 T inflateIncomp
c7e18b24 t inflate_flush
c7e18c98 T inflate
c7e1a978 T board_init
c7e1a9c8 T dram_init
c7e1a9e8 T virt_to_phy_smdk6410
c7e1aa18 T checkboard
c7e1aa30 T board_late_init
c7e1aac8 t write_hword
c7e1abc0 T write_buff
c7e1ad34 T flash_print_info
c7e1ae48 T flash_erase
c7e1b04c T flash_init
c7e1b098 t IsACK
c7e1b0b0 t ReadWriteByte
c7e1b0c8 t WaitForXfer
c7e1b114 t i2c_transfer
c7e1b400 T i2c_write
c7e1b490 T I2CWrite
c7e1b4bc T i2c_read
c7e1b554 T I2CRead
c7e1b590 T vga_init
c7e1b808 T i2c_probe
c7e1b844 T i2c_init
c7e1b918 t td_alloc
c7e1b958 t urb_free_priv
c7e1b990 T rh_check_port_status
c7e1b998 T submit_common_msg
c7e1b9a0 T submit_bulk_msg
c7e1b9a8 T submit_control_msg
c7e1b9b0 T submit_int_msg
c7e1b9b8 T usb_lowlevel_init
c7e1b9c0 T usb_lowlevel_stop
c7e1b9c8 t td_fill
c7e1ba7c T sohci_submit_job
c7e1c008 t s3c_nand_hwcontrol
c7e1c080 t s3c_nand_device_ready
c7e1c09c t s3c_nand_wait_enc
c7e1c0b4 t s3c_nand_wait_dec
c7e1c0cc t s3c_nand_enable_hwecc
c7e1c130 t s3c_nand_calculate_ecc
c7e1c1e4 T s3c_nand_enable_hwecc_8bit
c7e1c234 T s3c_nand_calculate_ecc_8bit
c7e1c2e8 T s3c_nand_write_page_8bit
c7e1c3a0 t s3c_nand_read_page_4bit
c7e1c4b4 t s3c_nand_write_page_4bit
c7e1c580 T board_nand_init
c7e1c828 t s3c_nand_correct_data
c7e1ca04 T s3c_nand_correct_data_8bit
c7e1cb4c T s3c_nand_read_page_8bit
c7e1cc4c t s3c_nand_scan_bbt
c7e1cc50 T s3c_usb_core_soft_reset
c7e1cc70 T s3c_usb_init_core
c7e1cc8c T s3c_usb_check_current_mode
c7e1cca0 T s3c_usb_set_soft_disconnect
c7e1ccb4 T s3c_usb_clear_soft_disconnect
c7e1ccc8 T s3c_usb_init_device
c7e1cd08 T s3c_usbc_activate
c7e1cd10 T s3c_usb_stop
c7e1cd18 T s3c_usb_set_inep_xfersize
c7e1cd44 T s3c_usb_set_outep_xfersize
c7e1cd74 T s3c_usb_write_ep0_fifo
c7e1cdcc T s3c_usb_write_in_fifo
c7e1ce24 T s3c_usb_read_out_fifo
c7e1ce78 T s3c_usb_get_desc
c7e1d048 T s3c_usb_clear_feature
c7e1d0c4 T s3c_usb_set_feature
c7e1d224 T s3c_usb_get_status
c7e1d2cc T s3c_usb_ep0_int_hndlr
c7e1d4e4 T s3c_usb_set_otherspeed_conf_desc
c7e1d604 T s3c_usb_transfer_ep0
c7e1e2c8 T s3c_usb_int_bulkin
c7e1e494 T s3c_usb_upload_start
c7e1e6c0 T s3c_usb_download_start
c7e1e8cc T s3c_usb_dma_in_done
c7e1e9dc T s3c_usb_set_all_outep_nak
c7e1ea04 T s3c_usb_clear_all_outep_nak
c7e1ea2c T s3c_usb_set_max_pktsize
c7e1eadc T s3c_usb_set_endpoint
c7e1eb30 T s3c_usb_set_descriptors
c7e1eccc T s3c_usb_check_speed
c7e1ece4 T s3c_usb_clear_dnfile_info
c7e1ed24 T s3c_usb_clear_upfile_info
c7e1ed64 T s3c_usb_check_setconf
c7e1ed94 T s3c_usb_set_opmode
c7e1ee64 T s3c_usb_reset
c7e1eecc T s3c_usb_set_init
c7e1ef28 T s3c_usb_verify_checksum
c7e1eff0 T s3c_usb_download_continue
c7e1f15c T s3c_usb_int_bulkout
c7e1f1ac T s3c_usb_pkt_receive
c7e1f22c T s3c_usb_print_pkt
c7e1f278 T s3c_usb_dma_out_done
c7e1f394 T s3c_usb_transfer
c7e1f4b8 T s3c_udc_int_hndlr
c7e1f554 T s3c_usb_wait_cable_insert
c7e1f5a0 T s3c_usb_init_phy
c7e1f5d8 T s3c_usbctl_init
c7e1f69c t __fswab32
c7e1f6bc T do_bootm_linux
c7e1faac T flush_cache
c7e1fab0 T GregorianDay
c7e1fba4 T to_tm
c7e1fcb4 T mktime
c7e1fd48 t SetRTC_Access
c7e1fd84 t bcd2bin
c7e1fd98 t bin2bcd
c7e1fdcc T rtc_get
c7e1fed0 T rtc_set
c7e1ff70 T rtc_reset
c7e1ff98 t nand_block_bad_scrub
c7e1ffa0 T nand_lock
c7e1fff4 T nand_unlock
c7e20104 T nand_get_lock_status
c7e20190 T nand_read_opts
c7e20538 T nand_write_opts
c7e20a58 T nand_erase_opts
c7e20dc4 T __div64_32
c7e20eb8 T __aeabi_uidiv
c7e20eb8 T __udivsi3
c7e20eb8 t .udivsi3_nodiv0
c7e20fac T __aeabi_uidivmod
c7e20fcc T __aeabi_idiv
c7e20fcc T __divsi3
c7e20fd4 t .divsi3_nodiv0
c7e210f4 T __aeabi_idivmod
c7e21114 T __aeabi_lasr
c7e21114 T __ashrdi3
c7e21130 T __aeabi_llsl
c7e21130 T __ashldi3
c7e2114c W __aeabi_idiv0
c7e21380 r C.8.2231
c7e21400 R version_string
c7e2143a r default_nand_name
c7e2143f r __FUNCTION__.4020
c7e2144e r __FUNCTION__.2572
c7e2145f r __FUNCTION__.3563
c7e2146d r __FUNCTION__.3076
c7e2147f r C.19.2730
c7e21481 r nand_ecc_precalc_table
c7e21584 r baudrate_table
c7e21598 r crc16_tab
c7e21798 r crc_table
c7e21b98 r border
c7e21be4 r inflate_mask
c7e21c28 r CH7033_RegTable
c7e21e50 R config_full
c7e21e59 R config_full_total
c7e21e79 R config_high
c7e21e82 R config_high_total
c7e21ea2 R qualifier_desc
c7e21eac R string_desc0
c7e21eb0 R string_desc1
c7e21ec6 R string_desc2
c7e21ef4 r C.7.1894
c7e27cc0 D init_sequence
c7e27cf4 D NetOurVLAN
c7e27cf6 D NetBcastAddr
c7e27cfc D NetOurNativeVLAN
c7e27d00 d nfs_offset
c7e27d04 D nand_curr_device
c7e27d08 d nand_oob_8
c7e27f58 d nand_oob_16
c7e281a8 d nand_oob_64
c7e283f8 d nand_oob_128
c7e28648 D nand_flash_ids
c7e28be8 D nand_manuf_ids
c7e28c28 d bbt_main_descr
c7e28c4c d bbt_mirror_descr
c7e28c70 d agand_flashbased
c7e28c94 d smallpage_flashbased
c7e28cb8 d largepage_flashbased
c7e28cdc d smallpage_memorybased
c7e28d00 d largepage_memorybased
c7e28d24 d bbt_pattern
c7e28d28 d mirror_pattern
c7e28d2c d scan_agand_pattern
c7e28d32 d scan_ff_pattern
c7e28d34 d hist_cur
c7e28d38 D load_addr
c7e28d3c D weekdays
c7e28d58 D op_table
c7e28dc0 d do_echo
c7e28dc4 D dp_last_length
c7e28dc8 D stdio_names
c7e28dd4 d av_
c7e291dc d trim_threshold
c7e291e0 d mmap_threshold
c7e291e4 d sbrk_base
c7e291e8 D default_environment
c7e29324 D env_get_char
c7e29328 D default_environment_size
c7e2932c D env_name_spec
c7e29330 d blanks.2356
c7e29358 d reserved_list
c7e293dc D _ctype
c7e294dc d fixed_left
c7e294e0 d cplens
c7e2955c d cplext
c7e295d8 d cpdist
c7e29650 d cpdext
c7e296c8 D zlib_version
c7e296cc D z_errmsg
c7e296ec D CH7026_REGS_VGA_640
c7e29864 D CH7026_REGS_TV
c7e299a4 d s3c_nand_oob_mlc_64
c7e29bf4 d s3c_nand_oob_16
c7e29e44 d s3c_nand_oob_mlc_128
c7e2a094 d s3c_nand_oob_mlc_128_8bit
c7e2a2e4 D test_pkt
c7e2a31c d month_days
c7e2a34c d autoplace_oobinfo
c7e2a59c d jffs2_oobinfo
c7e2a7ec d yaffs_oobinfo
c7e2aa3c A __u_boot_cmd_start
c7e2aa3c D __u_boot_cmd_bdinfo
c7e2aa54 D __u_boot_cmd_go
c7e2aa6c D __u_boot_cmd_reset
c7e2aa84 D __u_boot_cmd_bootm
c7e2aa9c D __u_boot_cmd_imls
c7e2aab4 D __u_boot_cmd_icache
c7e2aacc D __u_boot_cmd_dcache
c7e2aae4 D __u_boot_cmd_branch
c7e2aafc D __u_boot_cmd_date
c7e2ab14 D __u_boot_cmd_bootelf
c7e2ab2c D __u_boot_cmd_bootvx
c7e2ab44 D __u_boot_cmd_flinfo
c7e2ab5c D __u_boot_cmd_erase
c7e2ab74 D __u_boot_cmd_protect
c7e2ab8c D __u_boot_cmd_itest
c7e2aba4 D __u_boot_cmd_loads
c7e2abbc D __u_boot_cmd_loadb
c7e2abd4 D __u_boot_cmd_loady
c7e2abec D __u_boot_cmd_md
c7e2ac04 D __u_boot_cmd_mm
c7e2ac1c D __u_boot_cmd_nm
c7e2ac34 D __u_boot_cmd_mw
c7e2ac4c D __u_boot_cmd_cp
c7e2ac64 D __u_boot_cmd_cmp
c7e2ac7c D __u_boot_cmd_crc32
c7e2ac94 D __u_boot_cmd_base
c7e2acac D __u_boot_cmd_loop
c7e2acc4 D __u_boot_cmd_mtest
c7e2acdc D __u_boot_cmd_sleep
c7e2acf4 D __u_boot_cmd_nand
c7e2ad0c D __u_boot_cmd_nboot
c7e2ad24 D __u_boot_cmd_bootp
c7e2ad3c D __u_boot_cmd_tftpboot
c7e2ad54 D __u_boot_cmd_rarpboot
c7e2ad6c D __u_boot_cmd_nfs
c7e2ad84 D __u_boot_cmd_ping
c7e2ad9c D __u_boot_cmd_printenv
c7e2adb4 D __u_boot_cmd_setenv
c7e2adcc D __u_boot_cmd_saveenv
c7e2ade4 D __u_boot_cmd_usb
c7e2adfc D __u_boot_cmd_version
c7e2ae14 D __u_boot_cmd_setlcd
c7e2ae2c D __u_boot_cmd_echo
c7e2ae44 D __u_boot_cmd_test
c7e2ae5c D __u_boot_cmd_exit
c7e2ae74 D __u_boot_cmd_help
c7e2ae8c D __u_boot_cmd_question_mark
c7e2aea4 D __u_boot_cmd_dnw
c7e2aebc A __u_boot_cmd_end
c7e2c000 R mmu_table
c7e30000 A __bss_start
c7e30000 b timestamp
c7e30004 b lastdec
c7e30008 B timer_load_val
c7e3000c b mem_malloc_brk
c7e30010 b mem_malloc_start
c7e30014 b mem_malloc_end
c7e30018 B monitor_flash_len
c7e3001c B NetState
c7e30020 b packetHandler
c7e30024 B NetIPID
c7e30028 B NetOurIP
c7e3002c B NetOurEther
c7e30034 B NetPingIP
c7e30038 B NetTxPacket
c7e3003c B NetArpWaitPacketIP
c7e30040 B NetOurSubnetMask
c7e30044 B NetOurGatewayIP
c7e30048 B NetArpWaitReplyIP
c7e3004c B NetRxPkt
c7e30050 B NetRxPktLen
c7e30054 B NetArpWaitPacketMAC
c7e30058 B NetArpWaitTxPacket
c7e3005c B NetArpWaitTxPacketSize
c7e30060 B NetServerIP
c7e30064 B NetServerEther
c7e3006a b mac.2519
c7e30070 B NetEtherNullAddr
c7e30076 b PingSeqNo
c7e30078 B NetArpWaitTry
c7e3007c B NetArpWaitTimerStart
c7e30080 b timeHandler
c7e30084 b timeStart
c7e30088 b timeDelta
c7e3008c B PktBuf
c7e31eac B NetRxPackets
c7e31ebc B NetArpWaitPacketBuf
c7e324dc B NetBootFileXferSize
c7e324e0 B NetOurDNSIP
c7e324e4 B NetOurNISDomain
c7e32504 B NetOurHostName
c7e32524 B NetOurRootPath
c7e32564 B NetBootFileSize
c7e32566 B BootFile
c7e325e8 b TftpState
c7e325ec b tftp_filename
c7e325f0 b TftpBlock
c7e325f4 b TftpServerPort
c7e325f8 b TftpOurPort
c7e325fc b default_filename
c7e3260c b TftpTimeoutCount
c7e32610 b TftpBlockWrap
c7e32614 b TftpBlockWrapOffset
c7e32618 b TftpLastBlock
c7e3261c B BootpTry
c7e32620 B BootpID
c7e32624 B RarpTry
c7e32628 b rpc_id
c7e3262c b NfsSrvMountPort
c7e32630 b NfsSrvNfsPort
c7e32634 b fs_mounted
c7e32638 b dirfh
c7e32658 b filefh
c7e32678 b NfsServerIP
c7e3267c b NfsOurPort
c7e32680 b NfsState
c7e32684 b nfs_path
c7e32688 b nfs_filename
c7e3268c b nfs_len
c7e32690 b NfsDownloadState
c7e32694 b nfs_path_buff
c7e32e94 b default_filename
c7e32ed4 b NfsTimeoutCount
c7e32ed8 B dmfe_info
c7e32f78 b nfloor
c7e32f7c B nand_info
c7e33030 b nand_chip
c7e33134 b initted.2111
c7e33138 b hist_max
c7e3313c b hist_add_idx
c7e33140 B hist_num
c7e33144 B hist_lines
c7e34544 B hist_list
c7e34594 B console_buffer
c7e34694 B header
c7e346d4 b os_data_state
c7e346d8 B os_data_count
c7e346dc b os_data_addr
c7e346e0 b bin_start_address
c7e346e4 b k_data_escape
c7e346e8 B os_data_init
c7e346ec b k_data_escape_saved
c7e346f0 b os_data_state_saved
c7e346f4 b os_data_count_saved
c7e346f8 b os_data_addr_saved
c7e346fc B os_data_char
c7e34700 B his_quote
c7e34704 B his_pad_count
c7e34708 B his_pad_char
c7e34709 B his_eol
c7e3470c B send_ptr
c7e34710 B send_parms
c7e34724 b a_b
c7e3473c B os_data_header
c7e3475c b base_address
c7e34760 B mm_last_addr
c7e34764 B mm_last_size
c7e34768 B dp_last_addr
c7e3476c B dp_last_size
c7e34770 b ctrlc_disabled
c7e34774 b ctrlc_was_pressed
c7e34778 B devlist
c7e3477c B stdio_devices
c7e34788 b top_pad
c7e3478c b n_mmaps_max
c7e34790 b current_mallinfo
c7e347b8 b max_sbrked_mem
c7e347bc b max_total_mem
c7e347c0 B env_ptr
c7e347c4 b local.2147
c7e347da b map
c7e348dc b top_vars
c7e348e0 b flag_repeat
c7e348e4 b do_repeat
c7e348e8 b the_command.2174
c7e349e8 b buf.2614
c7e34a10 B last_return_code
c7e34a14 b ifs
c7e34a18 B nesting_level
c7e34a1c b asynch_allowed
c7e34a20 b usb_dev
c7e412a0 b usb_hub_index
c7e412a4 b hub_dev
c7e413a4 b dev_index
c7e413a8 B usb_started
c7e413a9 b setup_packet
c7e413b4 b running
c7e413b8 b xyz
c7e417f4 B ___strtok
c7e417f8 b fixed_mem
c7e42888 b fixed_lock
c7e4288c b fixed_built
c7e42890 b fixed_bl
c7e42894 b fixed_tl
c7e42898 b fixed_bd
c7e4289c b fixed_td
c7e428a0 B flash_info
c7e42900 B ptd
c7e42904 b gohci
c7e429d0 B ohci_dev
c7e42b60 B urb_priv
c7e42c40 B gtd
c7e43d00 B ghcca
c7e43e00 B phcca
c7e43e04 B got_rhsc
c7e43e08 B devgone
c7e43f00 B boot_nand
c7e43f04 B cur_ecc_mode
c7e43f08 B nand_type
c7e43f0c B otg
c7e43f90 B remode_wakeup
c7e43f94 B get_status
c7e43f9a B config_value
c7e43f9c B get_intf
c7e43fa0 B s3c_usbd_dn_addr
c7e43fa4 B op_mode
c7e43fa8 B s3c_receive_done
c7e43fac B speed
c7e43fb0 B s3c_got_header
c7e43fb4 B DNW
c7e43fb8 b params
c7e43fbc b data_buf
c7e447bc b oob_buf
c7e447fc b none_oobinfo
c7e44a4c A _end
