c7e00000 T _start
c7e00020 t _undefined_instruction
c7e00024 t _software_interrupt
c7e00028 t _prefetch_abort
c7e0002c t _data_abort
c7e00030 t _not_used
c7e00034 t _irq
c7e00038 t _fiq
c7e0003c t _pad
c7e00040 T _end_vect
c7e00040 t _TEXT_BASE
c7e00044 t _TEXT_PHY_BASE
c7e00048 T _armboot_start
c7e0004c T _bss_start
c7e00050 T _bss_end
c7e00054 t reset
c7e00064 t cpu_init_crit
c7e000b8 t after_copy
c7e000b8 t enable_mmu
c7e000d8 t mmu_on
c7e000f4 t skip_hw_init
c7e000f4 t stack_setup
c7e000f8 t clear_bss
c7e00104 t clbss_l
c7e00118 t _start_armboot
c7e0011c t _mmu_table_base
c7e00120 T copy_from_nand
c7e0016c t copy_failed
c7e00174 t compare_failed
c7e0017c T theLastJump
c7e00198 t phy_last_jump
c7e001c0 t undefined_instruction
c7e00220 t software_interrupt
c7e00280 t prefetch_abort
c7e002e0 t data_abort
c7e00340 t not_used
c7e003a0 t irq
c7e00400 t fiq
c7e00460 T arm1136_cache_flush
c7e00480 T mem_ctrl_asm_init
c7e0057c t check_dmc1_ready
c7e00598 T cleanDCache
c7e005a4 T cleanFlushDCache
c7e005b0 T cleanFlushCache
c7e005dc t nandll_read_page
c7e00694 T copy_uboot_to_ram
c7e007b8 T movi_set_capacity
c7e007bc T movi_set_ofs
c7e00810 T movi_bl2_copy
c7e0085c T movi_read_env
c7e00870 T movi_write_env
c7e00884 T movi_init
c7e008c0 T raise
c7e008c4 T __aeabi_ldiv0
c7e008c8 T __div0
c7e008cc t _TEXT_BASE
c7e008d0 T lowlevel_init
c7e009b0 t wakeup_reset
c7e009dc t system_clock_init
c7e00a10 t check_syncack
c7e00ab0 t uart_asm_init
c7e00b00 t nand_asm_init
c7e00b84 T enable_interrupts
c7e00b88 T disable_interrupts
c7e00b90 T set_timer
c7e00ba0 T reset_timer_masked
c7e00bd4 T get_timer_masked
c7e00c3c T get_timer
c7e00c50 T udelay_masked
c7e00cc4 T get_ticks
c7e00ce0 T get_tbclk
c7e00cf8 T interrupt_init
c7e00d84 T show_regs
c7e00ec0 T bad_mode
c7e00ee4 T do_irq
c7e00f08 T do_fiq
c7e00f2c T do_not_used
c7e00f50 T do_data_abort
c7e00f74 T do_prefetch_abort
c7e00f98 T do_software_interrupt
c7e00fbc T do_undefined_instruction
c7e00fe0 T reset_timer
c7e01014 T udelay
c7e010bc t cp_delay
c7e010e8 T cpu_init
c7e010f0 T cleanup_before_linux
c7e01124 T reset_cpu
c7e01164 T do_reset
c7e01184 T icache_enable
c7e011a0 T branch_status
c7e011b0 T dcache_status
c7e011c0 T icache_status
c7e011d0 T branch_disable
c7e011ec T branch_enable
c7e01208 T dcache_disable
c7e01224 T dcache_enable
c7e01240 T icache_disable
c7e0125c T mmc_get_dev
c7e01268 t wait_for_r_buf_ready
c7e012c8 t wait_for_data_done
c7e012e8 t ClearCommandCompleteStatus
c7e01324 t ClearTransferCompleteStatus
c7e01370 t ClearBufferReadReadyStatus
c7e013bc t card_irq_enable
c7e013e8 T hsmmc_set_base
c7e01410 T hsmmc_reset
c7e01428 t set_transfer_mode_register
c7e01464 t set_blksize_register
c7e01484 t ClearErrInterruptStatus
c7e014c4 t hsmmc_clock_onoff
c7e01520 t set_cmd_register
c7e0157c t set_hostctl_speed
c7e015a4 t check_dma_int
c7e01614 t set_clock
c7e016b8 T hsmmc_set_gpio
c7e01740 t wait_for_cmd_done
c7e017b4 t issue_command
c7e018c8 t check_card_status
c7e01910 T movi_read
c7e01a90 t set_sd_speed
c7e01b90 t set_mmc_speed
c7e01bcc t mmc_bread
c7e01c0c T hsmmc_init
c7e02308 T movi_write
c7e024e0 T test_hsmmc
c7e02b24 T serial_setbrg
c7e02b28 T serial_putc
c7e02b54 T serial_tstc
c7e02b68 T serial_puts
c7e02b8c T serial_getc
c7e02ba8 T serial_init
c7e02bb0 t get_PLLCLK
c7e02c1c T get_UCLK
c7e02c24 T get_FCLK
c7e02c2c T get_PCLK
c7e02c88 T get_HCLK
c7e02ce4 T get_ARMCLK
c7e02d0c T print_cpuinfo
c7e02e1c T sbrk
c7e02e68 T hang
c7e02e78 t display_dram_config
c7e02ea8 t display_banner
c7e02ed0 t init_baudrate
c7e02f30 T start_armboot
c7e03188 t __fswab16
c7e031a4 t __fswab32
c7e031c4 t startAgainTimeout
c7e031d8 t startAgainHandler
c7e031dc T NetSetHandler
c7e031ec T NetCksum
c7e03230 T NetCksumOk
c7e0325c T copy_filename
c7e032ac T string_to_VLAN
c7e032fc T getenv_VLAN
c7e03314 T string_to_ip
c7e03388 T getenv_IPaddr
c7e033a0 T NetEthHdrSize
c7e033ec T VLAN_to_string
c7e03444 T ip_to_string
c7e03490 T print_IPaddr
c7e034b4 T NetSetEther
c7e03574 t NetCopyIP
c7e0357c T NetSetIP
c7e03688 t NetWriteIP
c7e036ac t NetReadIP
c7e036d0 t PingHandler
c7e03708 T NetSendPacket
c7e0370c T ArpRequest
c7e03838 T NetReceive
c7e03d58 T PingSend
c7e03ee8 T NetSetTimeout
c7e03f24 T NetSendUDPPacket
c7e04098 t PingTimeout
c7e040bc T NetStartAgain
c7e04144 T ArpTimeoutCheck
c7e041c8 T NetLoop
c7e0462c t __fswab16
c7e04648 t TftpSend
c7e047d8 T TftpStart
c7e049f8 t TftpTimeout
c7e04a60 t TftpHandler
c7e04ce0 t __fswab16
c7e04cfc t __fswab32
c7e04d1c t truncate_sz
c7e04d50 t NetCopyIP
c7e04d58 t NetWriteIP
c7e04d7c t NetReadLong
c7e04da0 T BootpRequest
c7e04fd4 t BootpHandler
c7e05360 t BootpTimeout
c7e053b4 T RarpRequest
c7e054c0 t RarpHandler
c7e0552c t RarpTimeout
c7e05580 T eth_initialize
c7e05588 t __fswab32
c7e055a8 t NfsTimeout
c7e055d4 t basename
c7e0560c t dirname
c7e05628 t rpc_lookup_reply
c7e056e8 t rpc_add_credentials
c7e057c0 t rpc_req
c7e058d8 t rpc_lookup_req
c7e05938 t NfsSend
c7e05bcc T NfsStart
c7e05e3c t NfsHandler
c7e06380 t get_reg_init_bus
c7e063e0 t eth_reginit
c7e06438 t cs8900_e2prom_ready
c7e06460 t eth_reset
c7e064c8 T eth_halt
c7e064ec T cs8900_e2prom_write
c7e0654c T eth_init
c7e065e0 T cs8900_e2prom_read
c7e06624 T eth_send
c7e066f8 T eth_rx
c7e06780 T cs8900_get_enetaddr
c7e06998 T nand_init
c7e06a38 t generic_ffs
c7e06a90 t nand_release_device
c7e06ab0 t nand_read_byte
c7e06ac0 t nand_read_byte16
c7e06ad4 t nand_read_word
c7e06ae4 t nand_write_buf
c7e06b14 t nand_read_buf
c7e06b3c t nand_verify_buf
c7e06b80 t nand_write_buf16
c7e06bb0 t nand_read_buf16
c7e06bdc t nand_verify_buf16
c7e06c20 t nand_check_wp
c7e06c64 T nand_wait_ready
c7e06c80 t nand_read_page_raw
c7e06cc0 t nand_read_page_swecc
c7e06dd4 t nand_read_page_hwecc
c7e06f08 t nand_read_page_syndrome
c7e0702c t nand_read_oob_std
c7e07078 t nand_read_oob_syndrome
c7e0718c t nand_write_oob_std
c7e07204 t nand_write_oob_syndrome
c7e073cc t nand_write_page_raw
c7e07408 t nand_write_page_swecc
c7e074b8 t nand_write_page_hwecc
c7e0758c t nand_write_page_syndrome
c7e0767c t single_erase_cmd
c7e076c0 t multi_erase_cmd
c7e0774c T nand_release
c7e07774 T nand_scan_ident
c7e07c40 t nand_resume
c7e07c60 T nand_scan_tail
c7e08148 T nand_scan
c7e08168 t nand_select_chip
c7e081d4 t nand_block_isbad
c7e08250 t nand_block_markbad
c7e08294 t nand_fill_oob
c7e083a8 t nand_do_write_oob
c7e084b8 t nand_do_write_ops
c7e087e0 t nand_transfer_oob
c7e088f8 t nand_command_lp
c7e08b4c t nand_command
c7e08d08 t nand_do_read_ops
c7e090cc T nand_read
c7e09174 t nand_write_page
c7e09268 T nand_erase_nand
c7e0951c t nand_erase
c7e09524 t nand_default_block_markbad
c7e09600 t nand_wait
c7e096d4 t nand_block_bad
c7e097f8 t nand_suspend
c7e09800 t nand_sync
c7e09804 t nand_write_oob
c7e098c0 t nand_write
c7e09968 t nand_read_oob
c7e09b34 T nand_calculate_ecc
c7e09c2c T nand_correct_data
c7e09d54 t check_pattern
c7e09e0c t scan_read_raw
c7e09e58 t search_bbt
c7e09fe0 T nand_isbad_bbt
c7e0a030 t create_bbt
c7e0a34c t read_bbt
c7e0a55c t read_abs_bbt
c7e0a628 t write_bbt
c7e0ac78 T nand_update_bbt
c7e0add0 t mark_bbt_region
c7e0af44 T nand_scan_bbt
c7e0b3d4 T nand_default_bbt
c7e0b4ac T run_command
c7e0b87c t cread_add_char
c7e0b978 t cread_add_str
c7e0b9d0 T readline
c7e0c068 t ExecuteCmd
c7e0c070 T arm_sdfuse
c7e0c168 T arm_USBfuse
c7e0c238 T lcd_size_config
c7e0c374 T ARMMenu
c7e0c4f8 T main_loop
c7e0c640 t print_num
c7e0c654 T do_bdinfo
c7e0c740 T do_go
c7e0c7c0 t __fswab32
c7e0c7e0 T gunzip
c7e0c938 t zfree
c7e0c940 t zalloc
c7e0c950 T print_image_hdr
c7e0cd50 t do_imls
c7e0cd58 T do_bootm
c7e0d3a8 t on_off
c7e0d3e4 T do_branch
c7e0d470 T do_dcache
c7e0d4fc T do_icache
c7e0d588 t cnvrt2
c7e0d5cc T mk_date
c7e0d798 T do_date
c7e0d8ac T valid_elf_image
c7e0d900 T load_elf_image
c7e0da10 T do_bootvx
c7e0db8c T do_bootelf
c7e0dc30 T get_dev
c7e0dc64 T do_fat_fsinfo
c7e0dd48 T do_fat_ls
c7e0de5c T do_fat_fsload
c7e0dfe4 T flash_sect_protect
c7e0e004 T flash_sect_erase
c7e0e024 T do_flinfo
c7e0e064 t addr_spec
c7e0e128 t abbrev_spec
c7e0e28c T do_protect
c7e0e458 T do_flerase
c7e0e5a4 t evalstr
c7e0e5c0 t evalexp
c7e0e60c T binary_test
c7e0e7e8 T do_itest
c7e0e890 T ktrans
c7e0e8b0 T chk1
c7e0e8dc t bin_data_init
c7e0e914 t bin_data_char
c7e0e958 T k_data_init
c7e0e988 T k_data_save
c7e0e9ec T k_data_restore
c7e0ea50 T k_data_char
c7e0eab4 T send_pad
c7e0eaf0 T s1_sendpacket
c7e0eb18 T handle_send_packet
c7e0ed10 T send_nack
c7e0ed7c T send_ack
c7e0ede8 t getcxmodem
c7e0ee14 T do_load_serial_bin
c7e0f4fc T do_load_serial
c7e0f808 T do_mem_base
c7e0f854 T do_mem_crc
c7e0f90c T do_mem_mtest
c7e0fa3c T cmd_get_data_size
c7e0fabc t mod_mem
c7e0fc3c T do_mem_nm
c7e0fc64 T do_mem_mm
c7e0fc8c T do_mem_loop
c7e0fd84 T do_mem_cp
c7e0feb4 T do_mem_cmp
c7e10060 T do_mem_mw
c7e10138 T do_mem_md
c7e1033c T do_sleep
c7e103d0 t __fswab32
c7e103f0 t nand_read
c7e1041c t nand_write
c7e10448 t str2long
c7e1048c t arg_off_size
c7e1056c T do_nandboot
c7e107a8 T do_nand
c7e114dc T do_ping
c7e1156c t netboot_common
c7e1182c T do_nfs
c7e11838 T do_rarpb
c7e11844 T do_tftpb
c7e11850 T do_bootp
c7e1185c t envmatch
c7e118d4 T getenv_r
c7e1199c T do_saveenv
c7e119d0 T getenv
c7e11a50 T _do_setenv
c7e11f2c T do_setenv
c7e11f78 T setenv
c7e11fb0 T do_printenv
c7e12154 T usb_get_class_desc
c7e121f8 T usb_display_ep_desc
c7e122cc T usb_display_class_sub
c7e124dc T usb_show_tree_graph
c7e12794 T usb_show_tree
c7e127c8 T usb_display_desc
c7e12a00 T usb_display_string
c7e12a38 T usb_display_if_desc
c7e12ad0 T usb_display_conf_desc
c7e12b80 T usb_display_config
c7e12c14 T do_usb
c7e12df8 T find_cmd
c7e12e94 T do_echo
c7e12f20 T do_help
c7e130d0 T do_version
c7e130f8 T do_exit
c7e13130 T do_test
c7e13580 T do_setlcd
c7e13738 t console_setfile
c7e137e0 T fgetc
c7e13810 T ftstc
c7e13840 T fputc
c7e13874 T fputs
c7e138a8 T disable_ctrlc
c7e138c0 T had_ctrlc
c7e138d0 T clear_ctrlc
c7e138e4 T dbg
c7e138f0 T console_init_f
c7e13900 T console_assign
c7e1399c T fprintf
c7e139e4 T puts
c7e13a00 T vprintf
c7e13a2c T printf
c7e13a6c T console_init_r
c7e13c04 T serial_printf
c7e13c44 T putc
c7e13c60 T tstc
c7e13c78 T getc
c7e13c90 T ctrlc
c7e13cf0 T devices_done
c7e13d14 T device_register
c7e13d40 T devices_init
c7e13dec T malloc_bin_reloc
c7e13e24 T malloc_usable_size
c7e13e68 T mallopt
c7e13edc T malloc_trim
c7e13fb0 T free
c7e14208 T cfree
c7e1420c T malloc
c7e14830 T memalign
c7e1494c T pvalloc
c7e14964 T valloc
c7e14970 T calloc
c7e14a58 T realloc
c7e14ed4 T env_get_char_memory
c7e14ef4 T env_get_addr
c7e14f14 t env_get_char_init
c7e14f40 T env_crc_update
c7e14f6c T env_relocate
c7e15008 T env_get_char_spec
c7e15014 T env_init
c7e15030 T saveenv
c7e150f0 t use_default
c7e15188 T env_relocate_spec
c7e15210 t dummy
c7e15214 T get_version
c7e1521c T jumptable_init
c7e152d4 T flash_protect
c7e153e0 T addr2info
c7e153e8 T flash_perror
c7e154c8 T flash_write
c7e15638 t b_reset
c7e15654 T simple_itoa
c7e156b0 t static_get
c7e156cc t static_peek
c7e156d8 t file_peek
c7e156e4 t setup_string_in_str
c7e15710 t is_assignment
c7e15768 T mapset
c7e1578c T u_boot_hush_start
c7e15810 t file_get
c7e159c4 t xmalloc
c7e159f0 T new_pipe
c7e15a20 t syntax_err
c7e15a2c t free_pipe_list
c7e15b1c t b_free
c7e15b40 t xrealloc
c7e15b6c t done_command
c7e15bf4 t done_pipe
c7e15c44 t initialize_context
c7e15c84 t b_addchr
c7e15d04 t b_addqchr
c7e15d60 T reserved_word
c7e15e94 t done_word
c7e16010 t insert_var_value
c7e161c4 t set_local_var
c7e1637c T update_ifs_map
c7e163ec t parse_stream_outer
c7e169d4 T parse_file_outer
c7e16a1c T parse_string_outer
c7e16ae4 t run_list_real
c7e17320 T GetHandleSize
c7e17328 T ListSetAllocationPolicy
c7e1733c T ListGetPtrToItem
c7e1736c T ListGetDataPtr
c7e17378 T ListGetItemSize
c7e17384 T ListNumItems
c7e17390 T ListGetItems
c7e173d8 T SetHandleSize
c7e17454 T ListInsertItems
c7e17618 T ListInsertItem
c7e17620 T DisposeHandle
c7e17640 T ListDispose
c7e17644 T NewHandle
c7e176a0 T ListCreate
c7e17700 t hex1_bin
c7e17738 t hex2_bin
c7e17774 T srec_decode
c7e179d0 T usb_disable_asynch
c7e179e8 T usb_maxpacket
c7e17a0c T usb_set_maxpacket
c7e17abc T usb_get_dev_index
c7e17ae4 T usb_hub_reset
c7e17af8 T usb_hub_allocate
c7e17b44 T usb_alloc_new_device
c7e17be8 T usb_parse_config
c7e17d74 T usb_submit_int_msg
c7e17d78 T wait_ms
c7e17d98 T usb_bulk_msg
c7e17e00 T usb_control_msg
c7e17efc T usb_get_port_status
c7e17f5c T usb_get_hub_status
c7e17fb4 T usb_set_port_feature
c7e18014 t usb_hub_power_on
c7e18058 T usb_clear_port_feature
c7e180b8 T usb_clear_hub_feature
c7e18110 T usb_get_hub_descriptor
c7e18170 T usb_get_string
c7e181ec t usb_string_sub
c7e182f8 T usb_string
c7e183f4 T usb_get_class_descriptor
c7e18464 T usb_get_report
c7e184d4 T usb_set_idle
c7e18538 T usb_set_protocol
c7e18598 T usb_set_configuration
c7e18600 T usb_set_interface
c7e186cc T usb_set_address
c7e18714 T usb_get_descriptor
c7e18780 T usb_get_configuration_no
c7e18820 T usb_new_device
c7e18ac0 T usb_hub_port_connect_change
c7e18c28 T usb_hub_configure
c7e18e64 T usb_hub_probe
c7e18ec4 T usb_scan_devices
c7e18f28 T usb_clear_halt
c7e18fcc T usb_init
c7e19068 T usb_stop
c7e19098 T parse_num
c7e191cc T xyzModem_error
c7e19268 T xyzModem_stream_close
c7e192bc T CYGACC_COMM_IF_PUTC
c7e192c4 T CYGACC_COMM_IF_GETC_TIMEOUT
c7e19318 t xyzModem_flush
c7e1934c T xyzModem_stream_terminate
c7e19420 t xyzModem_get_hdr
c7e196c4 T xyzModem_stream_read
c7e19940 T xyzModem_stream_open
c7e19aa0 T do_usbd_dnw
c7e19bb4 T do_movi
c7e19f70 T cyg_crc16
c7e19fb8 T crc32
c7e1a0b8 T crc32_no_comp
c7e1a1b0 T print_size
c7e1a250 T display_options
c7e1a278 T strcpy
c7e1a290 T strncpy
c7e1a2b8 T strcat
c7e1a2e4 T strncat
c7e1a330 T strcmp
c7e1a35c T strncmp
c7e1a3a0 T strchr
c7e1a3cc T strlen
c7e1a3ec T strrchr
c7e1a42c T strnlen
c7e1a454 T strspn
c7e1a498 T strpbrk
c7e1a4d8 T strtok
c7e1a564 T strsep
c7e1a5a0 T strswab
c7e1a5ec T memset
c7e1a608 T bcopy
c7e1a634 T memcpy
c7e1a654 T memmove
c7e1a69c T memcmp
c7e1a6d8 T memscan
c7e1a6fc T strstr
c7e1a768 T memchr
c7e1a794 T strdup
c7e1a7d0 T simple_strtoul
c7e1a890 T simple_strtol
c7e1a8c4 t skip_atoi
c7e1a900 t number
c7e1ab68 T panic
c7e1abc0 T vsprintf
c7e1afb8 T sprintf
c7e1afe8 t falloc
c7e1b00c t ffree
c7e1b010 t inflate_trees_free
c7e1b04c t huft_build
c7e1b65c t inflate_codes_new
c7e1b6b4 t inflate_codes_free
c7e1b6dc t inflate_blocks_reset
c7e1b7a8 T inflateEnd
c7e1b848 T inflateReset
c7e1b8b0 T inflateSync
c7e1b9b8 T inflateInit2
c7e1baf8 T inflateInit
c7e1bb00 T adler32
c7e1bc7c t inflate_flush
c7e1bdf8 T inflateIncomp
c7e1bf28 T inflate
c7e1de78 T board_init
c7e1dec8 T dram_init
c7e1dee8 T virt_to_phy_smdk6410
c7e1df18 T checkboard
c7e1df38 T board_late_init
c7e1dfd0 t write_hword
c7e1e0cc T write_buff
c7e1e254 T flash_print_info
c7e1e374 T flash_erase
c7e1e584 T flash_init
c7e1e5d0 t td_alloc
c7e1e610 t urb_free_priv
c7e1e64c T rh_check_port_status
c7e1e654 T submit_common_msg
c7e1e65c T submit_control_msg
c7e1e664 T submit_int_msg
c7e1e66c T usb_lowlevel_init
c7e1e674 T usb_lowlevel_stop
c7e1e67c t td_fill
c7e1e72c T sohci_submit_job
c7e1ec90 T submit_bulk_msg
c7e1ec98 t s3c_nand_hwcontrol
c7e1ed10 t s3c_nand_device_ready
c7e1ed2c t s3c_nand_enable_hwecc
c7e1ed94 t s3c_nand_calculate_ecc
c7e1ee68 T s3c_nand_enable_hwecc_8bit
c7e1eeb8 T s3c_nand_calculate_ecc_8bit
c7e1ef88 T s3c_nand_write_page_8bit
c7e1f044 t s3c_nand_read_page_4bit
c7e1f158 t s3c_nand_write_page_4bit
c7e1f22c T s3c_nand_correct_data_8bit
c7e1f384 T s3c_nand_read_page_8bit
c7e1f484 t s3c_nand_correct_data
c7e1f668 t s3c_nand_scan_bbt
c7e1f66c T board_nand_init
c7e1f928 T s3c_usb_core_soft_reset
c7e1f944 T s3c_usb_init_core
c7e1f960 T s3c_usb_check_current_mode
c7e1f974 T s3c_usb_set_soft_disconnect
c7e1f988 T s3c_usb_clear_soft_disconnect
c7e1f99c T s3c_usb_init_device
c7e1f9dc T s3c_usbc_activate
c7e1f9e4 T s3c_usb_stop
c7e1f9ec T s3c_usb_set_inep_xfersize
c7e1fa18 T s3c_usb_set_outep_xfersize
c7e1fa48 T s3c_usb_write_ep0_fifo
c7e1fa9c T s3c_usb_write_in_fifo
c7e1faf0 T s3c_usb_read_out_fifo
c7e1fb40 T s3c_usb_get_desc
c7e1fd10 T s3c_usb_clear_feature
c7e1fda4 T s3c_usb_set_feature
c7e1ff1c T s3c_usb_get_status
c7e1ffec T s3c_usb_ep0_int_hndlr
c7e20224 T s3c_usb_set_otherspeed_conf_desc
c7e20344 T s3c_usb_transfer_ep0
c7e20ff4 T s3c_usb_int_bulkin
c7e211c0 T s3c_usb_upload_start
c7e213ec T s3c_usb_download_start
c7e21608 T s3c_usb_dma_in_done
c7e21718 T s3c_usb_set_all_outep_nak
c7e21740 T s3c_usb_clear_all_outep_nak
c7e21768 T s3c_usb_set_max_pktsize
c7e21818 T s3c_usb_set_endpoint
c7e2186c T s3c_usb_set_descriptors
c7e21a08 T s3c_usb_check_speed
c7e21a20 T s3c_usb_clear_dnfile_info
c7e21a60 T s3c_usb_clear_upfile_info
c7e21aa0 T s3c_usb_check_setconf
c7e21ad0 T s3c_usb_set_opmode
c7e21ba0 T s3c_usb_reset
c7e21c08 T s3c_usb_set_init
c7e21ca4 T s3c_usb_verify_checksum
c7e21d74 T s3c_usb_download_continue
c7e21ee8 T s3c_usb_int_bulkout
c7e21f38 T s3c_usb_pkt_receive
c7e21fb8 T s3c_usb_print_pkt
c7e22004 T s3c_usb_dma_out_done
c7e22120 T s3c_usb_transfer
c7e22244 T s3c_udc_int_hndlr
c7e222e0 T s3c_usb_wait_cable_insert
c7e22330 T s3c_usb_init_phy
c7e22370 T s3c_usbctl_init
c7e224a4 t __fswab32
c7e224c4 T do_bootm_linux
c7e22868 T flush_cache
c7e2286c t downcase
c7e22894 T disk_read
c7e228f4 t dirdelim
c7e22928 t compare_sign
c7e22958 t get_fatent
c7e22ad0 t slot2str
c7e22b9c t mkcksum
c7e22bd0 t read_bootsectandvi
c7e22cc0 T file_fat_detectfs
c7e22e0c t get_cluster
c7e22eb4 t get_vfatname
c7e23044 t get_name
c7e23108 T do_fat_read
c7e23a44 T file_fat_read
c7e23a7c T file_fat_ls
c7e23a8c T fat_register_device
c7e23b98 T print_part
c7e23c5c T dev_print
c7e23e00 T get_partition_info
c7e23e2c T init_part
c7e23e48 t le32_to_int
c7e23e70 t is_extended
c7e23e90 T test_part_dos
c7e23ee4 t get_partition_info_extended
c7e24104 T get_partition_info_dos
c7e2412c t print_partition_extended
c7e242fc T print_part_dos
c7e24328 T GregorianDay
c7e2441c T to_tm
c7e2452c T mktime
c7e245c0 t SetRTC_Access
c7e245fc t bcd2bin
c7e24610 t bin2bcd
c7e24648 T rtc_set
c7e246e8 T rtc_get
c7e247dc T rtc_reset
c7e24804 t nand_block_bad_scrub
c7e2480c T nand_lock
c7e24860 T nand_unlock
c7e24978 T nand_get_lock_status
c7e24a04 T nand_read_opts
c7e24dcc T nand_write_opts
c7e25330 T nand_erase_opts
c7e2569c T __div64_32
c7e257bc T __aeabi_uidiv
c7e257bc T __udivsi3
c7e258b8 T __aeabi_uidivmod
c7e258d0 T __aeabi_idiv
c7e258d0 T __divsi3
c7e259fc T __aeabi_idivmod
c7e25a14 T __aeabi_lasr
c7e25a14 T __ashrdi3
c7e25a30 T __aeabi_llsl
c7e25a30 T __ashldi3
c7e25c48 r C.7.2543
c7e25cc8 R version_string
c7e25d1c r default_nand_name
c7e25d24 r __FUNCTION__.4392
c7e25d34 r __FUNCTION__.3930
c7e25d44 r __FUNCTION__.3425
c7e25d56 r C.21.3068
c7e25d58 r __FUNCTION__.2904
c7e25d6c r nand_ecc_precalc_table
c7e25f6c r C.9.2256
c7e25f84 r baudrate_table
c7e25f98 r crc16_tab
c7e26198 r crc_table
c7e26598 r border
c7e265e4 r inflate_mask
c7e26628 R string_desc0
c7e2662c R string_desc1
c7e26642 R string_desc2
c7e2666e R qualifier_desc
c7e26678 R config_full
c7e26681 R config_full_total
c7e266a1 R config_high
c7e266aa R config_high_total
c7e266cc r C.7.2206
c7e2dc0c D init_sequence
c7e2dc40 D NetBcastAddr
c7e2dc46 D NetOurVLAN
c7e2dc48 D NetOurNativeVLAN
c7e2dc4c d nfs_offset
c7e2dc50 D nand_curr_device
c7e2dc54 d nand_oob_8
c7e2dea4 d nand_oob_16
c7e2e0f4 d nand_oob_64
c7e2e344 d nand_oob_128
c7e2e594 D nand_flash_ids
c7e2eb34 D nand_manuf_ids
c7e2eb74 d bbt_main_descr
c7e2eb98 d bbt_mirror_descr
c7e2ebbc d agand_flashbased
c7e2ebe0 d largepage_flashbased
c7e2ec04 d smallpage_flashbased
c7e2ec28 d largepage_memorybased
c7e2ec4c d smallpage_memorybased
c7e2ec70 d bbt_pattern
c7e2ec74 d mirror_pattern
c7e2ec78 d scan_agand_pattern
c7e2ec7e d scan_ff_pattern
c7e2ec80 d hist_cur
c7e2ec84 D load_addr
c7e2ec88 D weekdays
c7e2eca4 D op_table
c7e2ed0c d do_echo
c7e2ed10 D dp_last_length
c7e2ed14 D stdio_names
c7e2ed20 d trim_threshold
c7e2ed24 d mmap_threshold
c7e2ed28 d av_
c7e2f130 d sbrk_base
c7e2f134 D env_get_char
c7e2f138 D default_environment
c7e2f284 D default_environment_size
c7e2f288 D env_name_spec
c7e2f28c d reserved_list
c7e2f310 D _ctype
c7e2f410 D zlib_version
c7e2f414 D z_errmsg
c7e2f434 d cplens
c7e2f4b0 d cplext
c7e2f52c d cpdist
c7e2f5a4 d cpdext
c7e2f61c d fixed_left
c7e2f620 d s3c_nand_oob_mlc_64
c7e2f870 d s3c_nand_oob_16
c7e2fac0 d s3c_nand_oob_mlc_128
c7e2fd10 d s3c_nand_oob_mlc_128_8bit
c7e2ff60 D test_pkt
c7e2ff98 d cur_part
c7e2ff9c d month_days
c7e2ffcc d autoplace_oobinfo
c7e3021c d jffs2_oobinfo
c7e3046c d yaffs_oobinfo
c7e306bc A __u_boot_cmd_start
c7e306bc D __u_boot_cmd_bdinfo
c7e306d4 D __u_boot_cmd_go
c7e306ec D __u_boot_cmd_reset
c7e30704 D __u_boot_cmd_bootm
c7e3071c D __u_boot_cmd_imls
c7e30734 D __u_boot_cmd_icache
c7e3074c D __u_boot_cmd_dcache
c7e30764 D __u_boot_cmd_branch
c7e3077c D __u_boot_cmd_date
c7e30794 D __u_boot_cmd_bootelf
c7e307ac D __u_boot_cmd_bootvx
c7e307c4 D __u_boot_cmd_fatload
c7e307dc D __u_boot_cmd_fatls
c7e307f4 D __u_boot_cmd_fatinfo
c7e3080c D __u_boot_cmd_flinfo
c7e30824 D __u_boot_cmd_erase
c7e3083c D __u_boot_cmd_protect
c7e30854 D __u_boot_cmd_itest
c7e3086c D __u_boot_cmd_loads
c7e30884 D __u_boot_cmd_loadb
c7e3089c D __u_boot_cmd_loady
c7e308b4 D __u_boot_cmd_md
c7e308cc D __u_boot_cmd_mm
c7e308e4 D __u_boot_cmd_nm
c7e308fc D __u_boot_cmd_mw
c7e30914 D __u_boot_cmd_cp
c7e3092c D __u_boot_cmd_cmp
c7e30944 D __u_boot_cmd_crc32
c7e3095c D __u_boot_cmd_base
c7e30974 D __u_boot_cmd_loop
c7e3098c D __u_boot_cmd_mtest
c7e309a4 D __u_boot_cmd_sleep
c7e309bc D __u_boot_cmd_nand
c7e309d4 D __u_boot_cmd_nboot
c7e309ec D __u_boot_cmd_bootp
c7e30a04 D __u_boot_cmd_tftpboot
c7e30a1c D __u_boot_cmd_rarpboot
c7e30a34 D __u_boot_cmd_nfs
c7e30a4c D __u_boot_cmd_ping
c7e30a64 D __u_boot_cmd_printenv
c7e30a7c D __u_boot_cmd_setenv
c7e30a94 D __u_boot_cmd_saveenv
c7e30aac D __u_boot_cmd_usb
c7e30ac4 D __u_boot_cmd_version
c7e30adc D __u_boot_cmd_setlcd
c7e30af4 D __u_boot_cmd_echo
c7e30b0c D __u_boot_cmd_test
c7e30b24 D __u_boot_cmd_exit
c7e30b3c D __u_boot_cmd_help
c7e30b54 D __u_boot_cmd_question_mark
c7e30b6c D __u_boot_cmd_dnw
c7e30b84 D __u_boot_cmd_movi
c7e30b9c A __u_boot_cmd_end
c7e34000 R mmu_table
c7e38000 A __bss_start
c7e38000 B movi_hc
c7e38004 B timer_load_val
c7e38008 b timestamp
c7e3800c b lastdec
c7e38010 B movi_ch
c7e38014 b BlockNum_HSMMC
c7e38018 b WriteBlockCnt_INT
c7e3801c b HS_DMA_END
c7e38020 b BufferBoundary_INT_Cnt
c7e38024 b CompareCnt_INT
c7e38028 b COMPARE_INT_DONE
c7e3802c b rca
c7e38030 b ocr_check
c7e38034 b ReadBlockCnt_INT
c7e38038 b mmc_card
c7e3803c b card_mid
c7e38040 b regs
c7e38044 b Tx_buffer_HSMMC
c7e38048 b Rx_buffer_HSMMC
c7e3804c b Compare_buffer_HSMMC
c7e38050 b rd_cnt_HSMMC
c7e38054 b wt_cnt_HSMMC
c7e38058 b mmc_spec
c7e3805c b sd_spec
c7e38060 b HCLK
c7e38064 b mmc_dev
c7e380c8 B monitor_flash_len
c7e380cc b mem_malloc_start
c7e380d0 b mem_malloc_end
c7e380d4 b mem_malloc_brk
c7e380d8 B NetOurSubnetMask
c7e380dc B NetOurGatewayIP
c7e380e0 B NetOurDNSIP
c7e380e4 B NetOurNISDomain
c7e38104 B NetOurHostName
c7e38124 B NetOurRootPath
c7e38164 B NetBootFileSize
c7e38166 B NetServerEther
c7e3816c B NetEtherNullAddr
c7e38174 B NetTxPacket
c7e38178 B NetBootFileXferSize
c7e3817c B NetOurEther
c7e38184 B NetOurIP
c7e38188 B NetServerIP
c7e3818c B NetRxPackets
c7e3819c B NetRxPkt
c7e381a0 B NetRxPktLen
c7e381a4 B NetIPID
c7e381a8 B NetState
c7e381ac B BootFile
c7e3822c B NetPingIP
c7e38230 B PktBuf
c7e3a050 B NetArpWaitPacketIP
c7e3a054 B NetArpWaitReplyIP
c7e3a058 B NetArpWaitPacketMAC
c7e3a05c B NetArpWaitTxPacket
c7e3a060 B NetArpWaitTxPacketSize
c7e3a064 B NetArpWaitPacketBuf
c7e3a684 B NetArpWaitTimerStart
c7e3a688 B NetArpWaitTry
c7e3a68c b mac.2849
c7e3a694 b packetHandler
c7e3a698 b timeHandler
c7e3a69c b timeStart
c7e3a6a0 b timeDelta
c7e3a6a4 b PingSeqNo
c7e3a6a8 b TftpServerPort
c7e3a6ac b TftpOurPort
c7e3a6b0 b TftpTimeoutCount
c7e3a6b4 b TftpBlock
c7e3a6b8 b TftpLastBlock
c7e3a6bc b TftpBlockWrap
c7e3a6c0 b TftpBlockWrapOffset
c7e3a6c4 b TftpState
c7e3a6c8 b default_filename
c7e3a6d8 b tftp_filename
c7e3a6dc B BootpID
c7e3a6e0 B BootpTry
c7e3a6e4 B RarpTry
c7e3a6e8 b rpc_id
c7e3a6ec b fs_mounted
c7e3a6f0 b nfs_len
c7e3a6f4 b dirfh
c7e3a714 b filefh
c7e3a734 b NfsDownloadState
c7e3a738 b NfsServerIP
c7e3a73c b NfsSrvMountPort
c7e3a740 b NfsSrvNfsPort
c7e3a744 b NfsOurPort
c7e3a748 b NfsTimeoutCount
c7e3a74c b NfsState
c7e3a750 b default_filename
c7e3a790 b nfs_filename
c7e3a794 b nfs_path
c7e3a798 b nfs_path_buff
c7e3af98 B nand_info
c7e3b04c b nand_chip
c7e3b150 B hist_num
c7e3b154 B console_buffer
c7e3b254 B hist_list
c7e3b2a4 B hist_lines
c7e3c6a4 b initted.2511
c7e3c6a8 b hist_max
c7e3c6ac b hist_add_idx
c7e3c6b0 B header
c7e3c6f0 B os_data_count
c7e3c6f4 B os_data_header
c7e3c714 B his_eol
c7e3c718 B his_pad_count
c7e3c71c B his_pad_char
c7e3c71d B his_quote
c7e3c720 B os_data_init
c7e3c724 B os_data_char
c7e3c728 B send_parms
c7e3c73c B send_ptr
c7e3c740 b a_b
c7e3c758 b os_data_state
c7e3c75c b os_data_state_saved
c7e3c760 b os_data_count_saved
c7e3c764 b os_data_addr
c7e3c768 b os_data_addr_saved
c7e3c76c b bin_start_address
c7e3c770 b k_data_escape
c7e3c774 b k_data_escape_saved
c7e3c778 B dp_last_addr
c7e3c77c B dp_last_size
c7e3c780 B mm_last_addr
c7e3c784 B mm_last_size
c7e3c788 b base_address
c7e3c78c b ctrlc_was_pressed
c7e3c790 b ctrlc_disabled
c7e3c794 B devlist
c7e3c798 B stdio_devices
c7e3c7a4 b top_pad
c7e3c7a8 b n_mmaps_max
c7e3c7ac b current_mallinfo
c7e3c7d4 b max_sbrked_mem
c7e3c7d8 b max_total_mem
c7e3c7dc B env_ptr
c7e3c7e0 B last_return_code
c7e3c7e4 B nesting_level
c7e3c7e8 b top_vars
c7e3c7ec b flag_repeat
c7e3c7f0 b do_repeat
c7e3c7f4 b the_command.2487
c7e3c8f4 b buf.2932
c7e3c91c b local.2460
c7e3c934 b ifs
c7e3c938 b map
c7e3ca38 B usb_started
c7e3ca3c b usb_dev
c7e492bc b dev_index
c7e492c0 b running
c7e492c4 b asynch_allowed
c7e492c8 b setup_packet
c7e492d0 b hub_dev
c7e493d0 b usb_hub_index
c7e493d4 b xyz
c7e49810 B ofsinfo
c7e49828 B ___strtok
c7e4982c b fixed_lock
c7e49830 b fixed_built
c7e49834 b fixed_mem
c7e4a8c4 b fixed_bl
c7e4a8c8 b fixed_bd
c7e4a8cc b fixed_tl
c7e4a8d0 b fixed_td
c7e4a8d4 B flash_info
c7e4a900 B gtd
c7e4b940 B ptd
c7e4ba00 B ghcca
c7e4bb00 B phcca
c7e4bb10 B ohci_dev
c7e4bca0 B urb_priv
c7e4bd74 B got_rhsc
c7e4bd78 B devgone
c7e4bd7c b gohci
c7e4bf00 B boot_nand
c7e4bf04 B cur_ecc_mode
c7e4bf08 B nand_type
c7e4bf0c B s3c_receive_done
c7e4bf10 B s3c_got_header
c7e4bf14 B op_mode
c7e4bf18 B speed
c7e4bf1c B s3c_usbd_dn_addr
c7e4bf20 B DNW
c7e4bf24 B remode_wakeup
c7e4bf28 B config_value
c7e4bf2a B otg
c7e4bfae B get_status
c7e4bfb3 B get_intf
c7e4bfb4 b params
c7e4bfb8 B get_vfatname_block
c7e5bfb8 B get_dentfromdir_block
c7e6bfb8 B do_fat_read_block
c7e7bfb8 b cur_dev
c7e7bfbc b part_offset
c7e7bfc0 b none_oobinfo
c7e7c210 b data_buf
c7e7ca10 b oob_buf
c7e7ca50 A _end
