Archive member included because of file (symbol)

board/samsung/smdk6410/libsmdk6410.a(lowlevel_init.o)
                              cpu/s3c64xx/start.o (lowlevel_init)
cpu/s3c64xx/libs3c64xx.a(interrupts.o)
                              cpu/s3c64xx/start.o (do_irq)
cpu/s3c64xx/libs3c64xx.a(cpu.o)
                              cpu/s3c64xx/libs3c64xx.a(interrupts.o) (reset_cpu)
cpu/s3c64xx/libs3c64xx.a(serial.o)
                              cpu/s3c64xx/libs3c64xx.a(cpu.o) (serial_getc)
cpu/s3c64xx/s3c6410/libs3c6410.a(speed.o)
                              cpu/s3c64xx/libs3c64xx.a(interrupts.o) (get_PCLK)
lib_arm/libarm.a(board.o)     lib_arm/div0.o (hang)
net/libnet.a(net.o)           lib_arm/libarm.a(board.o) (copy_filename)
net/libnet.a(tftp.o)          net/libnet.a(net.o) (TftpStart)
net/libnet.a(bootp.o)         net/libnet.a(net.o) (BootpRequest)
net/libnet.a(rarp.o)          net/libnet.a(net.o) (RarpRequest)
net/libnet.a(eth.o)           lib_arm/libarm.a(board.o) (eth_initialize)
net/libnet.a(nfs.o)           net/libnet.a(net.o) (NfsStart)
drivers/libdrivers.a(dm9000x.o)
                              net/libnet.a(net.o) (eth_rx)
drivers/nand/libnand.a(nand.o)
                              lib_arm/libarm.a(board.o) (nand_init)
drivers/nand/libnand.a(nand_base.o)
                              drivers/nand/libnand.a(nand.o) (nand_scan)
drivers/nand/libnand.a(nand_ids.o)
                              drivers/nand/libnand.a(nand_base.o) (nand_flash_ids)
drivers/nand/libnand.a(nand_ecc.o)
                              drivers/nand/libnand.a(nand_base.o) (nand_calculate_ecc)
drivers/nand/libnand.a(nand_bbt.o)
                              drivers/nand/libnand.a(nand_base.o) (nand_isbad_bbt)
common/libcommon.a(main.o)    lib_arm/libarm.a(board.o) (main_loop)
common/libcommon.a(cmd_bdinfo.o)
                              (__u_boot_cmd_bdinfo)
common/libcommon.a(cmd_boot.o)
                              (__u_boot_cmd_go)
common/libcommon.a(cmd_bootm.o)
                              lib_arm/libarm.a(board.o) (load_addr)
common/libcommon.a(cmd_cache.o)
                              (__u_boot_cmd_icache)
common/libcommon.a(cmd_date.o)
                              (__u_boot_cmd_date)
common/libcommon.a(cmd_elf.o)
                              common/libcommon.a(cmd_bootm.o) (do_bootvx)
common/libcommon.a(cmd_flash.o)
                              (__u_boot_cmd_flinfo)
common/libcommon.a(cmd_itest.o)
                              (__u_boot_cmd_itest)
common/libcommon.a(cmd_load.o)
                              (__u_boot_cmd_loads)
common/libcommon.a(cmd_mem.o)
                              common/libcommon.a(cmd_itest.o) (cmd_get_data_size)
common/libcommon.a(cmd_misc.o)
                              (__u_boot_cmd_sleep)
common/libcommon.a(cmd_nand.o)
                              (__u_boot_cmd_nand)
common/libcommon.a(cmd_net.o)
                              (__u_boot_cmd_bootp)
common/libcommon.a(cmd_nvedit.o)
                              lib_arm/libarm.a(board.o) (getenv_r)
common/libcommon.a(cmd_usb.o)
                              (__u_boot_cmd_usb)
common/libcommon.a(command.o)
                              common/libcommon.a(main.o) (find_cmd)
common/libcommon.a(console.o)
                              cpu/s3c64xx/libs3c64xx.a(interrupts.o) (printf)
common/libcommon.a(devices.o)
                              lib_arm/libarm.a(board.o) (devices_init)
common/libcommon.a(dlmalloc.o)
                              drivers/nand/libnand.a(nand_base.o) (free)
common/libcommon.a(env_common.o)
                              common/libcommon.a(cmd_nvedit.o) (env_get_addr)
common/libcommon.a(env_nand.o)
                              common/libcommon.a(env_common.o) (env_get_char_spec)
common/libcommon.a(exports.o)
                              lib_arm/libarm.a(board.o) (jumptable_init)
common/libcommon.a(flash.o)   common/libcommon.a(cmd_load.o) (addr2info)
common/libcommon.a(hush.o)    common/libcommon.a(main.o) (u_boot_hush_start)
common/libcommon.a(lists.o)   common/libcommon.a(console.o) (ListGetPtrToItem)
common/libcommon.a(s_record.o)
                              common/libcommon.a(cmd_load.o) (srec_decode)
common/libcommon.a(usb.o)     common/libcommon.a(cmd_usb.o) (usb_get_dev_index)
common/libcommon.a(xyzModem.o)
                              common/libcommon.a(cmd_load.o) (xyzModem_error)
common/libcommon.a(cmd_usbd.o)
                              (__u_boot_cmd_dnw)
common/libcommon.a(crc16.o)   common/libcommon.a(xyzModem.o) (cyg_crc16)
lib_generic/libgeneric.a(crc32.o)
                              common/libcommon.a(cmd_bootm.o) (crc32)
lib_generic/libgeneric.a(ctype.o)
                              common/libcommon.a(hush.o) (_ctype)
lib_generic/libgeneric.a(display_options.o)
                              lib_arm/libarm.a(board.o) (print_size)
lib_generic/libgeneric.a(string.o)
                              net/libnet.a(net.o) (strcpy)
lib_generic/libgeneric.a(vsprintf.o)
[...]
Memory Configuration

Name             Origin             Length             Attributes
*default*        0x00000000         0xffffffff

Linker script and memory map

                0x00000000                . = 0x0
                0x00000000                . = ALIGN (0x4)

.text           0xc7e00000    0x21380
 cpu/s3c64xx/start.o(.text)
 .text          0xc7e00000      0x480 cpu/s3c64xx/start.o
                0xc7e00040                _end_vect
                0xc7e0017c                theLastJump
                0xc7e00460                arm1136_cache_flush
                0xc7e0004c                _bss_start
                0xc7e00050                _bss_end
                0xc7e00048                _armboot_start
                0xc7e00120                copy_from_nand
                0xc7e00000                _start
 cpu/s3c64xx/s3c6410/cpu_init.o(.text)
 .text          0xc7e00480      0x15c cpu/s3c64xx/s3c6410/cpu_init.o
                0xc7e005b0                cleanFlushCache
                0xc7e005a4                cleanFlushDCache
                0xc7e00480                mem_ctrl_asm_init
                0xc7e00598                cleanDCache
 cpu/s3c64xx/onenand_cp.o(.text)
 .text          0xc7e005dc        0x0 cpu/s3c64xx/onenand_cp.o
 cpu/s3c64xx/nand_cp.o(.text)
 .text          0xc7e005dc      0x1c8 cpu/s3c64xx/nand_cp.o
                0xc7e0069c                copy_uboot_to_ram
 cpu/s3c64xx/movi.o(.text)
 .text          0xc7e007a4        0x0 cpu/s3c64xx/movi.o
 *(.text)
 .text          0xc7e007a4        0xc lib_arm/div0.o
                0xc7e007a8                __aeabi_ldiv0
                0xc7e007ac                __div0
                0xc7e007a4                raise
 .text          0xc7e007b0      0x2b8 board/samsung/smdk6410/libsmdk6410.a(lowlevel_init.o)
                0xc7e007b4                lowlevel_init
 .text          0xc7e00a68      0x49c cpu/s3c64xx/libs3c64xx.a(interrupts.o)
                0xc7e00a8c                set_timer
                0xc7e00abc                reset_timer
                0xc7e00e2c                do_fiq
                0xc7e00c30                interrupt_init
                0xc7e00ee0                do_undefined_instruction
                0xc7e00cac                show_regs
                0xc7e00e08                do_irq
                0xc7e00c18                get_tbclk
                0xc7e00b08                get_timer
                0xc7e00a9c                reset_timer_masked
                0xc7e00dec                bad_mode
                0xc7e00ac0                get_timer_masked
                0xc7e00b1c                udelay
                0xc7e00b90                udelay_masked
                0xc7e00e98                do_prefetch_abort
                0xc7e00c04                get_ticks
                0xc7e00a84                disable_interrupts
                0xc7e00e50                do_not_used
                0xc7e00e74                do_data_abort
                0xc7e00ebc                do_software_interrupt
                0xc7e00a80                enable_interrupts
 .text          0xc7e00f04      0x1a4 cpu/s3c64xx/libs3c64xx.a(cpu.o)
                0xc7e0102c                cleanup_before_linux
                0xc7e00f94                dcache_enable
                0xc7e00f40                cpu_init
                0xc7e00f48                icache_enable
                0xc7e00fe0                branch_enable
                0xc7e01090                do_reset
                0xc7e00ffc                branch_disable
                0xc7e01058                reset_cpu
                0xc7e01018                branch_status
                0xc7e00f64                icache_disable
                0xc7e00fcc                dcache_status
                0xc7e00f80                icache_status
                0xc7e00fb0                dcache_disable
 .text          0xc7e010a8       0xb4 cpu/s3c64xx/libs3c64xx.a(serial.o)
                0xc7e010b8                serial_setbrg
                0xc7e0111c                serial_tstc
                0xc7e010ec                serial_putc
                0xc7e010bc                serial_init
                0xc7e01134                serial_puts
                0xc7e010cc                serial_getc
 .text          0xc7e0115c      0x254 cpu/s3c64xx/s3c6410/libs3c6410.a(speed.o)
                0xc7e0122c                get_HCLK
                0xc7e011d8                get_PCLK
                0xc7e011d0                get_FCLK
                0xc7e01280                get_ARMCLK
                0xc7e011c8                get_UCLK
                0xc7e012a8                print_cpuinfo
 .text          0xc7e013b0      0x2d8 lib_arm/libarm.a(board.o)
                0xc7e013e4                hang
                0xc7e014a4                start_armboot
                0xc7e013b0                sbrk
 .text          0xc7e01688     0x1268 net/libnet.a(net.o)
                0xc7e0186c                getenv_IPaddr
                0xc7e0172c                NetCksumOk
                0xc7e0228c                NetSetTimeout
                0xc7e01750                copy_filename
                0xc7e0187c                NetEthHdrSize
                0xc7e01918                ip_to_string
                0xc7e02474                ArpTimeoutCheck
                0xc7e01c80                NetReceive
                0xc7e01804                string_to_ip
                0xc7e022bc                NetSendUDPPacket
                0xc7e01958                print_IPaddr
                0xc7e01a7c                NetSetEther
                0xc7e02504                NetLoop
                0xc7e01b94                ArpRequest
                0xc7e018c0                VLAN_to_string
                0xc7e017f4                getenv_VLAN
                0xc7e016e4                NetCksum
                0xc7e0197c                NetSetIP
                0xc7e017a8                string_to_VLAN
                0xc7e023f8                NetStartAgain
                0xc7e016d4                NetSetHandler
                0xc7e02150                PingSend
                0xc7e01b90                NetSendPacket
 .text          0xc7e028f0      0x5fc net/libnet.a(tftp.o)
                0xc7e02a64                TftpStart
 .text          0xc7e02eec      0x624 net/libnet.a(bootp.o)
                0xc7e02f94                BootpRequest
 .text          0xc7e03510      0x1ac net/libnet.a(rarp.o)
                0xc7e03510                RarpRequest
 .text          0xc7e036bc        0x8 net/libnet.a(eth.o)
                0xc7e036bc                eth_initialize
 .text          0xc7e036c4      0xe84 net/libnet.a(nfs.o)
                0xc7e03ef0                NfsStart
 .text          0xc7e04548      0x7ec drivers/libdrivers.a(dm9000x.o)
                0xc7e04728                eth_halt
                0xc7e0458c                eth_rx
                0xc7e04874                eth_init
                0xc7e047b8                eth_send
 .text          0xc7e04d34       0x9c drivers/nand/libnand.a(nand.o)
                0xc7e04d34                nand_init
 .text          0xc7e04dd0     0x2ff4 drivers/nand/libnand.a(nand_base.o)
                0xc7e077f4                nand_read
                0xc7e0512c                nand_wait_ready
                0xc7e05c10                nand_scan_ident
                0xc7e065c0                nand_scan
                0xc7e07a50                nand_erase_nand
                0xc7e060dc                nand_scan_tail
                0xc7e05bc8                nand_release
 .text          0xc7e07dc4        0x0 drivers/nand/libnand.a(nand_ids.o)
 .text          0xc7e07dc4      0x224 drivers/nand/libnand.a(nand_ecc.o)
                0xc7e07ebc                nand_correct_data
                0xc7e07dc4                nand_calculate_ecc
 .text          0xc7e07fe8     0x1700 drivers/nand/libnand.a(nand_bbt.o)
                0xc7e08284                nand_isbad_bbt
                0xc7e09624                nand_default_bbt
                0xc7e08eec                nand_update_bbt
                0xc7e091b0                nand_scan_bbt
 .text          0xc7e096e8      0xd30 common/libcommon.a(main.o)
                0xc7e096e8                run_command
                0xc7e09c60                readline
                0xc7e0a2f8                main_loop
 .text          0xc7e0a418       0xe8 common/libcommon.a(cmd_bdinfo.o)
                0xc7e0a42c                do_bdinfo
 .text          0xc7e0a500       0x80 common/libcommon.a(cmd_boot.o)
                0xc7e0a500                do_go
 .text          0xc7e0a580      0xbcc common/libcommon.a(cmd_bootm.o)
                0xc7e0a718                print_image_hdr
                0xc7e0a5a8                gunzip
                0xc7e0ab14                do_bootm
 .text          0xc7e0b14c      0x1c8 common/libcommon.a(cmd_cache.o)
                0xc7e0b188                do_branch
                0xc7e0b20c                do_dcache
                0xc7e0b290                do_icache
 .text          0xc7e0b314      0x328 common/libcommon.a(cmd_date.o)
                0xc7e0b528                do_date
                0xc7e0b358                mk_date
 .text          0xc7e0b63c      0x39c common/libcommon.a(cmd_elf.o)
                0xc7e0b934                do_bootelf
                0xc7e0b7b8                do_bootvx
                0xc7e0b63c                valid_elf_image
                0xc7e0b6b0                load_elf_image
 .text          0xc7e0b9d8      0x558 common/libcommon.a(cmd_flash.o)
                0xc7e0bba8                do_flinfo
                0xc7e0ba7c                flash_sect_erase
                0xc7e0bc18                do_protect
                0xc7e0bde4                do_flerase
                0xc7e0b9e8                flash_sect_protect
 .text          0xc7e0bf30      0x2f0 common/libcommon.a(cmd_itest.o)
                0xc7e0bf98                binary_test
                0xc7e0c178                do_itest
 .text          0xc7e0c220      0xd0c common/libcommon.a(cmd_load.o)
                0xc7e0c2bc                k_data_init
                0xc7e0c3ac                s1_sendpacket
                0xc7e0c3d8                handle_send_packet
                0xc7e0c304                k_data_restore
                0xc7e0c59c                send_nack
                0xc7e0c7bc                do_load_serial_bin
                0xc7e0c32c                k_data_char
                0xc7e0c240                chk1
                0xc7e0c2dc                k_data_save
                0xc7e0c220                ktrans
                0xc7e0c37c                send_pad
                0xc7e0c5fc                send_ack
                0xc7e0ce4c                do_load_serial
 .text          0xc7e0cf2c      0xac4 common/libcommon.a(cmd_mem.o)
                0xc7e0cf2c                do_mem_base
                0xc7e0d5a4                do_mem_mw
                0xc7e0cf70                do_mem_crc
                0xc7e0d7d4                do_mem_nm
                0xc7e0d7f4                do_mem_mm
                0xc7e0d2d0                do_mem_cp
                0xc7e0d028                do_mem_mtest
                0xc7e0d400                do_mem_cmp
                0xc7e0d154                cmd_get_data_size
                0xc7e0d1cc                do_mem_loop
                0xc7e0d814                do_mem_md
 .text          0xc7e0d9f0       0x90 common/libcommon.a(cmd_misc.o)
                0xc7e0d9f0                do_sleep
 .text          0xc7e0da80      0xf74 common/libcommon.a(cmd_nand.o)
                0xc7e0dbe0                do_nandboot
                0xc7e0de14                do_nand
 .text          0xc7e0e9f4      0x374 common/libcommon.a(cmd_net.o)
                0xc7e0ed44                do_rarpb
                0xc7e0e9f4                do_ping
                0xc7e0ed50                do_tftpb
                0xc7e0ed5c                do_bootp
                0xc7e0ed38                do_nfs
 .text          0xc7e0ed68      0x888 common/libcommon.a(cmd_nvedit.o)
                0xc7e0eec4                getenv
                0xc7e0ef40                _do_setenv
                0xc7e0edd8                getenv_r
                0xc7e0f44c                do_printenv
                0xc7e0f418                setenv
                0xc7e0ee98                do_saveenv
                0xc7e0f3d8                do_setenv
 .text          0xc7e0f5f0      0xa44 common/libcommon.a(cmd_usb.o)
                0xc7e0fd1c                usb_display_conf_desc
                0xc7e0f8e0                usb_show_tree_graph
                0xc7e0f5f0                usb_get_class_desc
                0xc7e0f698                usb_display_ep_desc
                0xc7e0fb2c                usb_display_desc
                0xc7e0f76c                usb_display_class_sub
                0xc7e0faf8                usb_show_tree
                0xc7e0fc5c                usb_display_string
                0xc7e0fc94                usb_display_if_desc
                0xc7e0fdc8                usb_display_config
                0xc7e0fe58                do_usb
 .text          0xc7e10034      0x938 common/libcommon.a(command.o)
                0xc7e100c8                do_echo
                0xc7e107c0                do_setlcd
                0xc7e10314                do_exit
                0xc7e10034                find_cmd
                0xc7e10344                do_test
                0xc7e10148                do_help
                0xc7e102f4                do_version
 .text          0xc7e1096c      0x580 common/libcommon.a(console.o)
                0xc7e10c6c                console_init_r
                0xc7e10c2c                printf
                0xc7e10b0c                console_assign
                0xc7e10e84                getc
                0xc7e10be4                puts
                0xc7e10af0                dbg
                0xc7e10e10                serial_printf
                0xc7e10a34                ftstc
                0xc7e10b9c                fprintf
                0xc7e10e6c                tstc
                0xc7e10c00                vprintf
                0xc7e10e9c                ctrlc
                0xc7e10e50                putc
                0xc7e10ab4                disable_ctrlc
                0xc7e10a0c                fgetc
                0xc7e10acc                had_ctrlc
                0xc7e10a5c                fputc
                0xc7e10afc                console_init_f
                0xc7e10adc                clear_ctrlc
                0xc7e10a88                fputs
 .text          0xc7e10eec      0x100 common/libcommon.a(devices.o)
                0xc7e10f08                device_register
                0xc7e10eec                devices_done
                0xc7e10f2c                devices_init
 .text          0xc7e10fec     0x1060 common/libcommon.a(dlmalloc.o)
                0xc7e113dc                malloc
                0xc7e11acc                pvalloc
                0xc7e11af0                calloc
                0xc7e11024                malloc_usable_size
                0xc7e11bd0                realloc
                0xc7e110e0                malloc_trim
                0xc7e10fec                malloc_bin_reloc
                0xc7e11068                mallopt
                0xc7e119bc                memalign
                0xc7e113d8                cfree
                0xc7e11ae4                valloc
                0xc7e111ac                free
 .text          0xc7e1204c      0x120 common/libcommon.a(env_common.o)
                0xc7e1206c                env_get_addr
                0xc7e120d8                env_relocate
                0xc7e120ac                env_crc_update
                0xc7e1204c                env_get_char_memory
 .text          0xc7e1216c      0x1fc common/libcommon.a(env_nand.o)
                0xc7e122e0                env_relocate_spec
                0xc7e12194                saveenv
                0xc7e1216c                env_get_char_spec
                0xc7e12178                env_init
 .text          0xc7e12368       0xc4 common/libcommon.a(exports.o)
                0xc7e12374                jumptable_init
                0xc7e1236c                get_version
 .text          0xc7e1242c      0x1f4 common/libcommon.a(flash.o)
                0xc7e12530                flash_write
                0xc7e1242c                flash_protect
                0xc7e12528                addr2info
                0xc7e12540                flash_perror
 .text          0xc7e12620     0x1c40 common/libcommon.a(hush.o)
                0xc7e12a0c                new_pipe
                0xc7e1275c                mapset
                0xc7e139ec                parse_string_outer
                0xc7e13358                update_ifs_map
                0xc7e139a8                parse_file_outer
                0xc7e1263c                simple_itoa
                0xc7e12d3c                reserved_word
                0xc7e12788                u_boot_hush_start
 .text          0xc7e14260      0x3f4 common/libcommon.a(lists.o)
                0xc7e14574                DisposeHandle
                0xc7e14594                ListDispose
                0xc7e1439c                ListInsertItems
                0xc7e14268                ListSetAllocationPolicy
                0xc7e142c0                ListGetItemSize
                0xc7e142b4                ListGetDataPtr
                0xc7e14598                NewHandle
                0xc7e14320                SetHandleSize
                0xc7e1456c                ListInsertItem
                0xc7e14260                GetHandleSize
                0xc7e142cc                ListNumItems
                0xc7e1427c                ListGetPtrToItem
                0xc7e145f4                ListCreate
                0xc7e142d8                ListGetItems
 .text          0xc7e14654      0x2dc common/libcommon.a(s_record.o)
                0xc7e146c0                srec_decode
 .text          0xc7e14930     0x1708 common/libcommon.a(usb.o)
                0xc7e15484                usb_set_idle
                0xc7e14948                usb_maxpacket
                0xc7e15c68                usb_hub_probe
                0xc7e14d38                usb_stop
                0xc7e15fbc                usb_init
                0xc7e14930                usb_disable_asynch
                0xc7e157d4                usb_clear_halt
                0xc7e14d8c                usb_bulk_msg
                0xc7e153a4                usb_get_class_descriptor
                0xc7e15f58                usb_scan_devices
                0xc7e150b8                usb_get_hub_descriptor
                0xc7e14ef0                usb_get_port_status
                0xc7e14d34                usb_submit_int_msg
                0xc7e14ba0                usb_parse_config
                0xc7e14df0                usb_control_msg
                0xc7e154e8                usb_set_protocol
                0xc7e158cc                usb_hub_port_connect_change
                0xc7e155b0                usb_set_interface
                0xc7e14abc                usb_hub_allocate
                0xc7e152a4                usb_string
                0xc7e15414                usb_get_report
                0xc7e156c0                usb_get_descriptor
                0xc7e15a28                usb_hub_configure
                0xc7e15114                usb_get_string
                0xc7e14d68                wait_ms
                0xc7e15064                usb_clear_hub_feature
                0xc7e1572c                usb_get_configuration_no
                0xc7e15004                usb_clear_port_feature
                0xc7e14fa4                usb_set_port_feature
                0xc7e15cc8                usb_new_device
                0xc7e14f50                usb_get_hub_status
                0xc7e15548                usb_set_configuration
                0xc7e1496c                usb_set_maxpacket
                0xc7e1567c                usb_set_address
                0xc7e14b04                usb_alloc_new_device
                0xc7e14aa8                usb_hub_reset
                0xc7e14a78                usb_get_dev_index
 .text          0xc7e16038      0x9d8 common/libcommon.a(xyzModem.o)
                0xc7e16160                xyzModem_error
                0xc7e161fc                xyzModem_stream_close
                0xc7e16250                CYGACC_COMM_IF_GETC_TIMEOUT
                0xc7e16038                parse_num
                0xc7e162cc                xyzModem_stream_terminate
                0xc7e168b0                xyzModem_stream_open
                0xc7e16248                CYGACC_COMM_IF_PUTC
                0xc7e16624                xyzModem_stream_read
 .text          0xc7e16a10      0x114 common/libcommon.a(cmd_usbd.o)
                0xc7e16a10                do_usbd_dnw
 .text          0xc7e16b24       0x48 common/libcommon.a(crc16.o)
                0xc7e16b24                cyg_crc16
 .text          0xc7e16b6c      0x220 lib_generic/libgeneric.a(crc32.o)
                0xc7e16b6c                crc32
                0xc7e16c80                crc32_no_comp
 .text          0xc7e16d8c        0x0 lib_generic/libgeneric.a(ctype.o)
 .text          0xc7e16d8c       0xc0 lib_generic/libgeneric.a(display_options.o)
                0xc7e16e2c                display_options
                0xc7e16d8c                print_size
 .text          0xc7e16e4c      0x598 lib_generic/libgeneric.a(string.o)
                0xc7e16e4c                strcpy
                0xc7e172ec                memscan
                0xc7e17250                memmove
                0xc7e1722c                memcpy
                0xc7e17194                strswab
                0xc7e17034                strnlen
                0xc7e16ffc                strrchr
                0xc7e16e90                strcat
                0xc7e17380                memchr
                0xc7e1731c                strstr
                0xc7e16f60                strncmp
                0xc7e16e68                strncpy
                0xc7e17200                bcopy
                0xc7e170e0                strtok
                0xc7e172ac                memcmp
                0xc7e16ec4                strncat
                0xc7e173b0                strdup
                0xc7e171e0                memset
                0xc7e16f28                strcmp
                0xc7e17160                strsep
                0xc7e1705c                strspn
                0xc7e16fdc                strlen
                0xc7e16fb0                strchr
                0xc7e170a0                strpbrk
 .text          0xc7e173e4      0x800 lib_generic/libgeneric.a(vsprintf.o)
                0xc7e177b8                vsprintf
                0xc7e1749c                simple_strtol
                0xc7e17768                panic
                0xc7e17bbc                sprintf
                0xc7e173e4                simple_strtoul
 .text          0xc7e17be4     0x2d94 lib_generic/libgeneric.a(zlib.o)
                0xc7e18c98                inflate
                0xc7e18734                inflateInit2
                0xc7e189f8                inflateIncomp
                0xc7e18880                adler32
                0xc7e185d4                inflateReset
                0xc7e18634                inflateSync
                0xc7e18878                inflateInit
                0xc7e1853c                inflateEnd
 .text          0xc7e1a978      0x150 board/samsung/smdk6410/libsmdk6410.a(smdk6410.o)
                0xc7e1a9c8                dram_init
                0xc7e1a9e8                virt_to_phy_smdk6410
                0xc7e1aa18                checkboard
                0xc7e1a978                board_init
                0xc7e1aa30                board_late_init
 .text          0xc7e1aac8      0x5d0 board/samsung/smdk6410/libsmdk6410.a(flash.o)
                0xc7e1ae48                flash_erase
                0xc7e1b04c                flash_init
                0xc7e1ad34                flash_print_info
                0xc7e1abc0                write_buff
 .text          0xc7e1b098      0x880 cpu/s3c64xx/libs3c64xx.a(i2c.o)
                0xc7e1b400                i2c_write
                0xc7e1b808                i2c_probe
                0xc7e1b554                I2CRead
                0xc7e1b590                vga_init
                0xc7e1b4bc                i2c_read
                0xc7e1b490                I2CWrite
                0xc7e1b844                i2c_init
 .text          0xc7e1b918      0x6f0 cpu/s3c64xx/libs3c64xx.a(usb_ohci.o)
                0xc7e1b990                rh_check_port_status
                0xc7e1b9c0                usb_lowlevel_stop
                0xc7e1ba7c                sohci_submit_job
                0xc7e1b9b0                submit_int_msg
                0xc7e1b9a0                submit_bulk_msg
                0xc7e1b9a8                submit_control_msg
                0xc7e1b9b8                usb_lowlevel_init
                0xc7e1b998                submit_common_msg
 .text          0xc7e1c008      0xc48 cpu/s3c64xx/libs3c64xx.a(nand.o)
                0xc7e1ca04                s3c_nand_correct_data_8bit
                0xc7e1c234                s3c_nand_calculate_ecc_8bit
                0xc7e1c2e8                s3c_nand_write_page_8bit
                0xc7e1c1e4                s3c_nand_enable_hwecc_8bit
                0xc7e1c580                board_nand_init
                0xc7e1cb4c                s3c_nand_read_page_8bit
 .text          0xc7e1cc50     0x2a4c cpu/s3c64xx/libs3c64xx.a(usbd-otg-hs.o)
                0xc7e1e8cc                s3c_usb_dma_in_done
                0xc7e1e9dc                s3c_usb_set_all_outep_nak
                0xc7e1ed24                s3c_usb_clear_upfile_info
                0xc7e1ef28                s3c_usb_verify_checksum
                0xc7e1ed94                s3c_usb_set_opmode
                0xc7e1f1ac                s3c_usb_pkt_receive
                0xc7e1f394                s3c_usb_transfer
                0xc7e1ece4                s3c_usb_clear_dnfile_info
                0xc7e1e2c8                s3c_usb_int_bulkin
                0xc7e1cd18                s3c_usb_set_inep_xfersize
                0xc7e1d604                s3c_usb_transfer_ep0
                0xc7e1d4e4                s3c_usb_set_otherspeed_conf_desc
                0xc7e1cca0                s3c_usb_set_soft_disconnect
                0xc7e1ea04                s3c_usb_clear_all_outep_nak
                0xc7e1f5d8                s3c_usbctl_init
                0xc7e1eb30                s3c_usb_set_descriptors
                0xc7e1f15c                s3c_usb_int_bulkout
                0xc7e1f4b8                s3c_udc_int_hndlr
                0xc7e1cd44                s3c_usb_set_outep_xfersize
                0xc7e1cd10                s3c_usb_stop
                0xc7e1ccc8                s3c_usb_init_device
                0xc7e1ed64                s3c_usb_check_setconf
                0xc7e1d0c4                s3c_usb_set_feature
                0xc7e1f278                s3c_usb_dma_out_done
                0xc7e1d2cc                s3c_usb_ep0_int_hndlr
                0xc7e1eadc                s3c_usb_set_endpoint
                0xc7e1eff0                s3c_usb_download_continue
                0xc7e1cdcc                s3c_usb_write_in_fifo
                0xc7e1f554                s3c_usb_wait_cable_insert
                0xc7e1d048                s3c_usb_clear_feature
                0xc7e1cd08                s3c_usbc_activate
                0xc7e1cd74                s3c_usb_write_ep0_fifo
                0xc7e1e6c0                s3c_usb_download_start
                0xc7e1ea2c                s3c_usb_set_max_pktsize
                0xc7e1cc8c                s3c_usb_check_current_mode
                0xc7e1d224                s3c_usb_get_status
                0xc7e1eccc                s3c_usb_check_speed
                0xc7e1e494                s3c_usb_upload_start
                0xc7e1cc70                s3c_usb_init_core
                0xc7e1ccb4                s3c_usb_clear_soft_disconnect
                0xc7e1cc50                s3c_usb_core_soft_reset
                0xc7e1f22c                s3c_usb_print_pkt
                0xc7e1eecc                s3c_usb_set_init
                0xc7e1ee64                s3c_usb_reset
                0xc7e1ce78                s3c_usb_get_desc
                0xc7e1ce24                s3c_usb_read_out_fifo
                0xc7e1f5a0                s3c_usb_init_phy
 .text          0xc7e1f69c      0x410 lib_arm/libarm.a(armlinux.o)
                0xc7e1f6bc                do_bootm_linux
 .text          0xc7e1faac        0x4 lib_arm/libarm.a(cache.o)
                0xc7e1faac                flush_cache
 .text          0xc7e1fab0      0x298 rtc/librtc.a(date.o)
                0xc7e1fab0                GregorianDay
                0xc7e1fcb4                mktime
                0xc7e1fba4                to_tm
 .text          0xc7e1fd48      0x250 rtc/librtc.a(s3c64xx_rtc.o)
                0xc7e1fed0                rtc_set
                0xc7e1ff70                rtc_reset
                0xc7e1fdcc                rtc_get
 .text          0xc7e1ff98      0xe2c drivers/nand/libnand.a(nand_util.o)
                0xc7e1ffa0                nand_lock
                0xc7e1fff4                nand_unlock
                0xc7e20104                nand_get_lock_status
                0xc7e20a58                nand_erase_opts
                0xc7e20190                nand_read_opts
                0xc7e20538                nand_write_opts
 .text          0xc7e20dc4       0xf4 lib_generic/libgeneric.a(div64.o)
                0xc7e20dc4                __div64_32
 .text          0xc7e20eb8      0x114 /usr/local/arm/4.3.2/bin/../lib/gcc/arm-none-linux-gnueabi/4.3.2/armv4t/libgcc.a(_udivsi3.o)
                0xc7e20eb8                __udivsi3
                0xc7e20eb8                __aeabi_uidiv
                0xc7e20fac                __aeabi_uidivmod
 .text          0xc7e20fcc      0x148 /usr/local/arm/4.3.2/bin/../lib/gcc/arm-none-linux-gnueabi/4.3.2/armv4t/libgcc.a(_divsi3.o)
                0xc7e20fcc                __aeabi_idiv
                0xc7e20fcc                __divsi3
                0xc7e210f4                __aeabi_idivmod
 .text          0xc7e21114       0x1c /usr/local/arm/4.3.2/bin/../lib/gcc/arm-none-linux-gnueabi/4.3.2/armv4t/libgcc.a(_ashrdi3.o)
                0xc7e21114                __ashrdi3
                0xc7e21114                __aeabi_lasr
 .text          0xc7e21130       0x1c /usr/local/arm/4.3.2/bin/../lib/gcc/arm-none-linux-gnueabi/4.3.2/armv4t/libgcc.a(_ashldi3.o)
                0xc7e21130                __ashldi3
                0xc7e21130                __aeabi_llsl
 .text          0xc7e2114c       0x14 /usr/local/arm/4.3.2/bin/../lib/gcc/arm-none-linux-gnueabi/4.3.2/armv4t/libgcc.a(_dvmd_lnx.o)
                0xc7e2114c                __aeabi_idiv0
 lib_arm/div0.o()
 .data          0xc7e21160        0x0 lib_arm/div0.o
 .bss           0xc7e21160        0x0 lib_arm/div0.o
 .debug_abbrev  0xc7e21160       0x29 lib_arm/div0.o
 .debug_info    0xc7e21189       0x5f lib_arm/div0.o
 .debug_line    0xc7e211e8       0x41 lib_arm/div0.o
 *fill*         0xc7e21229        0x3 00
 .debug_frame   0xc7e2122c       0x40 lib_arm/div0.o
 .debug_pubnames
                0xc7e2126c       0x39 lib_arm/div0.o
 .debug_aranges
                0xc7e212a5       0x20 lib_arm/div0.o
 .debug_str     0xc7e212c5       0x66 lib_arm/div0.o
 .comment       0xc7e2132b       0x2a lib_arm/div0.o
 .note.GNU-stack
                0xc7e21355        0x0 lib_arm/div0.o
 .ARM.attributes
                0xc7e21355       0x28 lib_arm/div0.o
 *fill*         0xc7e2137d        0x3 00
 .glue_7        0xc7e21380        0x0 lib_arm/div0.o
 .glue_7t       0xc7e21380        0x0 lib_arm/div0.o
 .vfp11_veneer  0xc7e21380        0x0 lib_arm/div0.o
 .janus_2cc_veneer
                0xc7e21380        0x0 lib_arm/div0.o
 .v4_bx         0xc7e21380        0x0 lib_arm/div0.o

.glue_7         0xc7e21380        0x0
 .glue_7        0xc7e21380        0x0 cpu/s3c64xx/start.o
 .glue_7        0xc7e21380        0x0 cpu/s3c64xx/s3c6410/cpu_init.o
 .glue_7        0xc7e21380        0x0 cpu/s3c64xx/onenand_cp.o
 .glue_7        0xc7e21380        0x0 cpu/s3c64xx/nand_cp.o
 .glue_7        0xc7e21380        0x0 cpu/s3c64xx/movi.o
 .glue_7        0xc7e21380        0x0 board/samsung/smdk6410/libsmdk6410.a(lowlevel_init.o)
 .glue_7        0xc7e21380        0x0 cpu/s3c64xx/libs3c64xx.a(interrupts.o)
 .glue_7        0xc7e21380        0x0 cpu/s3c64xx/libs3c64xx.a(cpu.o)
 .glue_7        0xc7e21380        0x0 cpu/s3c64xx/libs3c64xx.a(serial.o)
 .glue_7        0xc7e21380        0x0 cpu/s3c64xx/s3c6410/libs3c6410.a(speed.o)
 .glue_7        0xc7e21380        0x0 lib_arm/libarm.a(board.o)
 .glue_7        0xc7e21380        0x0 net/libnet.a(net.o)
 .glue_7        0xc7e21380        0x0 net/libnet.a(tftp.o)
 .glue_7        0xc7e21380        0x0 net/libnet.a(bootp.o)
 .glue_7        0xc7e21380        0x0 net/libnet.a(rarp.o)
 .glue_7        0xc7e21380        0x0 net/libnet.a(eth.o)
 .glue_7        0xc7e21380        0x0 net/libnet.a(nfs.o)
 .glue_7        0xc7e21380        0x0 drivers/libdrivers.a(dm9000x.o)
 .glue_7        0xc7e21380        0x0 drivers/nand/libnand.a(nand.o)
 .glue_7        0xc7e21380        0x0 drivers/nand/libnand.a(nand_base.o)
 .glue_7        0xc7e21380        0x0 drivers/nand/libnand.a(nand_ids.o)
 .glue_7        0xc7e21380        0x0 drivers/nand/libnand.a(nand_ecc.o)
 .glue_7        0xc7e21380        0x0 drivers/nand/libnand.a(nand_bbt.o)
 .glue_7        0xc7e21380        0x0 common/libcommon.a(main.o)
 .glue_7        0xc7e21380        0x0 common/libcommon.a(cmd_bdinfo.o)
 .glue_7        0xc7e21380        0x0 common/libcommon.a(cmd_boot.o)
 .glue_7        0xc7e21380        0x0 common/libcommon.a(cmd_bootm.o)
 .glue_7        0xc7e21380        0x0 common/libcommon.a(cmd_cache.o)
 .glue_7        0xc7e21380        0x0 common/libcommon.a(cmd_date.o)
 .glue_7        0xc7e21380        0x0 common/libcommon.a(cmd_elf.o)
 .glue_7        0xc7e21380        0x0 common/libcommon.a(cmd_flash.o)
 .glue_7        0xc7e21380        0x0 common/libcommon.a(cmd_itest.o)
 .glue_7        0xc7e21380        0x0 common/libcommon.a(cmd_load.o)
 .glue_7        0xc7e21380        0x0 common/libcommon.a(cmd_mem.o)
 .glue_7        0xc7e21380        0x0 common/libcommon.a(cmd_misc.o)
 .glue_7        0xc7e21380        0x0 common/libcommon.a(cmd_nand.o)
 .glue_7        0xc7e21380        0x0 common/libcommon.a(cmd_net.o)
 .glue_7        0xc7e21380        0x0 common/libcommon.a(cmd_nvedit.o)
 .glue_7        0xc7e21380        0x0 common/libcommon.a(cmd_usb.o)
 .glue_7        0xc7e21380        0x0 common/libcommon.a(command.o)
 .glue_7        0xc7e21380        0x0 common/libcommon.a(console.o)
 .glue_7        0xc7e21380        0x0 common/libcommon.a(devices.o)
 .glue_7        0xc7e21380        0x0 common/libcommon.a(dlmalloc.o)
 .glue_7        0xc7e21380        0x0 common/libcommon.a(env_common.o)
 .glue_7        0xc7e21380        0x0 common/libcommon.a(env_nand.o)
 .glue_7        0xc7e21380        0x0 common/libcommon.a(exports.o)
 .glue_7        0xc7e21380        0x0 common/libcommon.a(flash.o)
 .glue_7        0xc7e21380        0x0 common/libcommon.a(hush.o)
 .glue_7        0xc7e21380        0x0 common/libcommon.a(lists.o)
 .glue_7        0xc7e21380        0x0 common/libcommon.a(s_record.o)
 .glue_7        0xc7e21380        0x0 common/libcommon.a(usb.o)
 .glue_7        0xc7e21380        0x0 common/libcommon.a(xyzModem.o)
 .glue_7        0xc7e21380        0x0 common/libcommon.a(cmd_usbd.o)
 .glue_7        0xc7e21380        0x0 common/libcommon.a(crc16.o)
 .glue_7        0xc7e21380        0x0 lib_generic/libgeneric.a(crc32.o)
 .glue_7        0xc7e21380        0x0 lib_generic/libgeneric.a(ctype.o)
 .glue_7        0xc7e21380        0x0 lib_generic/libgeneric.a(display_options.o)
 .glue_7        0xc7e21380        0x0 lib_generic/libgeneric.a(string.o)
 .glue_7        0xc7e21380        0x0 lib_generic/libgeneric.a(vsprintf.o)
 .glue_7        0xc7e21380        0x0 lib_generic/libgeneric.a(zlib.o)
 .glue_7        0xc7e21380        0x0 board/samsung/smdk6410/libsmdk6410.a(smdk6410.o)
 .glue_7        0xc7e21380        0x0 board/samsung/smdk6410/libsmdk6410.a(flash.o)
 .glue_7        0xc7e21380        0x0 cpu/s3c64xx/libs3c64xx.a(i2c.o)
 .glue_7        0xc7e21380        0x0 cpu/s3c64xx/libs3c64xx.a(usb_ohci.o)
 .glue_7        0xc7e21380        0x0 cpu/s3c64xx/libs3c64xx.a(nand.o)
 .glue_7        0xc7e21380        0x0 cpu/s3c64xx/libs3c64xx.a(usbd-otg-hs.o)
 .glue_7        0xc7e21380        0x0 lib_arm/libarm.a(armlinux.o)
 .glue_7        0xc7e21380        0x0 lib_arm/libarm.a(cache.o)
 .glue_7        0xc7e21380        0x0 rtc/librtc.a(date.o)
 .glue_7        0xc7e21380        0x0 rtc/librtc.a(s3c64xx_rtc.o)
 .glue_7        0xc7e21380        0x0 drivers/nand/libnand.a(nand_util.o)
 .glue_7        0xc7e21380        0x0 lib_generic/libgeneric.a(div64.o)
 .glue_7        0xc7e21380        0x0 /usr/local/arm/4.3.2/bin/../lib/gcc/arm-none-linux-gnueabi/4.3.2/armv4t/libgcc.a(_udivsi3.o)
 .glue_7        0xc7e21380        0x0 /usr/local/arm/4.3.2/bin/../lib/gcc/arm-none-linux-gnueabi/4.3.2/armv4t/libgcc.a(_divsi3.o)
 .glue_7        0xc7e21380        0x0 /usr/local/arm/4.3.2/bin/../lib/gcc/arm-none-linux-gnueabi/4.3.2/armv4t/libgcc.a(_ashrdi3.o)
 .glue_7        0xc7e21380        0x0 /usr/local/arm/4.3.2/bin/../lib/gcc/arm-none-linux-gnueabi/4.3.2/armv4t/libgcc.a(_ashldi3.o)
 .glue_7        0xc7e21380        0x0 /usr/local/arm/4.3.2/bin/../lib/gcc/arm-none-linux-gnueabi/4.3.2/armv4t/libgcc.a(_dvmd_lnx.o)

.glue_7t        0xc7e21380        0x0
 .glue_7t       0xc7e21380        0x0 cpu/s3c64xx/start.o
 .glue_7t       0xc7e21380        0x0 cpu/s3c64xx/s3c6410/cpu_init.o
 .glue_7t       0xc7e21380        0x0 cpu/s3c64xx/onenand_cp.o
 .glue_7t       0xc7e21380        0x0 cpu/s3c64xx/nand_cp.o
 .glue_7t       0xc7e21380        0x0 cpu/s3c64xx/movi.o
 .glue_7t       0xc7e21380        0x0 board/samsung/smdk6410/libsmdk6410.a(lowlevel_init.o)
 .glue_7t       0xc7e21380        0x0 cpu/s3c64xx/libs3c64xx.a(interrupts.o)
 .glue_7t       0xc7e21380        0x0 cpu/s3c64xx/libs3c64xx.a(cpu.o)
 .glue_7t       0xc7e21380        0x0 cpu/s3c64xx/libs3c64xx.a(serial.o)
 .glue_7t       0xc7e21380        0x0 cpu/s3c64xx/s3c6410/libs3c6410.a(speed.o)
 .glue_7t       0xc7e21380        0x0 lib_arm/libarm.a(board.o)
 .glue_7t       0xc7e21380        0x0 net/libnet.a(net.o)
 .glue_7t       0xc7e21380        0x0 net/libnet.a(tftp.o)
 .glue_7t       0xc7e21380        0x0 net/libnet.a(bootp.o)
 .glue_7t       0xc7e21380        0x0 net/libnet.a(rarp.o)
 .glue_7t       0xc7e21380        0x0 net/libnet.a(eth.o)
 .glue_7t       0xc7e21380        0x0 net/libnet.a(nfs.o)
 .glue_7t       0xc7e21380        0x0 drivers/libdrivers.a(dm9000x.o)
 .glue_7t       0xc7e21380        0x0 drivers/nand/libnand.a(nand.o)
 .glue_7t       0xc7e21380        0x0 drivers/nand/libnand.a(nand_base.o)
 .glue_7t       0xc7e21380        0x0 drivers/nand/libnand.a(nand_ids.o)
 .glue_7t       0xc7e21380        0x0 drivers/nand/libnand.a(nand_ecc.o)
 .glue_7t       0xc7e21380        0x0 drivers/nand/libnand.a(nand_bbt.o)
 .glue_7t       0xc7e21380        0x0 common/libcommon.a(main.o)
 .glue_7t       0xc7e21380        0x0 common/libcommon.a(cmd_bdinfo.o)
 .glue_7t       0xc7e21380        0x0 common/libcommon.a(cmd_boot.o)
 .glue_7t       0xc7e21380        0x0 common/libcommon.a(cmd_bootm.o)
 .glue_7t       0xc7e21380        0x0 common/libcommon.a(cmd_cache.o)
 .glue_7t       0xc7e21380        0x0 common/libcommon.a(cmd_date.o)
 .glue_7t       0xc7e21380        0x0 common/libcommon.a(cmd_elf.o)
 .glue_7t       0xc7e21380        0x0 common/libcommon.a(cmd_flash.o)
 .glue_7t       0xc7e21380        0x0 common/libcommon.a(cmd_itest.o)
 .glue_7t       0xc7e21380        0x0 common/libcommon.a(cmd_load.o)
 .glue_7t       0xc7e21380        0x0 common/libcommon.a(cmd_mem.o)
 .glue_7t       0xc7e21380        0x0 common/libcommon.a(cmd_misc.o)
 .glue_7t       0xc7e21380        0x0 common/libcommon.a(cmd_nand.o)
 .glue_7t       0xc7e21380        0x0 common/libcommon.a(cmd_net.o)
 .glue_7t       0xc7e21380        0x0 common/libcommon.a(cmd_nvedit.o)
 .glue_7t       0xc7e21380        0x0 common/libcommon.a(cmd_usb.o)
 .glue_7t       0xc7e21380        0x0 common/libcommon.a(command.o)
 .glue_7t       0xc7e21380        0x0 common/libcommon.a(console.o)
 .glue_7t       0xc7e21380        0x0 common/libcommon.a(devices.o)
 .glue_7t       0xc7e21380        0x0 common/libcommon.a(dlmalloc.o)
 .glue_7t       0xc7e21380        0x0 common/libcommon.a(env_common.o)
 .glue_7t       0xc7e21380        0x0 common/libcommon.a(env_nand.o)
 .glue_7t       0xc7e21380        0x0 common/libcommon.a(exports.o)
 .glue_7t       0xc7e21380        0x0 common/libcommon.a(flash.o)
 .glue_7t       0xc7e21380        0x0 common/libcommon.a(hush.o)
 .glue_7t       0xc7e21380        0x0 common/libcommon.a(lists.o)
 .glue_7t       0xc7e21380        0x0 common/libcommon.a(s_record.o)
 .glue_7t       0xc7e21380        0x0 common/libcommon.a(usb.o)
 .glue_7t       0xc7e21380        0x0 common/libcommon.a(xyzModem.o)
 .glue_7t       0xc7e21380        0x0 common/libcommon.a(cmd_usbd.o)
 .glue_7t       0xc7e21380        0x0 common/libcommon.a(crc16.o)
 .glue_7t       0xc7e21380        0x0 lib_generic/libgeneric.a(crc32.o)
 .glue_7t       0xc7e21380        0x0 lib_generic/libgeneric.a(ctype.o)
 .glue_7t       0xc7e21380        0x0 lib_generic/libgeneric.a(display_options.o)
 .glue_7t       0xc7e21380        0x0 lib_generic/libgeneric.a(string.o)
 .glue_7t       0xc7e21380        0x0 lib_generic/libgeneric.a(vsprintf.o)
 .glue_7t       0xc7e21380        0x0 lib_generic/libgeneric.a(zlib.o)
 .glue_7t       0xc7e21380        0x0 board/samsung/smdk6410/libsmdk6410.a(smdk6410.o)
 .glue_7t       0xc7e21380        0x0 board/samsung/smdk6410/libsmdk6410.a(flash.o)
 .glue_7t       0xc7e21380        0x0 cpu/s3c64xx/libs3c64xx.a(i2c.o)
 .glue_7t       0xc7e21380        0x0 cpu/s3c64xx/libs3c64xx.a(usb_ohci.o)
 .glue_7t       0xc7e21380        0x0 cpu/s3c64xx/libs3c64xx.a(nand.o)
 .glue_7t       0xc7e21380        0x0 cpu/s3c64xx/libs3c64xx.a(usbd-otg-hs.o)
 .glue_7t       0xc7e21380        0x0 lib_arm/libarm.a(armlinux.o)
 .glue_7t       0xc7e21380        0x0 lib_arm/libarm.a(cache.o)
 .glue_7t       0xc7e21380        0x0 rtc/librtc.a(date.o)
 .glue_7t       0xc7e21380        0x0 rtc/librtc.a(s3c64xx_rtc.o)
 .glue_7t       0xc7e21380        0x0 drivers/nand/libnand.a(nand_util.o)
 .glue_7t       0xc7e21380        0x0 lib_generic/libgeneric.a(div64.o)
 .glue_7t       0xc7e21380        0x0 /usr/local/arm/4.3.2/bin/../lib/gcc/arm-none-linux-gnueabi/4.3.2/armv4t/libgcc.a(_udivsi3.o)
 .glue_7t       0xc7e21380        0x0 /usr/local/arm/4.3.2/bin/../lib/gcc/arm-none-linux-gnueabi/4.3.2/armv4t/libgcc.a(_divsi3.o)
 .glue_7t       0xc7e21380        0x0 /usr/local/arm/4.3.2/bin/../lib/gcc/arm-none-linux-gnueabi/4.3.2/armv4t/libgcc.a(_ashrdi3.o)
 .glue_7t       0xc7e21380        0x0 /usr/local/arm/4.3.2/bin/../lib/gcc/arm-none-linux-gnueabi/4.3.2/armv4t/libgcc.a(_ashldi3.o)
 .glue_7t       0xc7e21380        0x0 /usr/local/arm/4.3.2/bin/../lib/gcc/arm-none-linux-gnueabi/4.3.2/armv4t/libgcc.a(_dvmd_lnx.o)

.vfp11_veneer   0xc7e21380        0x0
 .vfp11_veneer  0xc7e21380        0x0 cpu/s3c64xx/start.o
 .vfp11_veneer  0xc7e21380        0x0 cpu/s3c64xx/s3c6410/cpu_init.o
 .vfp11_veneer  0xc7e21380        0x0 cpu/s3c64xx/onenand_cp.o
 .vfp11_veneer  0xc7e21380        0x0 cpu/s3c64xx/nand_cp.o
 .vfp11_veneer  0xc7e21380        0x0 cpu/s3c64xx/movi.o
 .vfp11_veneer  0xc7e21380        0x0 board/samsung/smdk6410/libsmdk6410.a(lowlevel_init.o)
 .vfp11_veneer  0xc7e21380        0x0 cpu/s3c64xx/libs3c64xx.a(interrupts.o)
 .vfp11_veneer  0xc7e21380        0x0 cpu/s3c64xx/libs3c64xx.a(cpu.o)
 .vfp11_veneer  0xc7e21380        0x0 cpu/s3c64xx/libs3c64xx.a(serial.o)
 .vfp11_veneer  0xc7e21380        0x0 cpu/s3c64xx/s3c6410/libs3c6410.a(speed.o)
 .vfp11_veneer  0xc7e21380        0x0 lib_arm/libarm.a(board.o)
 .vfp11_veneer  0xc7e21380        0x0 net/libnet.a(net.o)
 .vfp11_veneer  0xc7e21380        0x0 net/libnet.a(tftp.o)
 .vfp11_veneer  0xc7e21380        0x0 net/libnet.a(bootp.o)
 .vfp11_veneer  0xc7e21380        0x0 net/libnet.a(rarp.o)
 .vfp11_veneer  0xc7e21380        0x0 net/libnet.a(eth.o)
 .vfp11_veneer  0xc7e21380        0x0 net/libnet.a(nfs.o)
 .vfp11_veneer  0xc7e21380        0x0 drivers/libdrivers.a(dm9000x.o)
 .vfp11_veneer  0xc7e21380        0x0 drivers/nand/libnand.a(nand.o)
 .vfp11_veneer  0xc7e21380        0x0 drivers/nand/libnand.a(nand_base.o)
 .vfp11_veneer  0xc7e21380        0x0 drivers/nand/libnand.a(nand_ids.o)
 .vfp11_veneer  0xc7e21380        0x0 drivers/nand/libnand.a(nand_ecc.o)
 .vfp11_veneer  0xc7e21380        0x0 drivers/nand/libnand.a(nand_bbt.o)
 .vfp11_veneer  0xc7e21380        0x0 common/libcommon.a(main.o)
 .vfp11_veneer  0xc7e21380        0x0 common/libcommon.a(cmd_bdinfo.o)
 .vfp11_veneer  0xc7e21380        0x0 common/libcommon.a(cmd_boot.o)
 .vfp11_veneer  0xc7e21380        0x0 common/libcommon.a(cmd_bootm.o)
 .vfp11_veneer  0xc7e21380        0x0 common/libcommon.a(cmd_cache.o)
 .vfp11_veneer  0xc7e21380        0x0 common/libcommon.a(cmd_date.o)
 .vfp11_veneer  0xc7e21380        0x0 common/libcommon.a(cmd_elf.o)
 .vfp11_veneer  0xc7e21380        0x0 common/libcommon.a(cmd_flash.o)
 .vfp11_veneer  0xc7e21380        0x0 common/libcommon.a(cmd_itest.o)
 .vfp11_veneer  0xc7e21380        0x0 common/libcommon.a(cmd_load.o)
 .vfp11_veneer  0xc7e21380        0x0 common/libcommon.a(cmd_mem.o)
 .vfp11_veneer  0xc7e21380        0x0 common/libcommon.a(cmd_misc.o)
 .vfp11_veneer  0xc7e21380        0x0 common/libcommon.a(cmd_nand.o)
 .vfp11_veneer  0xc7e21380        0x0 common/libcommon.a(cmd_net.o)
 .vfp11_veneer  0xc7e21380        0x0 common/libcommon.a(cmd_nvedit.o)
 .vfp11_veneer  0xc7e21380        0x0 common/libcommon.a(cmd_usb.o)
 .vfp11_veneer  0xc7e21380        0x0 common/libcommon.a(command.o)
 .vfp11_veneer  0xc7e21380        0x0 common/libcommon.a(console.o)
 .vfp11_veneer  0xc7e21380        0x0 common/libcommon.a(devices.o)
 .vfp11_veneer  0xc7e21380        0x0 common/libcommon.a(dlmalloc.o)
 .vfp11_veneer  0xc7e21380        0x0 common/libcommon.a(env_common.o)
 .vfp11_veneer  0xc7e21380        0x0 common/libcommon.a(env_nand.o)
 .vfp11_veneer  0xc7e21380        0x0 common/libcommon.a(exports.o)
 .vfp11_veneer  0xc7e21380        0x0 common/libcommon.a(flash.o)
 .vfp11_veneer  0xc7e21380        0x0 common/libcommon.a(hush.o)
 .vfp11_veneer  0xc7e21380        0x0 common/libcommon.a(lists.o)
 .vfp11_veneer  0xc7e21380        0x0 common/libcommon.a(s_record.o)
 .vfp11_veneer  0xc7e21380        0x0 common/libcommon.a(usb.o)
 .vfp11_veneer  0xc7e21380        0x0 common/libcommon.a(xyzModem.o)
 .vfp11_veneer  0xc7e21380        0x0 common/libcommon.a(cmd_usbd.o)
 .vfp11_veneer  0xc7e21380        0x0 common/libcommon.a(crc16.o)
 .vfp11_veneer  0xc7e21380        0x0 lib_generic/libgeneric.a(crc32.o)
 .vfp11_veneer  0xc7e21380        0x0 lib_generic/libgeneric.a(ctype.o)
 .vfp11_veneer  0xc7e21380        0x0 lib_generic/libgeneric.a(display_options.o)
 .vfp11_veneer  0xc7e21380        0x0 lib_generic/libgeneric.a(string.o)
 .vfp11_veneer  0xc7e21380        0x0 lib_generic/libgeneric.a(vsprintf.o)
 .vfp11_veneer  0xc7e21380        0x0 lib_generic/libgeneric.a(zlib.o)
 .vfp11_veneer  0xc7e21380        0x0 board/samsung/smdk6410/libsmdk6410.a(smdk6410.o)
 .vfp11_veneer  0xc7e21380        0x0 board/samsung/smdk6410/libsmdk6410.a(flash.o)
 .vfp11_veneer  0xc7e21380        0x0 cpu/s3c64xx/libs3c64xx.a(i2c.o)
 .vfp11_veneer  0xc7e21380        0x0 cpu/s3c64xx/libs3c64xx.a(usb_ohci.o)
 .vfp11_veneer  0xc7e21380        0x0 cpu/s3c64xx/libs3c64xx.a(nand.o)
 .vfp11_veneer  0xc7e21380        0x0 cpu/s3c64xx/libs3c64xx.a(usbd-otg-hs.o)
 .vfp11_veneer  0xc7e21380        0x0 lib_arm/libarm.a(armlinux.o)
 .vfp11_veneer  0xc7e21380        0x0 lib_arm/libarm.a(cache.o)
 .vfp11_veneer  0xc7e21380        0x0 rtc/librtc.a(date.o)
 .vfp11_veneer  0xc7e21380        0x0 rtc/librtc.a(s3c64xx_rtc.o)
 .vfp11_veneer  0xc7e21380        0x0 drivers/nand/libnand.a(nand_util.o)
 .vfp11_veneer  0xc7e21380        0x0 lib_generic/libgeneric.a(div64.o)
 .vfp11_veneer  0xc7e21380        0x0 /usr/local/arm/4.3.2/bin/../lib/gcc/arm-none-linux-gnueabi/4.3.2/armv4t/libgcc.a(_udivsi3.o)
 .vfp11_veneer  0xc7e21380        0x0 /usr/local/arm/4.3.2/bin/../lib/gcc/arm-none-linux-gnueabi/4.3.2/armv4t/libgcc.a(_divsi3.o)
 .vfp11_veneer  0xc7e21380        0x0 /usr/local/arm/4.3.2/bin/../lib/gcc/arm-none-linux-gnueabi/4.3.2/armv4t/libgcc.a(_ashrdi3.o)
 .vfp11_veneer  0xc7e21380        0x0 /usr/local/arm/4.3.2/bin/../lib/gcc/arm-none-linux-gnueabi/4.3.2/armv4t/libgcc.a(_ashldi3.o)
 .vfp11_veneer  0xc7e21380        0x0 /usr/local/arm/4.3.2/bin/../lib/gcc/arm-none-linux-gnueabi/4.3.2/armv4t/libgcc.a(_dvmd_lnx.o)

.janus_2cc_veneer
                0xc7e21380        0x0
 .janus_2cc_veneer
                0xc7e21380        0x0 cpu/s3c64xx/start.o
 .janus_2cc_veneer
                0xc7e21380        0x0 cpu/s3c64xx/s3c6410/cpu_init.o
 .janus_2cc_veneer
                0xc7e21380        0x0 cpu/s3c64xx/onenand_cp.o
 .janus_2cc_veneer
                0xc7e21380        0x0 cpu/s3c64xx/nand_cp.o
 .janus_2cc_veneer
                0xc7e21380        0x0 cpu/s3c64xx/movi.o
 .janus_2cc_veneer
                0xc7e21380        0x0 board/samsung/smdk6410/libsmdk6410.a(lowlevel_init.o)
 .janus_2cc_veneer
                0xc7e21380        0x0 cpu/s3c64xx/libs3c64xx.a(interrupts.o)
 .janus_2cc_veneer
                0xc7e21380        0x0 cpu/s3c64xx/libs3c64xx.a(cpu.o)
 .janus_2cc_veneer
                0xc7e21380        0x0 cpu/s3c64xx/libs3c64xx.a(serial.o)
 .janus_2cc_veneer
                0xc7e21380        0x0 cpu/s3c64xx/s3c6410/libs3c6410.a(speed.o)
 .janus_2cc_veneer
                0xc7e21380        0x0 lib_arm/libarm.a(board.o)
 .janus_2cc_veneer
                0xc7e21380        0x0 net/libnet.a(net.o)
 .janus_2cc_veneer
                0xc7e21380        0x0 net/libnet.a(tftp.o)
 .janus_2cc_veneer
                0xc7e21380        0x0 net/libnet.a(bootp.o)
 .janus_2cc_veneer
                0xc7e21380        0x0 net/libnet.a(rarp.o)
 .janus_2cc_veneer
                0xc7e21380        0x0 net/libnet.a(eth.o)
 .janus_2cc_veneer
                0xc7e21380        0x0 net/libnet.a(nfs.o)
 .janus_2cc_veneer
                0xc7e21380        0x0 drivers/libdrivers.a(dm9000x.o)
 .janus_2cc_veneer
                0xc7e21380        0x0 drivers/nand/libnand.a(nand.o)
 .janus_2cc_veneer
                0xc7e21380        0x0 drivers/nand/libnand.a(nand_base.o)
 .janus_2cc_veneer
                0xc7e21380        0x0 drivers/nand/libnand.a(nand_ids.o)
 .janus_2cc_veneer
                0xc7e21380        0x0 drivers/nand/libnand.a(nand_ecc.o)
 .janus_2cc_veneer
                0xc7e21380        0x0 drivers/nand/libnand.a(nand_bbt.o)
 .janus_2cc_veneer
                0xc7e21380        0x0 common/libcommon.a(main.o)
 .janus_2cc_veneer
                0xc7e21380        0x0 common/libcommon.a(cmd_bdinfo.o)
 .janus_2cc_veneer
                0xc7e21380        0x0 common/libcommon.a(cmd_boot.o)
 .janus_2cc_veneer
                0xc7e21380        0x0 common/libcommon.a(cmd_bootm.o)
 .janus_2cc_veneer
                0xc7e21380        0x0 common/libcommon.a(cmd_cache.o)
 .janus_2cc_veneer
                0xc7e21380        0x0 common/libcommon.a(cmd_date.o)
 .janus_2cc_veneer
                0xc7e21380        0x0 common/libcommon.a(cmd_elf.o)
 .janus_2cc_veneer
                0xc7e21380        0x0 common/libcommon.a(cmd_flash.o)
 .janus_2cc_veneer
                0xc7e21380        0x0 common/libcommon.a(cmd_itest.o)
 .janus_2cc_veneer
                0xc7e21380        0x0 common/libcommon.a(cmd_load.o)
 .janus_2cc_veneer
                0xc7e21380        0x0 common/libcommon.a(cmd_mem.o)
 .janus_2cc_veneer
                0xc7e21380        0x0 common/libcommon.a(cmd_misc.o)
 .janus_2cc_veneer
                0xc7e21380        0x0 common/libcommon.a(cmd_nand.o)
 .janus_2cc_veneer
                0xc7e21380        0x0 common/libcommon.a(cmd_net.o)
 .janus_2cc_veneer
                0xc7e21380        0x0 common/libcommon.a(cmd_nvedit.o)
 .janus_2cc_veneer
                0xc7e21380        0x0 common/libcommon.a(cmd_usb.o)
 .janus_2cc_veneer
                0xc7e21380        0x0 common/libcommon.a(command.o)
 .janus_2cc_veneer
                0xc7e21380        0x0 common/libcommon.a(console.o)
 .janus_2cc_veneer
                0xc7e21380        0x0 common/libcommon.a(devices.o)
 .janus_2cc_veneer
                0xc7e21380        0x0 common/libcommon.a(dlmalloc.o)
 .janus_2cc_veneer
                0xc7e21380        0x0 common/libcommon.a(env_common.o)
 .janus_2cc_veneer
                0xc7e21380        0x0 common/libcommon.a(env_nand.o)
 .janus_2cc_veneer
                0xc7e21380        0x0 common/libcommon.a(exports.o)
 .janus_2cc_veneer
                0xc7e21380        0x0 common/libcommon.a(flash.o)
 .janus_2cc_veneer
                0xc7e21380        0x0 common/libcommon.a(hush.o)
 .janus_2cc_veneer
                0xc7e21380        0x0 common/libcommon.a(lists.o)
 .janus_2cc_veneer
                0xc7e21380        0x0 common/libcommon.a(s_record.o)
 .janus_2cc_veneer
                0xc7e21380        0x0 common/libcommon.a(usb.o)
 .janus_2cc_veneer
                0xc7e21380        0x0 common/libcommon.a(xyzModem.o)
 .janus_2cc_veneer
                0xc7e21380        0x0 common/libcommon.a(cmd_usbd.o)
 .janus_2cc_veneer
                0xc7e21380        0x0 common/libcommon.a(crc16.o)
 .janus_2cc_veneer
                0xc7e21380        0x0 lib_generic/libgeneric.a(crc32.o)
 .janus_2cc_veneer
                0xc7e21380        0x0 lib_generic/libgeneric.a(ctype.o)
 .janus_2cc_veneer
                0xc7e21380        0x0 lib_generic/libgeneric.a(display_options.o)
 .janus_2cc_veneer
                0xc7e21380        0x0 lib_generic/libgeneric.a(string.o)
 .janus_2cc_veneer
                0xc7e21380        0x0 lib_generic/libgeneric.a(vsprintf.o)
 .janus_2cc_veneer
                0xc7e21380        0x0 lib_generic/libgeneric.a(zlib.o)
 .janus_2cc_veneer
                0xc7e21380        0x0 board/samsung/smdk6410/libsmdk6410.a(smdk6410.o)
 .janus_2cc_veneer
                0xc7e21380        0x0 board/samsung/smdk6410/libsmdk6410.a(flash.o)
 .janus_2cc_veneer
                0xc7e21380        0x0 cpu/s3c64xx/libs3c64xx.a(i2c.o)
 .janus_2cc_veneer
                0xc7e21380        0x0 cpu/s3c64xx/libs3c64xx.a(usb_ohci.o)
 .janus_2cc_veneer
                0xc7e21380        0x0 cpu/s3c64xx/libs3c64xx.a(nand.o)
 .janus_2cc_veneer
                0xc7e21380        0x0 cpu/s3c64xx/libs3c64xx.a(usbd-otg-hs.o)
 .janus_2cc_veneer
                0xc7e21380        0x0 lib_arm/libarm.a(armlinux.o)
 .janus_2cc_veneer
                0xc7e21380        0x0 lib_arm/libarm.a(cache.o)
 .janus_2cc_veneer
                0xc7e21380        0x0 rtc/librtc.a(date.o)
 .janus_2cc_veneer
                0xc7e21380        0x0 rtc/librtc.a(s3c64xx_rtc.o)
 .janus_2cc_veneer
                0xc7e21380        0x0 drivers/nand/libnand.a(nand_util.o)
 .janus_2cc_veneer
                0xc7e21380        0x0 lib_generic/libgeneric.a(div64.o)
 .janus_2cc_veneer
                0xc7e21380        0x0 /usr/local/arm/4.3.2/bin/../lib/gcc/arm-none-linux-gnueabi/4.3.2/armv4t/libgcc.a(_udivsi3.o)
 .janus_2cc_veneer
                0xc7e21380        0x0 /usr/local/arm/4.3.2/bin/../lib/gcc/arm-none-linux-gnueabi/4.3.2/armv4t/libgcc.a(_divsi3.o)
 .janus_2cc_veneer
                0xc7e21380        0x0 /usr/local/arm/4.3.2/bin/../lib/gcc/arm-none-linux-gnueabi/4.3.2/armv4t/libgcc.a(_ashrdi3.o)
 .janus_2cc_veneer
                0xc7e21380        0x0 /usr/local/arm/4.3.2/bin/../lib/gcc/arm-none-linux-gnueabi/4.3.2/armv4t/libgcc.a(_ashldi3.o)
 .janus_2cc_veneer
                0xc7e21380        0x0 /usr/local/arm/4.3.2/bin/../lib/gcc/arm-none-linux-gnueabi/4.3.2/armv4t/libgcc.a(_dvmd_lnx.o)

.v4_bx          0xc7e21380        0x0
 .v4_bx         0xc7e21380        0x0 cpu/s3c64xx/start.o
 .v4_bx         0xc7e21380        0x0 cpu/s3c64xx/s3c6410/cpu_init.o
 .v4_bx         0xc7e21380        0x0 cpu/s3c64xx/onenand_cp.o
 .v4_bx         0xc7e21380        0x0 cpu/s3c64xx/nand_cp.o
 .v4_bx         0xc7e21380        0x0 cpu/s3c64xx/movi.o
 .v4_bx         0xc7e21380        0x0 board/samsung/smdk6410/libsmdk6410.a(lowlevel_init.o)
 .v4_bx         0xc7e21380        0x0 cpu/s3c64xx/libs3c64xx.a(interrupts.o)
 .v4_bx         0xc7e21380        0x0 cpu/s3c64xx/libs3c64xx.a(cpu.o)
 .v4_bx         0xc7e21380        0x0 cpu/s3c64xx/libs3c64xx.a(serial.o)
 .v4_bx         0xc7e21380        0x0 cpu/s3c64xx/s3c6410/libs3c6410.a(speed.o)
 .v4_bx         0xc7e21380        0x0 lib_arm/libarm.a(board.o)
 .v4_bx         0xc7e21380        0x0 net/libnet.a(net.o)
 .v4_bx         0xc7e21380        0x0 net/libnet.a(tftp.o)
 .v4_bx         0xc7e21380        0x0 net/libnet.a(bootp.o)
 .v4_bx         0xc7e21380        0x0 net/libnet.a(rarp.o)
 .v4_bx         0xc7e21380        0x0 net/libnet.a(eth.o)
 .v4_bx         0xc7e21380        0x0 net/libnet.a(nfs.o)
 .v4_bx         0xc7e21380        0x0 drivers/libdrivers.a(dm9000x.o)
 .v4_bx         0xc7e21380        0x0 drivers/nand/libnand.a(nand.o)
 .v4_bx         0xc7e21380        0x0 drivers/nand/libnand.a(nand_base.o)
 .v4_bx         0xc7e21380        0x0 drivers/nand/libnand.a(nand_ids.o)
 .v4_bx         0xc7e21380        0x0 drivers/nand/libnand.a(nand_ecc.o)
 .v4_bx         0xc7e21380        0x0 drivers/nand/libnand.a(nand_bbt.o)
 .v4_bx         0xc7e21380        0x0 common/libcommon.a(main.o)
 .v4_bx         0xc7e21380        0x0 common/libcommon.a(cmd_bdinfo.o)
 .v4_bx         0xc7e21380        0x0 common/libcommon.a(cmd_boot.o)
 .v4_bx         0xc7e21380        0x0 common/libcommon.a(cmd_bootm.o)
 .v4_bx         0xc7e21380        0x0 common/libcommon.a(cmd_cache.o)
 .v4_bx         0xc7e21380        0x0 common/libcommon.a(cmd_date.o)
 .v4_bx         0xc7e21380        0x0 common/libcommon.a(cmd_elf.o)
 .v4_bx         0xc7e21380        0x0 common/libcommon.a(cmd_flash.o)
 .v4_bx         0xc7e21380        0x0 common/libcommon.a(cmd_itest.o)
 .v4_bx         0xc7e21380        0x0 common/libcommon.a(cmd_load.o)
 .v4_bx         0xc7e21380        0x0 common/libcommon.a(cmd_mem.o)
 .v4_bx         0xc7e21380        0x0 common/libcommon.a(cmd_misc.o)
 .v4_bx         0xc7e21380        0x0 common/libcommon.a(cmd_nand.o)
 .v4_bx         0xc7e21380        0x0 common/libcommon.a(cmd_net.o)
 .v4_bx         0xc7e21380        0x0 common/libcommon.a(cmd_nvedit.o)
 .v4_bx         0xc7e21380        0x0 common/libcommon.a(cmd_usb.o)
 .v4_bx         0xc7e21380        0x0 common/libcommon.a(command.o)
 .v4_bx         0xc7e21380        0x0 common/libcommon.a(console.o)
 .v4_bx         0xc7e21380        0x0 common/libcommon.a(devices.o)
 .v4_bx         0xc7e21380        0x0 common/libcommon.a(dlmalloc.o)
 .v4_bx         0xc7e21380        0x0 common/libcommon.a(env_common.o)
 .v4_bx         0xc7e21380        0x0 common/libcommon.a(env_nand.o)
 .v4_bx         0xc7e21380        0x0 common/libcommon.a(exports.o)
 .v4_bx         0xc7e21380        0x0 common/libcommon.a(flash.o)
 .v4_bx         0xc7e21380        0x0 common/libcommon.a(hush.o)
 .v4_bx         0xc7e21380        0x0 common/libcommon.a(lists.o)
 .v4_bx         0xc7e21380        0x0 common/libcommon.a(s_record.o)
 .v4_bx         0xc7e21380        0x0 common/libcommon.a(usb.o)
 .v4_bx         0xc7e21380        0x0 common/libcommon.a(xyzModem.o)
 .v4_bx         0xc7e21380        0x0 common/libcommon.a(cmd_usbd.o)
 .v4_bx         0xc7e21380        0x0 common/libcommon.a(crc16.o)
 .v4_bx         0xc7e21380        0x0 lib_generic/libgeneric.a(crc32.o)
 .v4_bx         0xc7e21380        0x0 lib_generic/libgeneric.a(ctype.o)
 .v4_bx         0xc7e21380        0x0 lib_generic/libgeneric.a(display_options.o)
 .v4_bx         0xc7e21380        0x0 lib_generic/libgeneric.a(string.o)
 .v4_bx         0xc7e21380        0x0 lib_generic/libgeneric.a(vsprintf.o)
 .v4_bx         0xc7e21380        0x0 lib_generic/libgeneric.a(zlib.o)
 .v4_bx         0xc7e21380        0x0 board/samsung/smdk6410/libsmdk6410.a(smdk6410.o)
 .v4_bx         0xc7e21380        0x0 board/samsung/smdk6410/libsmdk6410.a(flash.o)
 .v4_bx         0xc7e21380        0x0 cpu/s3c64xx/libs3c64xx.a(i2c.o)
 .v4_bx         0xc7e21380        0x0 cpu/s3c64xx/libs3c64xx.a(usb_ohci.o)
 .v4_bx         0xc7e21380        0x0 cpu/s3c64xx/libs3c64xx.a(nand.o)
 .v4_bx         0xc7e21380        0x0 cpu/s3c64xx/libs3c64xx.a(usbd-otg-hs.o)
 .v4_bx         0xc7e21380        0x0 lib_arm/libarm.a(armlinux.o)
 .v4_bx         0xc7e21380        0x0 lib_arm/libarm.a(cache.o)
 .v4_bx         0xc7e21380        0x0 rtc/librtc.a(date.o)
 .v4_bx         0xc7e21380        0x0 rtc/librtc.a(s3c64xx_rtc.o)
 .v4_bx         0xc7e21380        0x0 drivers/nand/libnand.a(nand_util.o)
 .v4_bx         0xc7e21380        0x0 lib_generic/libgeneric.a(div64.o)
 .v4_bx         0xc7e21380        0x0 /usr/local/arm/4.3.2/bin/../lib/gcc/arm-none-linux-gnueabi/4.3.2/armv4t/libgcc.a(_udivsi3.o)
 .v4_bx         0xc7e21380        0x0 /usr/local/arm/4.3.2/bin/../lib/gcc/arm-none-linux-gnueabi/4.3.2/armv4t/libgcc.a(_divsi3.o)
 .v4_bx         0xc7e21380        0x0 /usr/local/arm/4.3.2/bin/../lib/gcc/arm-none-linux-gnueabi/4.3.2/armv4t/libgcc.a(_ashrdi3.o)
 .v4_bx         0xc7e21380        0x0 /usr/local/arm/4.3.2/bin/../lib/gcc/arm-none-linux-gnueabi/4.3.2/armv4t/libgcc.a(_ashldi3.o)
 .v4_bx         0xc7e21380        0x0 /usr/local/arm/4.3.2/bin/../lib/gcc/arm-none-linux-gnueabi/4.3.2/armv4t/libgcc.a(_dvmd_lnx.o)
                0xc7e21380                . = ALIGN (0x4)

.rodata         0xc7e21380      0xba4
 *(.rodata)
 .rodata        0xc7e21380       0x80 cpu/s3c64xx/libs3c64xx.a(interrupts.o)
 .rodata        0xc7e21400       0x33 lib_arm/libarm.a(board.o)
                0xc7e21400                version_string
 .rodata        0xc7e21433        0x7 net/libnet.a(net.o)
 .rodata        0xc7e2143a        0x5 drivers/nand/libnand.a(nand.o)
 .rodata        0xc7e2143f       0x42 drivers/nand/libnand.a(nand_base.o)
 .rodata        0xc7e21481      0x100 drivers/nand/libnand.a(nand_ecc.o)
 *fill*         0xc7e21581        0x3 00
 .rodata        0xc7e21584       0x14 common/libcommon.a(cmd_nvedit.o)
 .rodata        0xc7e21598      0x200 common/libcommon.a(crc16.o)
 .rodata        0xc7e21798      0x400 lib_generic/libgeneric.a(crc32.o)
 .rodata        0xc7e21b98       0x90 lib_generic/libgeneric.a(zlib.o)
 .rodata        0xc7e21c28      0x228 cpu/s3c64xx/libs3c64xx.a(i2c.o)
 .rodata        0xc7e21e50       0xa2 cpu/s3c64xx/libs3c64xx.a(usbd-otg-hs.o)
                0xc7e21eac                string_desc0
                0xc7e21e82                config_high_total
                0xc7e21e59                config_full_total
                0xc7e21e79                config_high
                0xc7e21eb0                string_desc1
                0xc7e21ea2                qualifier_desc
                0xc7e21e50                config_full
                0xc7e21ec6                string_desc2
 *fill*         0xc7e21ef2        0x2 00
 .rodata        0xc7e21ef4       0x30 rtc/librtc.a(date.o)

.rodata.str1.1  0xc7e21f24     0x5d9b
 .rodata.str1.1
                0xc7e21f24      0x264 cpu/s3c64xx/libs3c64xx.a(interrupts.o)
                                0x27b (size before relaxing)
 .rodata.str1.1
                0xc7e22188        0xd cpu/s3c64xx/libs3c64xx.a(cpu.o)
 .rodata.str1.1
                0xc7e22195      0x17f cpu/s3c64xx/s3c6410/libs3c6410.a(speed.o)
 .rodata.str1.1
                0xc7e22314       0x78 lib_arm/libarm.a(board.o)
                                 0x7a (size before relaxing)
 .rodata.str1.1
                0xc7e2238c      0x1ba net/libnet.a(net.o)
                                0x1c2 (size before relaxing)
 .rodata.str1.1
                0xc7e22546      0x174 net/libnet.a(tftp.o)
                                0x1b5 (size before relaxing)
 .rodata.str1.1
                0xc7e226ba       0x7d net/libnet.a(bootp.o)
                                 0xad (size before relaxing)
 .rodata.str1.1
                0xc7e22737       0x13 net/libnet.a(rarp.o)
                                 0x47 (size before relaxing)
 .rodata.str1.1
                0xc7e2274a       0xed net/libnet.a(nfs.o)
                                0x16c (size before relaxing)
 .rodata.str1.1
                0xc7e22837      0x140 drivers/libdrivers.a(dm9000x.o)
                                0x148 (size before relaxing)
 .rodata.str1.1
                0xc7e22977        0x8 drivers/nand/libnand.a(nand.o)
                                  0xa (size before relaxing)
 .rodata.str1.1
                0xc7e2297f      0x256 drivers/nand/libnand.a(nand_base.o)
 .rodata.str1.1
                0xc7e22bd5      0x3e2 drivers/nand/libnand.a(nand_ids.o)
                                0x3f8 (size before relaxing)
 .rodata.str1.1
                0xc7e22fb7      0x270 drivers/nand/libnand.a(nand_bbt.o)
 .rodata.str1.1
                0xc7e23227       0xc6 common/libcommon.a(main.o)
                                 0xc7 (size before relaxing)
 .rodata.str1.1
                0xc7e232ed       0xb2 common/libcommon.a(cmd_bdinfo.o)
 .rodata.str1.1
                0xc7e2339f      0x106 common/libcommon.a(cmd_boot.o)
                                0x111 (size before relaxing)
 .rodata.str1.1
                0xc7e234a5      0x659 common/libcommon.a(cmd_bootm.o)
                                0x679 (size before relaxing)
 .rodata.str1.1
                0xc7e23afe      0x1a2 common/libcommon.a(cmd_cache.o)
                                0x1b7 (size before relaxing)
 .rodata.str1.1
                0xc7e23ca0      0x159 common/libcommon.a(cmd_date.o)
                                0x16a (size before relaxing)
 .rodata.str1.1
                0xc7e23df9      0x297 common/libcommon.a(cmd_elf.o)
                                0x2a0 (size before relaxing)
 .rodata.str1.1
                0xc7e24090      0x61c common/libcommon.a(cmd_flash.o)
                                0x634 (size before relaxing)
 .rodata.str1.1
                0xc7e246ac       0xbd common/libcommon.a(cmd_itest.o)
                                 0xca (size before relaxing)
 .rodata.str1.1
                0xc7e24769      0x35c common/libcommon.a(cmd_load.o)
                                0x376 (size before relaxing)
 .rodata.str1.1
                0xc7e24ac5      0x5c4 common/libcommon.a(cmd_mem.o)
                                0x5e8 (size before relaxing)
 .rodata.str1.1
                0xc7e25089       0x6b common/libcommon.a(cmd_misc.o)
                                 0x76 (size before relaxing)
 .rodata.str1.1
                0xc7e250f4      0x933 common/libcommon.a(cmd_nand.o)
                                0x976 (size before relaxing)
 .rodata.str1.1
                0xc7e25a27      0x203 common/libcommon.a(cmd_net.o)
                                0x247 (size before relaxing)
 .rodata.str1.1
                0xc7e25c2a      0x2a2 common/libcommon.a(cmd_nvedit.o)
                                0x309 (size before relaxing)
 .rodata.str1.1
                0xc7e25ecc      0x447 common/libcommon.a(cmd_usb.o)
                                0x486 (size before relaxing)
 .rodata.str1.1
                0xc7e26313      0x534 common/libcommon.a(command.o)
                                0x572 (size before relaxing)
 .rodata.str1.1
                0xc7e26847       0x76 common/libcommon.a(console.o)
                                 0x7a (size before relaxing)
 .rodata.str1.1
                0xc7e268bd       0x2f common/libcommon.a(devices.o)
                                 0x43 (size before relaxing)
 .rodata.str1.1
                0xc7e268ec       0x33 common/libcommon.a(env_common.o)
 .rodata.str1.1
                0xc7e2691f       0x93 common/libcommon.a(env_nand.o)
                                 0x99 (size before relaxing)
 .rodata.str1.1
                0xc7e269b2      0x10c common/libcommon.a(flash.o)
 .rodata.str1.1
                0xc7e26abe      0x15d common/libcommon.a(hush.o)
                                0x197 (size before relaxing)
 .rodata.str1.1
                0xc7e26c1b      0x265 common/libcommon.a(usb.o)
 .rodata.str1.1
                0xc7e26e80       0xe3 common/libcommon.a(xyzModem.o)
                                 0xe5 (size before relaxing)
 .rodata.str1.1
                0xc7e26f63       0x93 common/libcommon.a(cmd_usbd.o)
                                 0x9e (size before relaxing)
 .rodata.str1.1
                0xc7e26ff6       0x11 lib_generic/libgeneric.a(display_options.o)
                                 0x18 (size before relaxing)
 .rodata.str1.1
                0xc7e27007       0x51 lib_generic/libgeneric.a(vsprintf.o)
 .rodata.str1.1
                0xc7e27058      0x1f3 lib_generic/libgeneric.a(zlib.o)
                                0x1f4 (size before relaxing)
 .rodata.str1.1
                0xc7e2724b       0x8a board/samsung/smdk6410/libsmdk6410.a(smdk6410.o)
                                 0x9e (size before relaxing)
 .rodata.str1.1
                0xc7e272d5       0xd5 board/samsung/smdk6410/libsmdk6410.a(flash.o)
                                 0xe9 (size before relaxing)
 .rodata.str1.1
                0xc7e273aa       0x89 cpu/s3c64xx/libs3c64xx.a(i2c.o)
 .rodata.str1.1
                0xc7e27433       0xbd cpu/s3c64xx/libs3c64xx.a(usb_ohci.o)
 .rodata.str1.1
                0xc7e274f0       0xf5 cpu/s3c64xx/libs3c64xx.a(nand.o)
 .rodata.str1.1
                0xc7e275e5      0x145 cpu/s3c64xx/libs3c64xx.a(usbd-otg-hs.o)
                                0x14a (size before relaxing)
 .rodata.str1.1
                0xc7e2772a       0x6c lib_arm/libarm.a(armlinux.o)
                                 0xb7 (size before relaxing)
 .rodata.str1.1
                0xc7e27796      0x529 drivers/nand/libnand.a(nand_util.o)
                                0x52b (size before relaxing)
                0xc7e27cc0                . = ALIGN (0x4)

.data           0xc7e27cc0     0x2d7c
 *(.data)
 .data          0xc7e27cc0        0x0 cpu/s3c64xx/start.o
 .data          0xc7e27cc0        0x0 cpu/s3c64xx/s3c6410/cpu_init.o
 .data          0xc7e27cc0        0x0 cpu/s3c64xx/onenand_cp.o
 .data          0xc7e27cc0        0x0 cpu/s3c64xx/nand_cp.o
 .data          0xc7e27cc0        0x0 cpu/s3c64xx/movi.o
 .data          0xc7e27cc0        0x0 board/samsung/smdk6410/libsmdk6410.a(lowlevel_init.o)
 .data          0xc7e27cc0        0x0 cpu/s3c64xx/libs3c64xx.a(interrupts.o)
 .data          0xc7e27cc0        0x0 cpu/s3c64xx/libs3c64xx.a(cpu.o)
 .data          0xc7e27cc0        0x0 cpu/s3c64xx/libs3c64xx.a(serial.o)
 .data          0xc7e27cc0        0x0 cpu/s3c64xx/s3c6410/libs3c6410.a(speed.o)
 .data          0xc7e27cc0       0x34 lib_arm/libarm.a(board.o)
                0xc7e27cc0                init_sequence
 .data          0xc7e27cf4        0xa net/libnet.a(net.o)
                0xc7e27cf6                NetBcastAddr
                0xc7e27cfc                NetOurNativeVLAN
                0xc7e27cf4                NetOurVLAN
 .data          0xc7e27cfe        0x0 net/libnet.a(tftp.o)
 .data          0xc7e27cfe        0x0 net/libnet.a(bootp.o)
 .data          0xc7e27cfe        0x0 net/libnet.a(rarp.o)
 .data          0xc7e27cfe        0x0 net/libnet.a(eth.o)
 *fill*         0xc7e27cfe        0x2 00
 .data          0xc7e27d00        0x4 net/libnet.a(nfs.o)
 .data          0xc7e27d04        0x0 drivers/libdrivers.a(dm9000x.o)
 .data          0xc7e27d04        0x4 drivers/nand/libnand.a(nand.o)
                0xc7e27d04                nand_curr_device
 .data          0xc7e27d08      0x940 drivers/nand/libnand.a(nand_base.o)
 .data          0xc7e28648      0x5e0 drivers/nand/libnand.a(nand_ids.o)
                0xc7e28be8                nand_manuf_ids
                0xc7e28648                nand_flash_ids
 .data          0xc7e28c28        0x0 drivers/nand/libnand.a(nand_ecc.o)
 .data          0xc7e28c28      0x10c drivers/nand/libnand.a(nand_bbt.o)
 .data          0xc7e28d34        0x4 common/libcommon.a(main.o)
 .data          0xc7e28d38        0x0 common/libcommon.a(cmd_bdinfo.o)
 .data          0xc7e28d38        0x0 common/libcommon.a(cmd_boot.o)
 .data          0xc7e28d38        0x4 common/libcommon.a(cmd_bootm.o)
                0xc7e28d38                load_addr
 .data          0xc7e28d3c        0x0 common/libcommon.a(cmd_cache.o)
 .data          0xc7e28d3c       0x1c common/libcommon.a(cmd_date.o)
                0xc7e28d3c                weekdays
 .data          0xc7e28d58        0x0 common/libcommon.a(cmd_elf.o)
 .data          0xc7e28d58        0x0 common/libcommon.a(cmd_flash.o)
 .data          0xc7e28d58       0x68 common/libcommon.a(cmd_itest.o)
                0xc7e28d58                op_table
 .data          0xc7e28dc0        0x4 common/libcommon.a(cmd_load.o)
 .data          0xc7e28dc4        0x4 common/libcommon.a(cmd_mem.o)
                0xc7e28dc4                dp_last_length
 .data          0xc7e28dc8        0x0 common/libcommon.a(cmd_misc.o)
 .data          0xc7e28dc8        0x0 common/libcommon.a(cmd_nand.o)
 .data          0xc7e28dc8        0x0 common/libcommon.a(cmd_net.o)
 .data          0xc7e28dc8        0x0 common/libcommon.a(cmd_nvedit.o)
 .data          0xc7e28dc8        0x0 common/libcommon.a(cmd_usb.o)
 .data          0xc7e28dc8        0x0 common/libcommon.a(command.o)
 .data          0xc7e28dc8        0x0 common/libcommon.a(console.o)
 .data          0xc7e28dc8        0xc common/libcommon.a(devices.o)
                0xc7e28dc8                stdio_names
 .data          0xc7e28dd4      0x414 common/libcommon.a(dlmalloc.o)
 .data          0xc7e291e8      0x144 common/libcommon.a(env_common.o)
                0xc7e29324                env_get_char
                0xc7e291e8                default_environment
                0xc7e29328                default_environment_size
 .data          0xc7e2932c        0x4 common/libcommon.a(env_nand.o)
                0xc7e2932c                env_name_spec
 .data          0xc7e29330        0x0 common/libcommon.a(exports.o)
 .data          0xc7e29330        0x0 common/libcommon.a(flash.o)
 .data          0xc7e29330       0xac common/libcommon.a(hush.o)
 .data          0xc7e293dc        0x0 common/libcommon.a(lists.o)
 .data          0xc7e293dc        0x0 common/libcommon.a(s_record.o)
 .data          0xc7e293dc        0x0 common/libcommon.a(usb.o)
 .data          0xc7e293dc        0x0 common/libcommon.a(xyzModem.o)
 .data          0xc7e293dc        0x0 common/libcommon.a(cmd_usbd.o)
 .data          0xc7e293dc        0x0 common/libcommon.a(crc16.o)
 .data          0xc7e293dc        0x0 lib_generic/libgeneric.a(crc32.o)
 .data          0xc7e293dc      0x100 lib_generic/libgeneric.a(ctype.o)
                0xc7e293dc                _ctype
 .data          0xc7e294dc        0x0 lib_generic/libgeneric.a(display_options.o)
 .data          0xc7e294dc        0x0 lib_generic/libgeneric.a(string.o)
 .data          0xc7e294dc        0x0 lib_generic/libgeneric.a(vsprintf.o)
 .data          0xc7e294dc      0x210 lib_generic/libgeneric.a(zlib.o)
                0xc7e296c8                zlib_version
                0xc7e296cc                z_errmsg
 .data          0xc7e296ec        0x0 board/samsung/smdk6410/libsmdk6410.a(smdk6410.o)
 .data          0xc7e296ec        0x0 board/samsung/smdk6410/libsmdk6410.a(flash.o)
 .data          0xc7e296ec      0x2b8 cpu/s3c64xx/libs3c64xx.a(i2c.o)
                0xc7e296ec                CH7026_REGS_VGA_640
                0xc7e29864                CH7026_REGS_TV
 .data          0xc7e299a4        0x0 cpu/s3c64xx/libs3c64xx.a(usb_ohci.o)
 .data          0xc7e299a4      0x940 cpu/s3c64xx/libs3c64xx.a(nand.o)
 .data          0xc7e2a2e4       0x35 cpu/s3c64xx/libs3c64xx.a(usbd-otg-hs.o)
                0xc7e2a2e4                test_pkt
 .data          0xc7e2a319        0x0 lib_arm/libarm.a(armlinux.o)
 .data          0xc7e2a319        0x0 lib_arm/libarm.a(cache.o)
 *fill*         0xc7e2a319        0x3 00
 .data          0xc7e2a31c       0x30 rtc/librtc.a(date.o)
 .data          0xc7e2a34c        0x0 rtc/librtc.a(s3c64xx_rtc.o)
 .data          0xc7e2a34c      0x6f0 drivers/nand/libnand.a(nand_util.o)
 .data          0xc7e2aa3c        0x0 lib_generic/libgeneric.a(div64.o)
 .data          0xc7e2aa3c        0x0 /usr/local/arm/4.3.2/bin/../lib/gcc/arm-none-linux-gnueabi/4.3.2/armv4t/libgcc.a(_udivsi3.o)
 .data          0xc7e2aa3c        0x0 /usr/local/arm/4.3.2/bin/../lib/gcc/arm-none-linux-gnueabi/4.3.2/armv4t/libgcc.a(_divsi3.o)
 .data          0xc7e2aa3c        0x0 /usr/local/arm/4.3.2/bin/../lib/gcc/arm-none-linux-gnueabi/4.3.2/armv4t/libgcc.a(_ashrdi3.o)
 .data          0xc7e2aa3c        0x0 /usr/local/arm/4.3.2/bin/../lib/gcc/arm-none-linux-gnueabi/4.3.2/armv4t/libgcc.a(_ashldi3.o)
 .data          0xc7e2aa3c        0x0 /usr/local/arm/4.3.2/bin/../lib/gcc/arm-none-linux-gnueabi/4.3.2/armv4t/libgcc.a(_dvmd_lnx.o)
                0xc7e2aa3c                . = ALIGN (0x4)

.got
 *(.got)
                0xc7e2aa3c                __u_boot_cmd_start = .

.u_boot_cmd     0xc7e2aa3c      0x480
 *(.u_boot_cmd)
 .u_boot_cmd    0xc7e2aa3c       0x18 common/libcommon.a(cmd_bdinfo.o)
                0xc7e2aa3c                __u_boot_cmd_bdinfo
 .u_boot_cmd    0xc7e2aa54       0x30 common/libcommon.a(cmd_boot.o)
                0xc7e2aa6c                __u_boot_cmd_reset
                0xc7e2aa54                __u_boot_cmd_go
 .u_boot_cmd    0xc7e2aa84       0x30 common/libcommon.a(cmd_bootm.o)
                0xc7e2aa84                __u_boot_cmd_bootm
                0xc7e2aa9c                __u_boot_cmd_imls
 .u_boot_cmd    0xc7e2aab4       0x48 common/libcommon.a(cmd_cache.o)
                0xc7e2aacc                __u_boot_cmd_dcache
                0xc7e2aae4                __u_boot_cmd_branch
                0xc7e2aab4                __u_boot_cmd_icache
 .u_boot_cmd    0xc7e2aafc       0x18 common/libcommon.a(cmd_date.o)
                0xc7e2aafc                __u_boot_cmd_date
 .u_boot_cmd    0xc7e2ab14       0x30 common/libcommon.a(cmd_elf.o)
                0xc7e2ab2c                __u_boot_cmd_bootvx
                0xc7e2ab14                __u_boot_cmd_bootelf
 .u_boot_cmd    0xc7e2ab44       0x48 common/libcommon.a(cmd_flash.o)
                0xc7e2ab44                __u_boot_cmd_flinfo
                0xc7e2ab5c                __u_boot_cmd_erase
                0xc7e2ab74                __u_boot_cmd_protect
 .u_boot_cmd    0xc7e2ab8c       0x18 common/libcommon.a(cmd_itest.o)
                0xc7e2ab8c                __u_boot_cmd_itest
 .u_boot_cmd    0xc7e2aba4       0x48 common/libcommon.a(cmd_load.o)
                0xc7e2abd4                __u_boot_cmd_loady
                0xc7e2abbc                __u_boot_cmd_loadb
                0xc7e2aba4                __u_boot_cmd_loads
 .u_boot_cmd    0xc7e2abec       0xf0 common/libcommon.a(cmd_mem.o)
                0xc7e2abec                __u_boot_cmd_md
                0xc7e2ac64                __u_boot_cmd_cmp
                0xc7e2ac34                __u_boot_cmd_mw
                0xc7e2acac                __u_boot_cmd_loop
                0xc7e2ac94                __u_boot_cmd_base
                0xc7e2ac04                __u_boot_cmd_mm
                0xc7e2ac7c                __u_boot_cmd_crc32
                0xc7e2ac1c                __u_boot_cmd_nm
                0xc7e2acc4                __u_boot_cmd_mtest
                0xc7e2ac4c                __u_boot_cmd_cp
 .u_boot_cmd    0xc7e2acdc       0x18 common/libcommon.a(cmd_misc.o)
                0xc7e2acdc                __u_boot_cmd_sleep
 .u_boot_cmd    0xc7e2acf4       0x30 common/libcommon.a(cmd_nand.o)
                0xc7e2acf4                __u_boot_cmd_nand
                0xc7e2ad0c                __u_boot_cmd_nboot
 .u_boot_cmd    0xc7e2ad24       0x78 common/libcommon.a(cmd_net.o)
                0xc7e2ad6c                __u_boot_cmd_nfs
                0xc7e2ad84                __u_boot_cmd_ping
                0xc7e2ad54                __u_boot_cmd_rarpboot
                0xc7e2ad3c                __u_boot_cmd_tftpboot
                0xc7e2ad24                __u_boot_cmd_bootp
 .u_boot_cmd    0xc7e2ad9c       0x48 common/libcommon.a(cmd_nvedit.o)
                0xc7e2adcc                __u_boot_cmd_saveenv
                0xc7e2ad9c                __u_boot_cmd_printenv
                0xc7e2adb4                __u_boot_cmd_setenv
 .u_boot_cmd    0xc7e2ade4       0x18 common/libcommon.a(cmd_usb.o)
                0xc7e2ade4                __u_boot_cmd_usb
 .u_boot_cmd    0xc7e2adfc       0xa8 common/libcommon.a(command.o)
                0xc7e2ae5c                __u_boot_cmd_exit
                0xc7e2ae2c                __u_boot_cmd_echo
                0xc7e2ae8c                __u_boot_cmd_question_mark
                0xc7e2adfc                __u_boot_cmd_version
                0xc7e2ae14                __u_boot_cmd_setlcd
                0xc7e2ae74                __u_boot_cmd_help
                0xc7e2ae44                __u_boot_cmd_test
 .u_boot_cmd    0xc7e2aea4       0x18 common/libcommon.a(cmd_usbd.o)
                0xc7e2aea4                __u_boot_cmd_dnw
                0xc7e2aebc                __u_boot_cmd_end = .
                0xc7e2aebc                . = ALIGN (0x4)

.mmudata        0xc7e2c000     0x4000
 *(.mmudata)
 .mmudata       0xc7e2c000     0x4000 board/samsung/smdk6410/libsmdk6410.a(lowlevel_init.o)
                0xc7e2c000                mmu_table
                0xc7e30000                . = ALIGN (0x4)
                0xc7e30000                __bss_start = .

.bss            0xc7e30000    0x14a4c
 *(.bss)
 .bss           0xc7e30000        0x0 cpu/s3c64xx/start.o
 .bss           0xc7e30000        0x0 cpu/s3c64xx/s3c6410/cpu_init.o
 .bss           0xc7e30000        0x0 cpu/s3c64xx/onenand_cp.o
 .bss           0xc7e30000        0x0 cpu/s3c64xx/nand_cp.o
 .bss           0xc7e30000        0x0 cpu/s3c64xx/movi.o
 .bss           0xc7e30000        0x0 board/samsung/smdk6410/libsmdk6410.a(lowlevel_init.o)
 .bss           0xc7e30000        0xc cpu/s3c64xx/libs3c64xx.a(interrupts.o)
                0xc7e30008                timer_load_val
 .bss           0xc7e3000c        0x0 cpu/s3c64xx/libs3c64xx.a(cpu.o)
 .bss           0xc7e3000c        0x0 cpu/s3c64xx/libs3c64xx.a(serial.o)
 .bss           0xc7e3000c        0x0 cpu/s3c64xx/s3c6410/libs3c6410.a(speed.o)
 .bss           0xc7e3000c       0x10 lib_arm/libarm.a(board.o)
                0xc7e30018                monitor_flash_len
 .bss           0xc7e3001c     0x25cc net/libnet.a(net.o)
                0xc7e30078                NetArpWaitTry
                0xc7e30054                NetArpWaitPacketMAC
                0xc7e3002c                NetOurEther
                0xc7e30028                NetOurIP
                0xc7e30034                NetPingIP
                0xc7e30060                NetServerIP
                0xc7e3005c                NetArpWaitTxPacketSize
                0xc7e30048                NetArpWaitReplyIP
                0xc7e30058                NetArpWaitTxPacket
                0xc7e31eac                NetRxPackets
                0xc7e324e4                NetOurNISDomain
                0xc7e3003c                NetArpWaitPacketIP
                0xc7e3001c                NetState
                0xc7e32566                BootFile
                0xc7e30064                NetServerEther
                0xc7e30040                NetOurSubnetMask
                0xc7e32564                NetBootFileSize
                0xc7e30024                NetIPID
                0xc7e32504                NetOurHostName
                0xc7e3004c                NetRxPkt
                0xc7e30044                NetOurGatewayIP
                0xc7e30070                NetEtherNullAddr
                0xc7e31ebc                NetArpWaitPacketBuf
                0xc7e30050                NetRxPktLen
                0xc7e30038                NetTxPacket
                0xc7e324dc                NetBootFileXferSize
                0xc7e324e0                NetOurDNSIP
                0xc7e3008c                PktBuf
                0xc7e32524                NetOurRootPath
                0xc7e3007c                NetArpWaitTimerStart
 .bss           0xc7e325e8       0x34 net/libnet.a(tftp.o)
 .bss           0xc7e3261c        0x8 net/libnet.a(bootp.o)
                0xc7e3261c                BootpTry
                0xc7e32620                BootpID
 .bss           0xc7e32624        0x4 net/libnet.a(rarp.o)
                0xc7e32624                RarpTry
 .bss           0xc7e32628        0x0 net/libnet.a(eth.o)
 .bss           0xc7e32628      0x8b0 net/libnet.a(nfs.o)
 .bss           0xc7e32ed8       0xa4 drivers/libdrivers.a(dm9000x.o)
                0xc7e32ed8                dmfe_info
 .bss           0xc7e32f7c      0x1b8 drivers/nand/libnand.a(nand.o)
                0xc7e32f7c                nand_info
 .bss           0xc7e33134        0x0 drivers/nand/libnand.a(nand_base.o)
 .bss           0xc7e33134        0x0 drivers/nand/libnand.a(nand_ids.o)
 .bss           0xc7e33134        0x0 drivers/nand/libnand.a(nand_ecc.o)
 .bss           0xc7e33134        0x0 drivers/nand/libnand.a(nand_bbt.o)
 .bss           0xc7e33134     0x1560 common/libcommon.a(main.o)
                0xc7e34594                console_buffer
                0xc7e34544                hist_list
                0xc7e33144                hist_lines
                0xc7e33140                hist_num
 .bss           0xc7e34694        0x0 common/libcommon.a(cmd_bdinfo.o)
 .bss           0xc7e34694        0x0 common/libcommon.a(cmd_boot.o)
 .bss           0xc7e34694       0x40 common/libcommon.a(cmd_bootm.o)
                0xc7e34694                header
 .bss           0xc7e346d4        0x0 common/libcommon.a(cmd_cache.o)
 .bss           0xc7e346d4        0x0 common/libcommon.a(cmd_date.o)
 .bss           0xc7e346d4        0x0 common/libcommon.a(cmd_elf.o)
 .bss           0xc7e346d4        0x0 common/libcommon.a(cmd_flash.o)
 .bss           0xc7e346d4        0x0 common/libcommon.a(cmd_itest.o)
 .bss           0xc7e346d4       0x88 common/libcommon.a(cmd_load.o)
                0xc7e34708                his_pad_char
                0xc7e346d8                os_data_count
                0xc7e346e8                os_data_init
                0xc7e3470c                send_ptr
                0xc7e3473c                os_data_header
                0xc7e346fc                os_data_char
                0xc7e34709                his_eol
                0xc7e34700                his_quote
                0xc7e34710                send_parms
                0xc7e34704                his_pad_count
 .bss           0xc7e3475c       0x14 common/libcommon.a(cmd_mem.o)
                0xc7e3476c                dp_last_size
                0xc7e34768                dp_last_addr
                0xc7e34764                mm_last_size
                0xc7e34760                mm_last_addr
 .bss           0xc7e34770        0x0 common/libcommon.a(cmd_misc.o)
 .bss           0xc7e34770        0x0 common/libcommon.a(cmd_nand.o)
 .bss           0xc7e34770        0x0 common/libcommon.a(cmd_net.o)
 .bss           0xc7e34770        0x0 common/libcommon.a(cmd_nvedit.o)
 .bss           0xc7e34770        0x0 common/libcommon.a(cmd_usb.o)
 .bss           0xc7e34770        0x0 common/libcommon.a(command.o)
 .bss           0xc7e34770        0x8 common/libcommon.a(console.o)
 .bss           0xc7e34778       0x10 common/libcommon.a(devices.o)
                0xc7e34778                devlist
                0xc7e3477c                stdio_devices
 .bss           0xc7e34788       0x38 common/libcommon.a(dlmalloc.o)
 .bss           0xc7e347c0        0x0 common/libcommon.a(env_common.o)
 .bss           0xc7e347c0        0x4 common/libcommon.a(env_nand.o)
                0xc7e347c0                env_ptr
 .bss           0xc7e347c4        0x0 common/libcommon.a(exports.o)
 .bss           0xc7e347c4        0x0 common/libcommon.a(flash.o)
 .bss           0xc7e347c4      0x258 common/libcommon.a(hush.o)
                0xc7e34a18                nesting_level
                0xc7e34a10                last_return_code
 .bss           0xc7e34a1c        0x0 common/libcommon.a(lists.o)
 .bss           0xc7e34a1c        0x0 common/libcommon.a(s_record.o)
 .bss           0xc7e34a1c     0xc99c common/libcommon.a(usb.o)
                0xc7e413a8                usb_started
 .bss           0xc7e413b8      0x43c common/libcommon.a(xyzModem.o)
 .bss           0xc7e417f4        0x0 common/libcommon.a(cmd_usbd.o)
 .bss           0xc7e417f4        0x0 common/libcommon.a(crc16.o)
 .bss           0xc7e417f4        0x0 lib_generic/libgeneric.a(crc32.o)
 .bss           0xc7e417f4        0x0 lib_generic/libgeneric.a(ctype.o)
 .bss           0xc7e417f4        0x0 lib_generic/libgeneric.a(display_options.o)
 .bss           0xc7e417f4        0x4 lib_generic/libgeneric.a(string.o)
                0xc7e417f4                ___strtok
 .bss           0xc7e417f8        0x0 lib_generic/libgeneric.a(vsprintf.o)
 .bss           0xc7e417f8     0x10a8 lib_generic/libgeneric.a(zlib.o)
 .bss           0xc7e428a0        0x0 board/samsung/smdk6410/libsmdk6410.a(smdk6410.o)
 .bss           0xc7e428a0        0x0 board/samsung/smdk6410/libsmdk6410.a(flash.o)
                0xc7e428a0                flash_info
 .bss           0xc7e428a0        0x0 cpu/s3c64xx/libs3c64xx.a(i2c.o)
 *fill*         0xc7e428a0       0x60 00
 .bss           0xc7e42900     0x1600 cpu/s3c64xx/libs3c64xx.a(usb_ohci.o)
                0xc7e43e04                got_rhsc
                0xc7e42c40                gtd
                0xc7e429d0                ohci_dev
                0xc7e43e08                devgone
                0xc7e42900                ptd
                0xc7e43e00                phcca
                0xc7e42b60                urb_priv
                0xc7e43d00                ghcca
 .bss           0xc7e43f00        0xc cpu/s3c64xx/libs3c64xx.a(nand.o)
                0xc7e43f04                cur_ecc_mode
                0xc7e43f08                nand_type
                0xc7e43f00                boot_nand
 .bss           0xc7e43f0c       0xac cpu/s3c64xx/libs3c64xx.a(usbd-otg-hs.o)
                0xc7e43f90                remode_wakeup
                0xc7e43f94                get_status
                0xc7e43fa4                op_mode
                0xc7e43f9c                get_intf
                0xc7e43fb0                s3c_got_header
                0xc7e43f9a                config_value
                0xc7e43fa8                s3c_receive_done
                0xc7e43fa0                s3c_usbd_dn_addr
                0xc7e43fac                speed
                0xc7e43fb4                DNW
                0xc7e43f0c                otg
 .bss           0xc7e43fb8        0x4 lib_arm/libarm.a(armlinux.o)
 .bss           0xc7e43fbc        0x0 lib_arm/libarm.a(cache.o)
 .bss           0xc7e43fbc        0x0 rtc/librtc.a(date.o)
 .bss           0xc7e43fbc        0x0 rtc/librtc.a(s3c64xx_rtc.o)
 .bss           0xc7e43fbc      0xa90 drivers/nand/libnand.a(nand_util.o)
 .bss           0xc7e44a4c        0x0 lib_generic/libgeneric.a(div64.o)
 .bss           0xc7e44a4c        0x0 /usr/local/arm/4.3.2/bin/../lib/gcc/arm-none-linux-gnueabi/4.3.2/armv4t/libgcc.a(_udivsi3.o)
 .bss           0xc7e44a4c        0x0 /usr/local/arm/4.3.2/bin/../lib/gcc/arm-none-linux-gnueabi/4.3.2/armv4t/libgcc.a(_divsi3.o)
 .bss           0xc7e44a4c        0x0 /usr/local/arm/4.3.2/bin/../lib/gcc/arm-none-linux-gnueabi/4.3.2/armv4t/libgcc.a(_ashrdi3.o)
 .bss           0xc7e44a4c        0x0 /usr/local/arm/4.3.2/bin/../lib/gcc/arm-none-linux-gnueabi/4.3.2/armv4t/libgcc.a(_ashldi3.o)
 .bss           0xc7e44a4c        0x0 /usr/local/arm/4.3.2/bin/../lib/gcc/arm-none-linux-gnueabi/4.3.2/armv4t/libgcc.a(_dvmd_lnx.o)
                0xc7e44a4c                _end = .
Address of section .text set to 0xc7e00000
LOAD cpu/s3c64xx/start.o
START GROUP
LOAD lib_generic/libgeneric.a
LOAD board/samsung/smdk6410/libsmdk6410.a
LOAD cpu/s3c64xx/libs3c64xx.a
LOAD cpu/s3c64xx/s3c6410/libs3c6410.a
LOAD lib_arm/libarm.a
LOAD fs/cramfs/libcramfs.a
LOAD fs/fat/libfat.a
LOAD fs/fdos/libfdos.a
LOAD fs/jffs2/libjffs2.a
LOAD fs/reiserfs/libreiserfs.a
LOAD fs/ext2/libext2fs.a
LOAD net/libnet.a
LOAD disk/libdisk.a
LOAD rtc/librtc.a
LOAD dtt/libdtt.a
LOAD drivers/libdrivers.a
LOAD drivers/nand/libnand.a
LOAD drivers/nand_legacy/libnand_legacy.a
LOAD drivers/onenand/libonenand.a
LOAD drivers/sk98lin/libsk98lin.a
LOAD post/libpost.a
LOAD post/cpu/libcpu.a
LOAD common/libcommon.a
END GROUP
LOAD /usr/local/arm/4.3.2/bin/../lib/gcc/arm-none-linux-gnueabi/4.3.2/armv4t/libgcc.a
OUTPUT(u-boot elf32-littlearm)

.ARM.attributes
                0x00000000       0x26
 .ARM.attributes
                0x00000000       0x18 cpu/s3c64xx/start.o
 .ARM.attributes
                0x00000018       0x18 cpu/s3c64xx/s3c6410/cpu_init.o
 .ARM.attributes
                0x00000030       0x26 cpu/s3c64xx/onenand_cp.o
 .ARM.attributes
                0x00000056       0x28 cpu/s3c64xx/nand_cp.o
 .ARM.attributes
                0x0000007e       0x26 cpu/s3c64xx/movi.o
 .ARM.attributes
                0x000000a4       0x18 board/samsung/smdk6410/libsmdk6410.a(lowlevel_init.o)
 .ARM.attributes
                0x000000bc       0x28 cpu/s3c64xx/libs3c64xx.a(interrupts.o)
 .ARM.attributes
                0x000000e4       0x28 cpu/s3c64xx/libs3c64xx.a(cpu.o)
 .ARM.attributes
                0x0000010c       0x28 cpu/s3c64xx/libs3c64xx.a(serial.o)
 .ARM.attributes
                0x00000134       0x28 cpu/s3c64xx/s3c6410/libs3c6410.a(speed.o)
 .ARM.attributes
                0x0000015c       0x28 lib_arm/libarm.a(board.o)
 .ARM.attributes
                0x00000184       0x28 net/libnet.a(net.o)
 .ARM.attributes