Archive member included because of file (symbol)

board/samsung/smdk6410/libsmdk6410.a(lowlevel_init.o)
                              cpu/s3c64xx/start.o (lowlevel_init)
cpu/s3c64xx/libs3c64xx.a(interrupts.o)
                              cpu/s3c64xx/start.o (do_irq)
cpu/s3c64xx/libs3c64xx.a(cpu.o)
                              cpu/s3c64xx/libs3c64xx.a(interrupts.o) (reset_cpu)
cpu/s3c64xx/libs3c64xx.a(hs_mmc.o)
                              cpu/s3c64xx/movi.o (hsmmc_set_base)
cpu/s3c64xx/libs3c64xx.a(serial.o)
                              cpu/s3c64xx/libs3c64xx.a(cpu.o) (serial_tstc)
cpu/s3c64xx/s3c6410/libs3c6410.a(speed.o)
                              cpu/s3c64xx/libs3c64xx.a(interrupts.o) (get_PCLK)
lib_arm/libarm.a(board.o)     lib_arm/div0.o (hang)
net/libnet.a(net.o)           lib_arm/libarm.a(board.o) (copy_filename)
net/libnet.a(tftp.o)          net/libnet.a(net.o) (TftpStart)
net/libnet.a(bootp.o)         net/libnet.a(net.o) (BootpRequest)
net/libnet.a(rarp.o)          net/libnet.a(net.o) (RarpRequest)
net/libnet.a(eth.o)           lib_arm/libarm.a(board.o) (eth_initialize)
net/libnet.a(nfs.o)           net/libnet.a(net.o) (NfsStart)
drivers/libdrivers.a(cs8900.o)
                              net/libnet.a(net.o) (eth_halt)
drivers/nand/libnand.a(nand.o)
                              lib_arm/libarm.a(board.o) (nand_init)
drivers/nand/libnand.a(nand_base.o)
                              drivers/nand/libnand.a(nand.o) (nand_scan)
drivers/nand/libnand.a(nand_ids.o)
                              drivers/nand/libnand.a(nand_base.o) (nand_flash_ids)
drivers/nand/libnand.a(nand_ecc.o)
                              drivers/nand/libnand.a(nand_base.o) (nand_calculate_ecc)
drivers/nand/libnand.a(nand_bbt.o)
                              drivers/nand/libnand.a(nand_base.o) (nand_isbad_bbt)
common/libcommon.a(main.o)    lib_arm/libarm.a(board.o) (main_loop)
common/libcommon.a(cmd_bdinfo.o)
                              (__u_boot_cmd_bdinfo)
common/libcommon.a(cmd_boot.o)
                              (__u_boot_cmd_go)
common/libcommon.a(cmd_bootm.o)
                              lib_arm/libarm.a(board.o) (load_addr)
common/libcommon.a(cmd_cache.o)
                              (__u_boot_cmd_icache)
common/libcommon.a(cmd_date.o)
                              (__u_boot_cmd_date)
common/libcommon.a(cmd_elf.o)
                              common/libcommon.a(cmd_bootm.o) (do_bootvx)
common/libcommon.a(cmd_fat.o)
                              (__u_boot_cmd_fatload)
common/libcommon.a(cmd_flash.o)
                              (__u_boot_cmd_flinfo)
common/libcommon.a(cmd_itest.o)
                              (__u_boot_cmd_itest)
common/libcommon.a(cmd_load.o)
                              (__u_boot_cmd_loads)
common/libcommon.a(cmd_mem.o)
                              common/libcommon.a(cmd_itest.o) (cmd_get_data_size)
common/libcommon.a(cmd_misc.o)
                              (__u_boot_cmd_sleep)
common/libcommon.a(cmd_nand.o)
                              (__u_boot_cmd_nand)
common/libcommon.a(cmd_net.o)
                              (__u_boot_cmd_bootp)
common/libcommon.a(cmd_nvedit.o)
                              lib_arm/libarm.a(board.o) (getenv_r)
common/libcommon.a(cmd_usb.o)
                              (__u_boot_cmd_usb)
common/libcommon.a(command.o)
                              common/libcommon.a(main.o) (find_cmd)
common/libcommon.a(console.o)
                              cpu/s3c64xx/movi.o (printf)
common/libcommon.a(devices.o)
                              common/libcommon.a(console.o) (devlist)
common/libcommon.a(dlmalloc.o)
                              drivers/nand/libnand.a(nand_base.o) (free)
common/libcommon.a(env_common.o)
                              common/libcommon.a(cmd_nvedit.o) (env_get_addr)
common/libcommon.a(env_nand.o)
                              common/libcommon.a(env_common.o) (env_get_char_spec)
common/libcommon.a(exports.o)
                              lib_arm/libarm.a(board.o) (jumptable_init)
common/libcommon.a(flash.o)   common/libcommon.a(cmd_load.o) (addr2info)
common/libcommon.a(hush.o)    common/libcommon.a(main.o) (u_boot_hush_start)
common/libcommon.a(lists.o)   common/libcommon.a(console.o) (ListGetPtrToItem)
common/libcommon.a(s_record.o)
                              common/libcommon.a(cmd_load.o) (srec_decode)
common/libcommon.a(usb.o)     common/libcommon.a(cmd_usb.o) (usb_get_dev_index)
common/libcommon.a(xyzModem.o)
                              common/libcommon.a(cmd_load.o) (xyzModem_error)
common/libcommon.a(cmd_usbd.o)
                              (__u_boot_cmd_dnw)
common/libcommon.a(cmd_movi.o)
                              cpu/s3c64xx/movi.o (ofsinfo)
common/libcommon.a(crc16.o)   common/libcommon.a(xyzModem.o) (cyg_crc16)
lib_generic/libgeneric.a(crc32.o)
                              common/libcommon.a(cmd_bootm.o) (crc32)
lib_generic/libgeneric.a(ctype.o)
                              common/libcommon.a(hush.o) (_ctype)
[...]
Memory Configuration

Name             Origin             Length             Attributes
*default*        0x00000000         0xffffffff

Linker script and memory map

                0x00000000                . = 0x0
                0x00000000                . = ALIGN (0x4)

.text           0xc7e00000    0x25c48
 cpu/s3c64xx/start.o(.text)
 .text          0xc7e00000      0x480 cpu/s3c64xx/start.o
                0xc7e00040                _end_vect
                0xc7e0017c                theLastJump
                0xc7e00460                arm1136_cache_flush
                0xc7e0004c                _bss_start
                0xc7e00050                _bss_end
                0xc7e00048                _armboot_start
                0xc7e00120                copy_from_nand
                0xc7e00000                _start
 cpu/s3c64xx/s3c6410/cpu_init.o(.text)
 .text          0xc7e00480      0x15c cpu/s3c64xx/s3c6410/cpu_init.o
                0xc7e005b0                cleanFlushCache
                0xc7e005a4                cleanFlushDCache
                0xc7e00480                mem_ctrl_asm_init
                0xc7e00598                cleanDCache
 cpu/s3c64xx/onenand_cp.o(.text)
 .text          0xc7e005dc        0x0 cpu/s3c64xx/onenand_cp.o
 cpu/s3c64xx/nand_cp.o(.text)
 .text          0xc7e005dc      0x1dc cpu/s3c64xx/nand_cp.o
                0xc7e00694                copy_uboot_to_ram
 cpu/s3c64xx/movi.o(.text)
 .text          0xc7e007b8      0x108 cpu/s3c64xx/movi.o
                0xc7e007b8                movi_set_capacity
                0xc7e00884                movi_init
                0xc7e007bc                movi_set_ofs
                0xc7e00810                movi_bl2_copy
                0xc7e0085c                movi_read_env
                0xc7e00870                movi_write_env
 *(.text)
 .text          0xc7e008c0        0xc lib_arm/div0.o
                0xc7e008c4                __aeabi_ldiv0
                0xc7e008c8                __div0
                0xc7e008c0                raise
 .text          0xc7e008cc      0x2b8 board/samsung/smdk6410/libsmdk6410.a(lowlevel_init.o)
                0xc7e008d0                lowlevel_init
 .text          0xc7e00b84      0x538 cpu/s3c64xx/libs3c64xx.a(interrupts.o)
                0xc7e00b90                set_timer
                0xc7e00fe0                reset_timer
                0xc7e00f08                do_fiq
                0xc7e00cf8                interrupt_init
                0xc7e00fbc                do_undefined_instruction
                0xc7e00d84                show_regs
                0xc7e00ee4                do_irq
                0xc7e00ce0                get_tbclk
                0xc7e00c3c                get_timer
                0xc7e00ba0                reset_timer_masked
                0xc7e00ec0                bad_mode
                0xc7e00bd4                get_timer_masked
                0xc7e01014                udelay
                0xc7e00c50                udelay_masked
                0xc7e00f74                do_prefetch_abort
                0xc7e00cc4                get_ticks
                0xc7e00b88                disable_interrupts
                0xc7e00f2c                do_not_used
                0xc7e00f50                do_data_abort
                0xc7e00f98                do_software_interrupt
                0xc7e00b84                enable_interrupts
 .text          0xc7e010bc      0x1a0 cpu/s3c64xx/libs3c64xx.a(cpu.o)
                0xc7e010f0                cleanup_before_linux
                0xc7e01224                dcache_enable
                0xc7e010e8                cpu_init
                0xc7e01184                icache_enable
                0xc7e011ec                branch_enable
                0xc7e01164                do_reset
                0xc7e011d0                branch_disable
                0xc7e01124                reset_cpu
                0xc7e011a0                branch_status
                0xc7e01240                icache_disable
                0xc7e011b0                dcache_status
                0xc7e011c0                icache_status
                0xc7e01208                dcache_disable
 .text          0xc7e0125c     0x18c8 cpu/s3c64xx/libs3c64xx.a(hs_mmc.o)
                0xc7e024e0                test_hsmmc
                0xc7e01410                hsmmc_reset
                0xc7e016b8                hsmmc_set_gpio
                0xc7e0125c                mmc_get_dev
                0xc7e013e8                hsmmc_set_base
                0xc7e01910                movi_read
                0xc7e01c0c                hsmmc_init
                0xc7e02308                movi_write
 .text          0xc7e02b24       0x8c cpu/s3c64xx/libs3c64xx.a(serial.o)
                0xc7e02b24                serial_setbrg
                0xc7e02b54                serial_tstc
                0xc7e02b28                serial_putc
                0xc7e02ba8                serial_init
                0xc7e02b68                serial_puts
                0xc7e02b8c                serial_getc
 .text          0xc7e02bb0      0x26c cpu/s3c64xx/s3c6410/libs3c6410.a(speed.o)
                0xc7e02c88                get_HCLK
                0xc7e02c2c                get_PCLK
                0xc7e02c24                get_FCLK
                0xc7e02ce4                get_ARMCLK
                0xc7e02c1c                get_UCLK
                0xc7e02d0c                print_cpuinfo
 .text          0xc7e02e1c      0x36c lib_arm/libarm.a(board.o)
                0xc7e02e68                hang
                0xc7e02f30                start_armboot
                0xc7e02e1c                sbrk
 .text          0xc7e03188     0x14a4 net/libnet.a(net.o)
                0xc7e03388                getenv_IPaddr
                0xc7e03230                NetCksumOk
                0xc7e03ee8                NetSetTimeout
                0xc7e0325c                copy_filename
                0xc7e033a0                NetEthHdrSize
                0xc7e03444                ip_to_string
                0xc7e04144                ArpTimeoutCheck
                0xc7e03838                NetReceive
                0xc7e03314                string_to_ip
                0xc7e03f24                NetSendUDPPacket
                0xc7e03490                print_IPaddr
                0xc7e034b4                NetSetEther
                0xc7e041c8                NetLoop
                0xc7e0370c                ArpRequest
                0xc7e033ec                VLAN_to_string
                0xc7e032fc                getenv_VLAN
                0xc7e031ec                NetCksum
                0xc7e0357c                NetSetIP
                0xc7e032ac                string_to_VLAN
                0xc7e040bc                NetStartAgain
                0xc7e031dc                NetSetHandler
                0xc7e03d58                PingSend
                0xc7e03708                NetSendPacket
 .text          0xc7e0462c      0x6b4 net/libnet.a(tftp.o)
                0xc7e047d8                TftpStart
 .text          0xc7e04ce0      0x6d4 net/libnet.a(bootp.o)
                0xc7e04da0                BootpRequest
 .text          0xc7e053b4      0x1cc net/libnet.a(rarp.o)
                0xc7e053b4                RarpRequest
 .text          0xc7e05580        0x8 net/libnet.a(eth.o)
                0xc7e05580                eth_initialize
 .text          0xc7e05588      0xdf8 net/libnet.a(nfs.o)
                0xc7e05bcc                NfsStart
 .text          0xc7e06380      0x618 drivers/libdrivers.a(cs8900.o)
                0xc7e064c8                eth_halt
                0xc7e06780                cs8900_get_enetaddr
                0xc7e065e0                cs8900_e2prom_read
                0xc7e064ec                cs8900_e2prom_write
                0xc7e066f8                eth_rx
                0xc7e0654c                eth_init
                0xc7e06624                eth_send
 .text          0xc7e06998       0xa0 drivers/nand/libnand.a(nand.o)
                0xc7e06998                nand_init
 .text          0xc7e06a38     0x30fc drivers/nand/libnand.a(nand_base.o)
                0xc7e090cc                nand_read
                0xc7e06c64                nand_wait_ready
                0xc7e07774                nand_scan_ident
                0xc7e08148                nand_scan
                0xc7e09268                nand_erase_nand
                0xc7e07c60                nand_scan_tail
                0xc7e0774c                nand_release
 .text          0xc7e09b34        0x0 drivers/nand/libnand.a(nand_ids.o)
 .text          0xc7e09b34      0x220 drivers/nand/libnand.a(nand_ecc.o)
                0xc7e09c2c                nand_correct_data
                0xc7e09b34                nand_calculate_ecc
 .text          0xc7e09d54     0x1758 drivers/nand/libnand.a(nand_bbt.o)
                0xc7e09fe0                nand_isbad_bbt
                0xc7e0b3d4                nand_default_bbt
                0xc7e0ac78                nand_update_bbt
                0xc7e0af44                nand_scan_bbt
 .text          0xc7e0b4ac     0x1194 common/libcommon.a(main.o)
                0xc7e0b4ac                run_command
                0xc7e0b9d0                readline
                0xc7e0c4f8                main_loop
                0xc7e0c238                lcd_size_config
                0xc7e0c168                arm_USBfuse
                0xc7e0c374                ARMMenu
                0xc7e0c070                arm_sdfuse
 .text          0xc7e0c640      0x100 common/libcommon.a(cmd_bdinfo.o)
                0xc7e0c654                do_bdinfo
 .text          0xc7e0c740       0x80 common/libcommon.a(cmd_boot.o)
                0xc7e0c740                do_go
 .text          0xc7e0c7c0      0xbe8 common/libcommon.a(cmd_bootm.o)
                0xc7e0c950                print_image_hdr
                0xc7e0c7e0                gunzip
                0xc7e0cd58                do_bootm
 .text          0xc7e0d3a8      0x1e0 common/libcommon.a(cmd_cache.o)
                0xc7e0d3e4                do_branch
                0xc7e0d470                do_dcache
                0xc7e0d4fc                do_icache
 .text          0xc7e0d588      0x324 common/libcommon.a(cmd_date.o)
                0xc7e0d798                do_date
                0xc7e0d5cc                mk_date
 .text          0xc7e0d8ac      0x384 common/libcommon.a(cmd_elf.o)
                0xc7e0db8c                do_bootelf
                0xc7e0da10                do_bootvx
                0xc7e0d8ac                valid_elf_image
                0xc7e0d900                load_elf_image
 .text          0xc7e0dc30      0x3b4 common/libcommon.a(cmd_fat.o)
                0xc7e0de5c                do_fat_fsload
                0xc7e0dc64                do_fat_fsinfo
                0xc7e0dd48                do_fat_ls
                0xc7e0dc30                get_dev
 .text          0xc7e0dfe4      0x5c0 common/libcommon.a(cmd_flash.o)
                0xc7e0e024                do_flinfo
                0xc7e0e004                flash_sect_erase
                0xc7e0e28c                do_protect
                0xc7e0e458                do_flerase
                0xc7e0dfe4                flash_sect_protect
 .text          0xc7e0e5a4      0x2ec common/libcommon.a(cmd_itest.o)
                0xc7e0e60c                binary_test
                0xc7e0e7e8                do_itest
 .text          0xc7e0e890      0xf78 common/libcommon.a(cmd_load.o)
                0xc7e0e958                k_data_init
                0xc7e0eaf0                s1_sendpacket
                0xc7e0eb18                handle_send_packet
                0xc7e0e9ec                k_data_restore
                0xc7e0ed10                send_nack
                0xc7e0ee14                do_load_serial_bin
                0xc7e0ea50                k_data_char
                0xc7e0e8b0                chk1
                0xc7e0e988                k_data_save
                0xc7e0e890                ktrans
                0xc7e0eab4                send_pad
                0xc7e0ed7c                send_ack
                0xc7e0f4fc                do_load_serial
 .text          0xc7e0f808      0xb34 common/libcommon.a(cmd_mem.o)
                0xc7e0f808                do_mem_base
                0xc7e10060                do_mem_mw
                0xc7e0f854                do_mem_crc
                0xc7e0fc3c                do_mem_nm
                0xc7e0fc64                do_mem_mm
                0xc7e0fd84                do_mem_cp
                0xc7e0f90c                do_mem_mtest
                0xc7e0feb4                do_mem_cmp
                0xc7e0fa3c                cmd_get_data_size
                0xc7e0fc8c                do_mem_loop
                0xc7e10138                do_mem_md
 .text          0xc7e1033c       0x94 common/libcommon.a(cmd_misc.o)
                0xc7e1033c                do_sleep
 .text          0xc7e103d0     0x110c common/libcommon.a(cmd_nand.o)
                0xc7e1056c                do_nandboot
                0xc7e107a8                do_nand
 .text          0xc7e114dc      0x380 common/libcommon.a(cmd_net.o)
                0xc7e11838                do_rarpb
                0xc7e114dc                do_ping
                0xc7e11844                do_tftpb
                0xc7e11850                do_bootp
                0xc7e1182c                do_nfs
 .text          0xc7e1185c      0x8f8 common/libcommon.a(cmd_nvedit.o)
                0xc7e119d0                getenv
                0xc7e11a50                _do_setenv
                0xc7e118d4                getenv_r
                0xc7e11fb0                do_printenv
                0xc7e11f78                setenv
                0xc7e1199c                do_saveenv
                0xc7e11f2c                do_setenv
 .text          0xc7e12154      0xca4 common/libcommon.a(cmd_usb.o)
                0xc7e12ad0                usb_display_conf_desc
                0xc7e124dc                usb_show_tree_graph
                0xc7e12154                usb_get_class_desc
                0xc7e121f8                usb_display_ep_desc
                0xc7e127c8                usb_display_desc
                0xc7e122cc                usb_display_class_sub
                0xc7e12794                usb_show_tree
                0xc7e12a00                usb_display_string
                0xc7e12a38                usb_display_if_desc
                0xc7e12b80                usb_display_config
                0xc7e12c14                do_usb
 .text          0xc7e12df8      0x940 common/libcommon.a(command.o)
                0xc7e12e94                do_echo
                0xc7e13580                do_setlcd
                0xc7e130f8                do_exit
                0xc7e12df8                find_cmd
                0xc7e13130                do_test
                0xc7e12f20                do_help
                0xc7e130d0                do_version
 .text          0xc7e13738      0x5b8 common/libcommon.a(console.o)
                0xc7e13a6c                console_init_r
                0xc7e13a2c                printf
                0xc7e13900                console_assign
                0xc7e13c78                getc
                0xc7e139e4                puts
                0xc7e138e4                dbg
                0xc7e13c04                serial_printf
                0xc7e13810                ftstc
                0xc7e1399c                fprintf
                0xc7e13c60                tstc
                0xc7e13a00                vprintf
                0xc7e13c90                ctrlc
                0xc7e13c44                putc
                0xc7e138a8                disable_ctrlc
                0xc7e137e0                fgetc
                0xc7e138c0                had_ctrlc
                0xc7e13840                fputc
                0xc7e138f0                console_init_f
                0xc7e138d0                clear_ctrlc
                0xc7e13874                fputs
 .text          0xc7e13cf0       0xfc common/libcommon.a(devices.o)
                0xc7e13d14                device_register
                0xc7e13cf0                devices_done
                0xc7e13d40                devices_init
 .text          0xc7e13dec     0x10e8 common/libcommon.a(dlmalloc.o)
                0xc7e1420c                malloc
                0xc7e1494c                pvalloc
                0xc7e14970                calloc
                0xc7e13e24                malloc_usable_size
                0xc7e14a58                realloc
                0xc7e13edc                malloc_trim
                0xc7e13dec                malloc_bin_reloc
                0xc7e13e68                mallopt
                0xc7e14830                memalign
                0xc7e14208                cfree
                0xc7e14964                valloc
                0xc7e13fb0                free
 .text          0xc7e14ed4      0x134 common/libcommon.a(env_common.o)
                0xc7e14ef4                env_get_addr
                0xc7e14f6c                env_relocate
                0xc7e14f40                env_crc_update
                0xc7e14ed4                env_get_char_memory
 .text          0xc7e15008      0x208 common/libcommon.a(env_nand.o)
                0xc7e15188                env_relocate_spec
                0xc7e15030                saveenv
                0xc7e15008                env_get_char_spec
                0xc7e15014                env_init
 .text          0xc7e15210       0xc4 common/libcommon.a(exports.o)
                0xc7e1521c                jumptable_init
                0xc7e15214                get_version
 .text          0xc7e152d4      0x364 common/libcommon.a(flash.o)
                0xc7e154c8                flash_write
                0xc7e152d4                flash_protect
                0xc7e153e0                addr2info
                0xc7e153e8                flash_perror
 .text          0xc7e15638     0x1ce8 common/libcommon.a(hush.o)
                0xc7e159f0                new_pipe
                0xc7e15768                mapset
                0xc7e16a1c                parse_string_outer
                0xc7e1637c                update_ifs_map
                0xc7e169d4                parse_file_outer
                0xc7e15654                simple_itoa
                0xc7e15d60                reserved_word
                0xc7e1578c                u_boot_hush_start
 .text          0xc7e17320      0x3e0 common/libcommon.a(lists.o)
                0xc7e17620                DisposeHandle
                0xc7e17640                ListDispose
                0xc7e17454                ListInsertItems
                0xc7e17328                ListSetAllocationPolicy
                0xc7e17378                ListGetItemSize
                0xc7e1736c                ListGetDataPtr
                0xc7e17644                NewHandle
                0xc7e173d8                SetHandleSize
                0xc7e17618                ListInsertItem
                0xc7e17320                GetHandleSize
                0xc7e17384                ListNumItems
                0xc7e1733c                ListGetPtrToItem
                0xc7e176a0                ListCreate
                0xc7e17390                ListGetItems
 .text          0xc7e17700      0x2d0 common/libcommon.a(s_record.o)
                0xc7e17774                srec_decode
 .text          0xc7e179d0     0x16c8 common/libcommon.a(usb.o)
                0xc7e184d4                usb_set_idle
                0xc7e179e8                usb_maxpacket
                0xc7e18e64                usb_hub_probe
                0xc7e19068                usb_stop
                0xc7e18fcc                usb_init
                0xc7e179d0                usb_disable_asynch
                0xc7e18f28                usb_clear_halt
                0xc7e17d98                usb_bulk_msg
                0xc7e183f4                usb_get_class_descriptor
                0xc7e18ec4                usb_scan_devices
                0xc7e18110                usb_get_hub_descriptor
                0xc7e17efc                usb_get_port_status
                0xc7e17d74                usb_submit_int_msg
                0xc7e17be8                usb_parse_config
                0xc7e17e00                usb_control_msg
                0xc7e18538                usb_set_protocol
                0xc7e18ac0                usb_hub_port_connect_change
                0xc7e18600                usb_set_interface
                0xc7e17af8                usb_hub_allocate
                0xc7e182f8                usb_string
                0xc7e18464                usb_get_report
                0xc7e18714                usb_get_descriptor
                0xc7e18c28                usb_hub_configure
                0xc7e18170                usb_get_string
                0xc7e17d78                wait_ms
                0xc7e180b8                usb_clear_hub_feature
                0xc7e18780                usb_get_configuration_no
                0xc7e18058                usb_clear_port_feature
                0xc7e17fb4                usb_set_port_feature
                0xc7e18820                usb_new_device
                0xc7e17f5c                usb_get_hub_status
                0xc7e18598                usb_set_configuration
                0xc7e17a0c                usb_set_maxpacket
                0xc7e186cc                usb_set_address
                0xc7e17b44                usb_alloc_new_device
                0xc7e17ae4                usb_hub_reset
                0xc7e17abc                usb_get_dev_index
 .text          0xc7e19098      0xa08 common/libcommon.a(xyzModem.o)
                0xc7e191cc                xyzModem_error
                0xc7e19268                xyzModem_stream_close
                0xc7e192c4                CYGACC_COMM_IF_GETC_TIMEOUT
                0xc7e19098                parse_num
                0xc7e1934c                xyzModem_stream_terminate
                0xc7e19940                xyzModem_stream_open
                0xc7e192bc                CYGACC_COMM_IF_PUTC
                0xc7e196c4                xyzModem_stream_read
 .text          0xc7e19aa0      0x114 common/libcommon.a(cmd_usbd.o)
                0xc7e19aa0                do_usbd_dnw
 .text          0xc7e19bb4      0x3bc common/libcommon.a(cmd_movi.o)
                0xc7e19bb4                do_movi
 .text          0xc7e19f70       0x48 common/libcommon.a(crc16.o)
                0xc7e19f70                cyg_crc16
 .text          0xc7e19fb8      0x1f8 lib_generic/libgeneric.a(crc32.o)
                0xc7e19fb8                crc32
                0xc7e1a0b8                crc32_no_comp
 .text          0xc7e1a1b0        0x0 lib_generic/libgeneric.a(ctype.o)
 .text          0xc7e1a1b0       0xc8 lib_generic/libgeneric.a(display_options.o)
                0xc7e1a250                display_options
                0xc7e1a1b0                print_size
 .text          0xc7e1a278      0x558 lib_generic/libgeneric.a(string.o)
                0xc7e1a278                strcpy
                0xc7e1a6d8                memscan
                0xc7e1a654                memmove
                0xc7e1a634                memcpy
                0xc7e1a5a0                strswab
                0xc7e1a42c                strnlen
                0xc7e1a3ec                strrchr
                0xc7e1a2b8                strcat
                0xc7e1a768                memchr
                0xc7e1a6fc                strstr
                0xc7e1a35c                strncmp
                0xc7e1a290                strncpy
                0xc7e1a608                bcopy
                0xc7e1a4d8                strtok
                0xc7e1a69c                memcmp
                0xc7e1a2e4                strncat
                0xc7e1a794                strdup
                0xc7e1a5ec                memset
                0xc7e1a330                strcmp
                0xc7e1a564                strsep
                0xc7e1a454                strspn
                0xc7e1a3cc                strlen
                0xc7e1a3a0                strchr
                0xc7e1a498                strpbrk
 .text          0xc7e1a7d0      0x818 lib_generic/libgeneric.a(vsprintf.o)
                0xc7e1abc0                vsprintf
                0xc7e1a890                simple_strtol
                0xc7e1ab68                panic
                0xc7e1afb8                sprintf
                0xc7e1a7d0                simple_strtoul
 .text          0xc7e1afe8     0x2e90 lib_generic/libgeneric.a(zlib.o)
                0xc7e1bf28                inflate
                0xc7e1b9b8                inflateInit2
                0xc7e1bdf8                inflateIncomp
                0xc7e1bb00                adler32
                0xc7e1b848                inflateReset
                0xc7e1b8b0                inflateSync
                0xc7e1baf8                inflateInit
                0xc7e1b7a8                inflateEnd
 .text          0xc7e1de78      0x158 board/samsung/smdk6410/libsmdk6410.a(smdk6410.o)
                0xc7e1dec8                dram_init
                0xc7e1dee8                virt_to_phy_smdk6410
                0xc7e1df18                checkboard
                0xc7e1de78                board_init
                0xc7e1df38                board_late_init
 .text          0xc7e1dfd0      0x600 board/samsung/smdk6410/libsmdk6410.a(flash.o)
                0xc7e1e374                flash_erase
                0xc7e1e584                flash_init
                0xc7e1e254                flash_print_info
                0xc7e1e0cc                write_buff
 .text          0xc7e1e5d0      0x6c8 cpu/s3c64xx/libs3c64xx.a(usb_ohci.o)
                0xc7e1e64c                rh_check_port_status
                0xc7e1e674                usb_lowlevel_stop
                0xc7e1e72c                sohci_submit_job
                0xc7e1e664                submit_int_msg
                0xc7e1ec90                submit_bulk_msg
                0xc7e1e65c                submit_control_msg
                0xc7e1e66c                usb_lowlevel_init
                0xc7e1e654                submit_common_msg
 .text          0xc7e1ec98      0xc90 cpu/s3c64xx/libs3c64xx.a(nand.o)
                0xc7e1f22c                s3c_nand_correct_data_8bit
                0xc7e1eeb8                s3c_nand_calculate_ecc_8bit
                0xc7e1ef88                s3c_nand_write_page_8bit
                0xc7e1ee68                s3c_nand_enable_hwecc_8bit
                0xc7e1f66c                board_nand_init
                0xc7e1f384                s3c_nand_read_page_8bit
 .text          0xc7e1f928     0x2b7c cpu/s3c64xx/libs3c64xx.a(usbd-otg-hs.o)
                0xc7e21608                s3c_usb_dma_in_done
                0xc7e21718                s3c_usb_set_all_outep_nak
                0xc7e21a60                s3c_usb_clear_upfile_info
                0xc7e21ca4                s3c_usb_verify_checksum
                0xc7e21ad0                s3c_usb_set_opmode
                0xc7e21f38                s3c_usb_pkt_receive
                0xc7e22120                s3c_usb_transfer
                0xc7e21a20                s3c_usb_clear_dnfile_info
                0xc7e20ff4                s3c_usb_int_bulkin
                0xc7e1f9ec                s3c_usb_set_inep_xfersize
                0xc7e20344                s3c_usb_transfer_ep0
                0xc7e20224                s3c_usb_set_otherspeed_conf_desc
                0xc7e1f974                s3c_usb_set_soft_disconnect
                0xc7e21740                s3c_usb_clear_all_outep_nak
                0xc7e22370                s3c_usbctl_init
                0xc7e2186c                s3c_usb_set_descriptors
                0xc7e21ee8                s3c_usb_int_bulkout
                0xc7e22244                s3c_udc_int_hndlr
                0xc7e1fa18                s3c_usb_set_outep_xfersize
                0xc7e1f9e4                s3c_usb_stop
                0xc7e1f99c                s3c_usb_init_device
                0xc7e21aa0                s3c_usb_check_setconf
                0xc7e1fda4                s3c_usb_set_feature
                0xc7e22004                s3c_usb_dma_out_done
                0xc7e1ffec                s3c_usb_ep0_int_hndlr
                0xc7e21818                s3c_usb_set_endpoint
                0xc7e21d74                s3c_usb_download_continue
                0xc7e1fa9c                s3c_usb_write_in_fifo
                0xc7e222e0                s3c_usb_wait_cable_insert
                0xc7e1fd10                s3c_usb_clear_feature
                0xc7e1f9dc                s3c_usbc_activate
                0xc7e1fa48                s3c_usb_write_ep0_fifo
                0xc7e213ec                s3c_usb_download_start
                0xc7e21768                s3c_usb_set_max_pktsize
                0xc7e1f960                s3c_usb_check_current_mode
                0xc7e1ff1c                s3c_usb_get_status
                0xc7e21a08                s3c_usb_check_speed
                0xc7e211c0                s3c_usb_upload_start
                0xc7e1f944                s3c_usb_init_core
                0xc7e1f988                s3c_usb_clear_soft_disconnect
                0xc7e1f928                s3c_usb_core_soft_reset
                0xc7e21fb8                s3c_usb_print_pkt
                0xc7e21c08                s3c_usb_set_init
                0xc7e21ba0                s3c_usb_reset
                0xc7e1fb40                s3c_usb_get_desc
                0xc7e1faf0                s3c_usb_read_out_fifo
                0xc7e22330                s3c_usb_init_phy
 .text          0xc7e224a4      0x3c4 lib_arm/libarm.a(armlinux.o)
                0xc7e224c4                do_bootm_linux
 .text          0xc7e22868        0x4 lib_arm/libarm.a(cache.o)
                0xc7e22868                flush_cache
 .text          0xc7e2286c     0x132c fs/fat/libfat.a(fat.o)
                0xc7e23a44                file_fat_read
                0xc7e23108                do_fat_read
                0xc7e23a7c                file_fat_ls
                0xc7e22cc0                file_fat_detectfs
                0xc7e22894                disk_read
                0xc7e23a8c                fat_register_device
 .text          0xc7e23b98      0x2b0 disk/libdisk.a(part.o)
                0xc7e23c5c                dev_print
                0xc7e23b98                print_part
                0xc7e23e00                get_partition_info
                0xc7e23e2c                init_part
 .text          0xc7e23e48      0x4e0 disk/libdisk.a(part_dos.o)
                0xc7e24104                get_partition_info_dos
                0xc7e242fc                print_part_dos
                0xc7e23e90                test_part_dos
 .text          0xc7e24328      0x298 rtc/librtc.a(date.o)
                0xc7e24328                GregorianDay
                0xc7e2452c                mktime
                0xc7e2441c                to_tm
 .text          0xc7e245c0      0x244 rtc/librtc.a(s3c64xx_rtc.o)
                0xc7e24648                rtc_set
                0xc7e247dc                rtc_reset
                0xc7e246e8                rtc_get
 .text          0xc7e24804      0xe98 drivers/nand/libnand.a(nand_util.o)
                0xc7e2480c                nand_lock
                0xc7e24860                nand_unlock
                0xc7e24978                nand_get_lock_status
                0xc7e25330                nand_erase_opts
                0xc7e24a04                nand_read_opts
                0xc7e24dcc                nand_write_opts
 .text          0xc7e2569c      0x120 lib_generic/libgeneric.a(div64.o)
                0xc7e2569c                __div64_32
 .text          0xc7e257bc      0x114 /usr/local/arm/4.2.2-eabi/usr/bin-ccache/../lib/gcc/arm-unknown-linux-gnueabi/4.2.2/libgcc.a(_udivsi3.o)
                0xc7e257bc                __udivsi3
                0xc7e257bc                __aeabi_uidiv
                0xc7e258b8                __aeabi_uidivmod
 .text          0xc7e258d0      0x144 /usr/local/arm/4.2.2-eabi/usr/bin-ccache/../lib/gcc/arm-unknown-linux-gnueabi/4.2.2/libgcc.a(_divsi3.o)
                0xc7e258d0                __aeabi_idiv
                0xc7e258d0                __divsi3
                0xc7e259fc                __aeabi_idivmod
 .text          0xc7e25a14       0x1c /usr/local/arm/4.2.2-eabi/usr/bin-ccache/../lib/gcc/arm-unknown-linux-gnueabi/4.2.2/libgcc.a(_ashrdi3.o)
                0xc7e25a14                __ashrdi3
                0xc7e25a14                __aeabi_lasr
 .text          0xc7e25a30       0x1c /usr/local/arm/4.2.2-eabi/usr/bin-ccache/../lib/gcc/arm-unknown-linux-gnueabi/4.2.2/libgcc.a(_ashldi3.o)
                0xc7e25a30                __ashldi3
                0xc7e25a30                __aeabi_llsl
 lib_arm/div0.o()
 .data          0xc7e25a4c        0x0 lib_arm/div0.o
 .bss           0xc7e25a4c        0x0 lib_arm/div0.o
 .debug_abbrev  0xc7e25a4c       0x29 lib_arm/div0.o
 .debug_info    0xc7e25a75       0x5f lib_arm/div0.o
 .debug_line    0xc7e25ad4       0x41 lib_arm/div0.o
 *fill*         0xc7e25b15        0x3 00
 .debug_frame   0xc7e25b18       0x40 lib_arm/div0.o
 .debug_pubnames
                0xc7e25b58       0x39 lib_arm/div0.o
 .debug_aranges
                0xc7e25b91       0x20 lib_arm/div0.o
 .debug_str     0xc7e25bb1       0x6d lib_arm/div0.o
 .comment       0xc7e25c1e       0x12 lib_arm/div0.o
 .ARM.attributes
                0xc7e25c30       0x18 lib_arm/div0.o
 .glue_7        0xc7e25c48        0x0 lib_arm/div0.o
 .glue_7t       0xc7e25c48        0x0 lib_arm/div0.o
 .vfp11_veneer  0xc7e25c48        0x0 lib_arm/div0.o

.glue_7         0xc7e25c48        0x0
 .glue_7        0xc7e25c48        0x0 cpu/s3c64xx/start.o
 .glue_7        0xc7e25c48        0x0 cpu/s3c64xx/s3c6410/cpu_init.o
 .glue_7        0xc7e25c48        0x0 cpu/s3c64xx/onenand_cp.o
 .glue_7        0xc7e25c48        0x0 cpu/s3c64xx/nand_cp.o
 .glue_7        0xc7e25c48        0x0 cpu/s3c64xx/movi.o
 .glue_7        0xc7e25c48        0x0 board/samsung/smdk6410/libsmdk6410.a(lowlevel_init.o)
 .glue_7        0xc7e25c48        0x0 cpu/s3c64xx/libs3c64xx.a(interrupts.o)
 .glue_7        0xc7e25c48        0x0 cpu/s3c64xx/libs3c64xx.a(cpu.o)
 .glue_7        0xc7e25c48        0x0 cpu/s3c64xx/libs3c64xx.a(hs_mmc.o)
 .glue_7        0xc7e25c48        0x0 cpu/s3c64xx/libs3c64xx.a(serial.o)
 .glue_7        0xc7e25c48        0x0 cpu/s3c64xx/s3c6410/libs3c6410.a(speed.o)
 .glue_7        0xc7e25c48        0x0 lib_arm/libarm.a(board.o)
 .glue_7        0xc7e25c48        0x0 net/libnet.a(net.o)
 .glue_7        0xc7e25c48        0x0 net/libnet.a(tftp.o)
 .glue_7        0xc7e25c48        0x0 net/libnet.a(bootp.o)
 .glue_7        0xc7e25c48        0x0 net/libnet.a(rarp.o)
 .glue_7        0xc7e25c48        0x0 net/libnet.a(eth.o)
 .glue_7        0xc7e25c48        0x0 net/libnet.a(nfs.o)
 .glue_7        0xc7e25c48        0x0 drivers/libdrivers.a(cs8900.o)
 .glue_7        0xc7e25c48        0x0 drivers/nand/libnand.a(nand.o)
 .glue_7        0xc7e25c48        0x0 drivers/nand/libnand.a(nand_base.o)
 .glue_7        0xc7e25c48        0x0 drivers/nand/libnand.a(nand_ids.o)
 .glue_7        0xc7e25c48        0x0 drivers/nand/libnand.a(nand_ecc.o)
 .glue_7        0xc7e25c48        0x0 drivers/nand/libnand.a(nand_bbt.o)
 .glue_7        0xc7e25c48        0x0 common/libcommon.a(main.o)
 .glue_7        0xc7e25c48        0x0 common/libcommon.a(cmd_bdinfo.o)
 .glue_7        0xc7e25c48        0x0 common/libcommon.a(cmd_boot.o)
 .glue_7        0xc7e25c48        0x0 common/libcommon.a(cmd_bootm.o)
 .glue_7        0xc7e25c48        0x0 common/libcommon.a(cmd_cache.o)
 .glue_7        0xc7e25c48        0x0 common/libcommon.a(cmd_date.o)
 .glue_7        0xc7e25c48        0x0 common/libcommon.a(cmd_elf.o)
 .glue_7        0xc7e25c48        0x0 common/libcommon.a(cmd_fat.o)
 .glue_7        0xc7e25c48        0x0 common/libcommon.a(cmd_flash.o)
 .glue_7        0xc7e25c48        0x0 common/libcommon.a(cmd_itest.o)
 .glue_7        0xc7e25c48        0x0 common/libcommon.a(cmd_load.o)
 .glue_7        0xc7e25c48        0x0 common/libcommon.a(cmd_mem.o)
 .glue_7        0xc7e25c48        0x0 common/libcommon.a(cmd_misc.o)
 .glue_7        0xc7e25c48        0x0 common/libcommon.a(cmd_nand.o)
 .glue_7        0xc7e25c48        0x0 common/libcommon.a(cmd_net.o)
 .glue_7        0xc7e25c48        0x0 common/libcommon.a(cmd_nvedit.o)
 .glue_7        0xc7e25c48        0x0 common/libcommon.a(cmd_usb.o)
 .glue_7        0xc7e25c48        0x0 common/libcommon.a(command.o)
 .glue_7        0xc7e25c48        0x0 common/libcommon.a(console.o)
 .glue_7        0xc7e25c48        0x0 common/libcommon.a(devices.o)
 .glue_7        0xc7e25c48        0x0 common/libcommon.a(dlmalloc.o)
 .glue_7        0xc7e25c48        0x0 common/libcommon.a(env_common.o)
 .glue_7        0xc7e25c48        0x0 common/libcommon.a(env_nand.o)
 .glue_7        0xc7e25c48        0x0 common/libcommon.a(exports.o)
 .glue_7        0xc7e25c48        0x0 common/libcommon.a(flash.o)
 .glue_7        0xc7e25c48        0x0 common/libcommon.a(hush.o)
 .glue_7        0xc7e25c48        0x0 common/libcommon.a(lists.o)
 .glue_7        0xc7e25c48        0x0 common/libcommon.a(s_record.o)
 .glue_7        0xc7e25c48        0x0 common/libcommon.a(usb.o)
 .glue_7        0xc7e25c48        0x0 common/libcommon.a(xyzModem.o)
 .glue_7        0xc7e25c48        0x0 common/libcommon.a(cmd_usbd.o)
 .glue_7        0xc7e25c48        0x0 common/libcommon.a(cmd_movi.o)
 .glue_7        0xc7e25c48        0x0 common/libcommon.a(crc16.o)
 .glue_7        0xc7e25c48        0x0 lib_generic/libgeneric.a(crc32.o)
 .glue_7        0xc7e25c48        0x0 lib_generic/libgeneric.a(ctype.o)
 .glue_7        0xc7e25c48        0x0 lib_generic/libgeneric.a(display_options.o)
 .glue_7        0xc7e25c48        0x0 lib_generic/libgeneric.a(string.o)
 .glue_7        0xc7e25c48        0x0 lib_generic/libgeneric.a(vsprintf.o)
 .glue_7        0xc7e25c48        0x0 lib_generic/libgeneric.a(zlib.o)
 .glue_7        0xc7e25c48        0x0 board/samsung/smdk6410/libsmdk6410.a(smdk6410.o)
 .glue_7        0xc7e25c48        0x0 board/samsung/smdk6410/libsmdk6410.a(flash.o)
 .glue_7        0xc7e25c48        0x0 cpu/s3c64xx/libs3c64xx.a(usb_ohci.o)
 .glue_7        0xc7e25c48        0x0 cpu/s3c64xx/libs3c64xx.a(nand.o)
 .glue_7        0xc7e25c48        0x0 cpu/s3c64xx/libs3c64xx.a(usbd-otg-hs.o)
 .glue_7        0xc7e25c48        0x0 lib_arm/libarm.a(armlinux.o)
 .glue_7        0xc7e25c48        0x0 lib_arm/libarm.a(cache.o)
 .glue_7        0xc7e25c48        0x0 fs/fat/libfat.a(fat.o)
 .glue_7        0xc7e25c48        0x0 disk/libdisk.a(part.o)
 .glue_7        0xc7e25c48        0x0 disk/libdisk.a(part_dos.o)
 .glue_7        0xc7e25c48        0x0 rtc/librtc.a(date.o)
 .glue_7        0xc7e25c48        0x0 rtc/librtc.a(s3c64xx_rtc.o)
 .glue_7        0xc7e25c48        0x0 drivers/nand/libnand.a(nand_util.o)
 .glue_7        0xc7e25c48        0x0 lib_generic/libgeneric.a(div64.o)
 .glue_7        0xc7e25c48        0x0 /usr/local/arm/4.2.2-eabi/usr/bin-ccache/../lib/gcc/arm-unknown-linux-gnueabi/4.2.2/libgcc.a(_udivsi3.o)
 .glue_7        0xc7e25c48        0x0 /usr/local/arm/4.2.2-eabi/usr/bin-ccache/../lib/gcc/arm-unknown-linux-gnueabi/4.2.2/libgcc.a(_divsi3.o)
 .glue_7        0xc7e25c48        0x0 /usr/local/arm/4.2.2-eabi/usr/bin-ccache/../lib/gcc/arm-unknown-linux-gnueabi/4.2.2/libgcc.a(_ashrdi3.o)
 .glue_7        0xc7e25c48        0x0 /usr/local/arm/4.2.2-eabi/usr/bin-ccache/../lib/gcc/arm-unknown-linux-gnueabi/4.2.2/libgcc.a(_ashldi3.o)

.glue_7t        0xc7e25c48        0x0
 .glue_7t       0xc7e25c48        0x0 cpu/s3c64xx/start.o
 .glue_7t       0xc7e25c48        0x0 cpu/s3c64xx/s3c6410/cpu_init.o
 .glue_7t       0xc7e25c48        0x0 cpu/s3c64xx/onenand_cp.o
 .glue_7t       0xc7e25c48        0x0 cpu/s3c64xx/nand_cp.o
 .glue_7t       0xc7e25c48        0x0 cpu/s3c64xx/movi.o
 .glue_7t       0xc7e25c48        0x0 board/samsung/smdk6410/libsmdk6410.a(lowlevel_init.o)
 .glue_7t       0xc7e25c48        0x0 cpu/s3c64xx/libs3c64xx.a(interrupts.o)
 .glue_7t       0xc7e25c48        0x0 cpu/s3c64xx/libs3c64xx.a(cpu.o)
 .glue_7t       0xc7e25c48        0x0 cpu/s3c64xx/libs3c64xx.a(hs_mmc.o)
 .glue_7t       0xc7e25c48        0x0 cpu/s3c64xx/libs3c64xx.a(serial.o)
 .glue_7t       0xc7e25c48        0x0 cpu/s3c64xx/s3c6410/libs3c6410.a(speed.o)
 .glue_7t       0xc7e25c48        0x0 lib_arm/libarm.a(board.o)
 .glue_7t       0xc7e25c48        0x0 net/libnet.a(net.o)
 .glue_7t       0xc7e25c48        0x0 net/libnet.a(tftp.o)
 .glue_7t       0xc7e25c48        0x0 net/libnet.a(bootp.o)
 .glue_7t       0xc7e25c48        0x0 net/libnet.a(rarp.o)
 .glue_7t       0xc7e25c48        0x0 net/libnet.a(eth.o)
 .glue_7t       0xc7e25c48        0x0 net/libnet.a(nfs.o)
 .glue_7t       0xc7e25c48        0x0 drivers/libdrivers.a(cs8900.o)
 .glue_7t       0xc7e25c48        0x0 drivers/nand/libnand.a(nand.o)
 .glue_7t       0xc7e25c48        0x0 drivers/nand/libnand.a(nand_base.o)
 .glue_7t       0xc7e25c48        0x0 drivers/nand/libnand.a(nand_ids.o)
 .glue_7t       0xc7e25c48        0x0 drivers/nand/libnand.a(nand_ecc.o)
 .glue_7t       0xc7e25c48        0x0 drivers/nand/libnand.a(nand_bbt.o)
 .glue_7t       0xc7e25c48        0x0 common/libcommon.a(main.o)
 .glue_7t       0xc7e25c48        0x0 common/libcommon.a(cmd_bdinfo.o)
 .glue_7t       0xc7e25c48        0x0 common/libcommon.a(cmd_boot.o)
 .glue_7t       0xc7e25c48        0x0 common/libcommon.a(cmd_bootm.o)
 .glue_7t       0xc7e25c48        0x0 common/libcommon.a(cmd_cache.o)
 .glue_7t       0xc7e25c48        0x0 common/libcommon.a(cmd_date.o)
 .glue_7t       0xc7e25c48        0x0 common/libcommon.a(cmd_elf.o)
 .glue_7t       0xc7e25c48        0x0 common/libcommon.a(cmd_fat.o)
 .glue_7t       0xc7e25c48        0x0 common/libcommon.a(cmd_flash.o)
 .glue_7t       0xc7e25c48        0x0 common/libcommon.a(cmd_itest.o)
 .glue_7t       0xc7e25c48        0x0 common/libcommon.a(cmd_load.o)
 .glue_7t       0xc7e25c48        0x0 common/libcommon.a(cmd_mem.o)
 .glue_7t       0xc7e25c48        0x0 common/libcommon.a(cmd_misc.o)
 .glue_7t       0xc7e25c48        0x0 common/libcommon.a(cmd_nand.o)
 .glue_7t       0xc7e25c48        0x0 common/libcommon.a(cmd_net.o)
 .glue_7t       0xc7e25c48        0x0 common/libcommon.a(cmd_nvedit.o)
 .glue_7t       0xc7e25c48        0x0 common/libcommon.a(cmd_usb.o)
 .glue_7t       0xc7e25c48        0x0 common/libcommon.a(command.o)
 .glue_7t       0xc7e25c48        0x0 common/libcommon.a(console.o)
 .glue_7t       0xc7e25c48        0x0 common/libcommon.a(devices.o)
 .glue_7t       0xc7e25c48        0x0 common/libcommon.a(dlmalloc.o)
 .glue_7t       0xc7e25c48        0x0 common/libcommon.a(env_common.o)
 .glue_7t       0xc7e25c48        0x0 common/libcommon.a(env_nand.o)
 .glue_7t       0xc7e25c48        0x0 common/libcommon.a(exports.o)
 .glue_7t       0xc7e25c48        0x0 common/libcommon.a(flash.o)
 .glue_7t       0xc7e25c48        0x0 common/libcommon.a(hush.o)
 .glue_7t       0xc7e25c48        0x0 common/libcommon.a(lists.o)
 .glue_7t       0xc7e25c48        0x0 common/libcommon.a(s_record.o)
 .glue_7t       0xc7e25c48        0x0 common/libcommon.a(usb.o)
 .glue_7t       0xc7e25c48        0x0 common/libcommon.a(xyzModem.o)
 .glue_7t       0xc7e25c48        0x0 common/libcommon.a(cmd_usbd.o)
 .glue_7t       0xc7e25c48        0x0 common/libcommon.a(cmd_movi.o)
 .glue_7t       0xc7e25c48        0x0 common/libcommon.a(crc16.o)
 .glue_7t       0xc7e25c48        0x0 lib_generic/libgeneric.a(crc32.o)
 .glue_7t       0xc7e25c48        0x0 lib_generic/libgeneric.a(ctype.o)
 .glue_7t       0xc7e25c48        0x0 lib_generic/libgeneric.a(display_options.o)
 .glue_7t       0xc7e25c48        0x0 lib_generic/libgeneric.a(string.o)
 .glue_7t       0xc7e25c48        0x0 lib_generic/libgeneric.a(vsprintf.o)
 .glue_7t       0xc7e25c48        0x0 lib_generic/libgeneric.a(zlib.o)
 .glue_7t       0xc7e25c48        0x0 board/samsung/smdk6410/libsmdk6410.a(smdk6410.o)
 .glue_7t       0xc7e25c48        0x0 board/samsung/smdk6410/libsmdk6410.a(flash.o)
 .glue_7t       0xc7e25c48        0x0 cpu/s3c64xx/libs3c64xx.a(usb_ohci.o)
 .glue_7t       0xc7e25c48        0x0 cpu/s3c64xx/libs3c64xx.a(nand.o)
 .glue_7t       0xc7e25c48        0x0 cpu/s3c64xx/libs3c64xx.a(usbd-otg-hs.o)
 .glue_7t       0xc7e25c48        0x0 lib_arm/libarm.a(armlinux.o)
 .glue_7t       0xc7e25c48        0x0 lib_arm/libarm.a(cache.o)
 .glue_7t       0xc7e25c48        0x0 fs/fat/libfat.a(fat.o)
 .glue_7t       0xc7e25c48        0x0 disk/libdisk.a(part.o)
 .glue_7t       0xc7e25c48        0x0 disk/libdisk.a(part_dos.o)
 .glue_7t       0xc7e25c48        0x0 rtc/librtc.a(date.o)
 .glue_7t       0xc7e25c48        0x0 rtc/librtc.a(s3c64xx_rtc.o)
 .glue_7t       0xc7e25c48        0x0 drivers/nand/libnand.a(nand_util.o)
 .glue_7t       0xc7e25c48        0x0 lib_generic/libgeneric.a(div64.o)
 .glue_7t       0xc7e25c48        0x0 /usr/local/arm/4.2.2-eabi/usr/bin-ccache/../lib/gcc/arm-unknown-linux-gnueabi/4.2.2/libgcc.a(_udivsi3.o)
 .glue_7t       0xc7e25c48        0x0 /usr/local/arm/4.2.2-eabi/usr/bin-ccache/../lib/gcc/arm-unknown-linux-gnueabi/4.2.2/libgcc.a(_divsi3.o)
 .glue_7t       0xc7e25c48        0x0 /usr/local/arm/4.2.2-eabi/usr/bin-ccache/../lib/gcc/arm-unknown-linux-gnueabi/4.2.2/libgcc.a(_ashrdi3.o)
 .glue_7t       0xc7e25c48        0x0 /usr/local/arm/4.2.2-eabi/usr/bin-ccache/../lib/gcc/arm-unknown-linux-gnueabi/4.2.2/libgcc.a(_ashldi3.o)

.vfp11_veneer   0xc7e25c48        0x0
 .vfp11_veneer  0xc7e25c48        0x0 cpu/s3c64xx/start.o
 .vfp11_veneer  0xc7e25c48        0x0 cpu/s3c64xx/s3c6410/cpu_init.o
 .vfp11_veneer  0xc7e25c48        0x0 cpu/s3c64xx/onenand_cp.o
 .vfp11_veneer  0xc7e25c48        0x0 cpu/s3c64xx/nand_cp.o
 .vfp11_veneer  0xc7e25c48        0x0 cpu/s3c64xx/movi.o
 .vfp11_veneer  0xc7e25c48        0x0 board/samsung/smdk6410/libsmdk6410.a(lowlevel_init.o)
 .vfp11_veneer  0xc7e25c48        0x0 cpu/s3c64xx/libs3c64xx.a(interrupts.o)
 .vfp11_veneer  0xc7e25c48        0x0 cpu/s3c64xx/libs3c64xx.a(cpu.o)
 .vfp11_veneer  0xc7e25c48        0x0 cpu/s3c64xx/libs3c64xx.a(hs_mmc.o)
 .vfp11_veneer  0xc7e25c48        0x0 cpu/s3c64xx/libs3c64xx.a(serial.o)
 .vfp11_veneer  0xc7e25c48        0x0 cpu/s3c64xx/s3c6410/libs3c6410.a(speed.o)
 .vfp11_veneer  0xc7e25c48        0x0 lib_arm/libarm.a(board.o)
 .vfp11_veneer  0xc7e25c48        0x0 net/libnet.a(net.o)
 .vfp11_veneer  0xc7e25c48        0x0 net/libnet.a(tftp.o)
 .vfp11_veneer  0xc7e25c48        0x0 net/libnet.a(bootp.o)
 .vfp11_veneer  0xc7e25c48        0x0 net/libnet.a(rarp.o)
 .vfp11_veneer  0xc7e25c48        0x0 net/libnet.a(eth.o)
 .vfp11_veneer  0xc7e25c48        0x0 net/libnet.a(nfs.o)
 .vfp11_veneer  0xc7e25c48        0x0 drivers/libdrivers.a(cs8900.o)
 .vfp11_veneer  0xc7e25c48        0x0 drivers/nand/libnand.a(nand.o)
 .vfp11_veneer  0xc7e25c48        0x0 drivers/nand/libnand.a(nand_base.o)
 .vfp11_veneer  0xc7e25c48        0x0 drivers/nand/libnand.a(nand_ids.o)
 .vfp11_veneer  0xc7e25c48        0x0 drivers/nand/libnand.a(nand_ecc.o)
 .vfp11_veneer  0xc7e25c48        0x0 drivers/nand/libnand.a(nand_bbt.o)
 .vfp11_veneer  0xc7e25c48        0x0 common/libcommon.a(main.o)
 .vfp11_veneer  0xc7e25c48        0x0 common/libcommon.a(cmd_bdinfo.o)
 .vfp11_veneer  0xc7e25c48        0x0 common/libcommon.a(cmd_boot.o)
 .vfp11_veneer  0xc7e25c48        0x0 common/libcommon.a(cmd_bootm.o)
 .vfp11_veneer  0xc7e25c48        0x0 common/libcommon.a(cmd_cache.o)
 .vfp11_veneer  0xc7e25c48        0x0 common/libcommon.a(cmd_date.o)
 .vfp11_veneer  0xc7e25c48        0x0 common/libcommon.a(cmd_elf.o)
 .vfp11_veneer  0xc7e25c48        0x0 common/libcommon.a(cmd_fat.o)
 .vfp11_veneer  0xc7e25c48        0x0 common/libcommon.a(cmd_flash.o)
 .vfp11_veneer  0xc7e25c48        0x0 common/libcommon.a(cmd_itest.o)
 .vfp11_veneer  0xc7e25c48        0x0 common/libcommon.a(cmd_load.o)
 .vfp11_veneer  0xc7e25c48        0x0 common/libcommon.a(cmd_mem.o)
 .vfp11_veneer  0xc7e25c48        0x0 common/libcommon.a(cmd_misc.o)
 .vfp11_veneer  0xc7e25c48        0x0 common/libcommon.a(cmd_nand.o)
 .vfp11_veneer  0xc7e25c48        0x0 common/libcommon.a(cmd_net.o)
 .vfp11_veneer  0xc7e25c48        0x0 common/libcommon.a(cmd_nvedit.o)
 .vfp11_veneer  0xc7e25c48        0x0 common/libcommon.a(cmd_usb.o)
 .vfp11_veneer  0xc7e25c48        0x0 common/libcommon.a(command.o)
 .vfp11_veneer  0xc7e25c48        0x0 common/libcommon.a(console.o)
 .vfp11_veneer  0xc7e25c48        0x0 common/libcommon.a(devices.o)
 .vfp11_veneer  0xc7e25c48        0x0 common/libcommon.a(dlmalloc.o)
 .vfp11_veneer  0xc7e25c48        0x0 common/libcommon.a(env_common.o)
 .vfp11_veneer  0xc7e25c48        0x0 common/libcommon.a(env_nand.o)
 .vfp11_veneer  0xc7e25c48        0x0 common/libcommon.a(exports.o)
 .vfp11_veneer  0xc7e25c48        0x0 common/libcommon.a(flash.o)
 .vfp11_veneer  0xc7e25c48        0x0 common/libcommon.a(hush.o)
 .vfp11_veneer  0xc7e25c48        0x0 common/libcommon.a(lists.o)
 .vfp11_veneer  0xc7e25c48        0x0 common/libcommon.a(s_record.o)
 .vfp11_veneer  0xc7e25c48        0x0 common/libcommon.a(usb.o)
 .vfp11_veneer  0xc7e25c48        0x0 common/libcommon.a(xyzModem.o)
 .vfp11_veneer  0xc7e25c48        0x0 common/libcommon.a(cmd_usbd.o)
 .vfp11_veneer  0xc7e25c48        0x0 common/libcommon.a(cmd_movi.o)
 .vfp11_veneer  0xc7e25c48        0x0 common/libcommon.a(crc16.o)
 .vfp11_veneer  0xc7e25c48        0x0 lib_generic/libgeneric.a(crc32.o)
 .vfp11_veneer  0xc7e25c48        0x0 lib_generic/libgeneric.a(ctype.o)
 .vfp11_veneer  0xc7e25c48        0x0 lib_generic/libgeneric.a(display_options.o)
 .vfp11_veneer  0xc7e25c48        0x0 lib_generic/libgeneric.a(string.o)
 .vfp11_veneer  0xc7e25c48        0x0 lib_generic/libgeneric.a(vsprintf.o)
 .vfp11_veneer  0xc7e25c48        0x0 lib_generic/libgeneric.a(zlib.o)
 .vfp11_veneer  0xc7e25c48        0x0 board/samsung/smdk6410/libsmdk6410.a(smdk6410.o)
 .vfp11_veneer  0xc7e25c48        0x0 board/samsung/smdk6410/libsmdk6410.a(flash.o)
 .vfp11_veneer  0xc7e25c48        0x0 cpu/s3c64xx/libs3c64xx.a(usb_ohci.o)
 .vfp11_veneer  0xc7e25c48        0x0 cpu/s3c64xx/libs3c64xx.a(nand.o)
 .vfp11_veneer  0xc7e25c48        0x0 cpu/s3c64xx/libs3c64xx.a(usbd-otg-hs.o)
 .vfp11_veneer  0xc7e25c48        0x0 lib_arm/libarm.a(armlinux.o)
 .vfp11_veneer  0xc7e25c48        0x0 lib_arm/libarm.a(cache.o)
 .vfp11_veneer  0xc7e25c48        0x0 fs/fat/libfat.a(fat.o)
 .vfp11_veneer  0xc7e25c48        0x0 disk/libdisk.a(part.o)
 .vfp11_veneer  0xc7e25c48        0x0 disk/libdisk.a(part_dos.o)
 .vfp11_veneer  0xc7e25c48        0x0 rtc/librtc.a(date.o)
 .vfp11_veneer  0xc7e25c48        0x0 rtc/librtc.a(s3c64xx_rtc.o)
 .vfp11_veneer  0xc7e25c48        0x0 drivers/nand/libnand.a(nand_util.o)
 .vfp11_veneer  0xc7e25c48        0x0 lib_generic/libgeneric.a(div64.o)
 .vfp11_veneer  0xc7e25c48        0x0 /usr/local/arm/4.2.2-eabi/usr/bin-ccache/../lib/gcc/arm-unknown-linux-gnueabi/4.2.2/libgcc.a(_udivsi3.o)
 .vfp11_veneer  0xc7e25c48        0x0 /usr/local/arm/4.2.2-eabi/usr/bin-ccache/../lib/gcc/arm-unknown-linux-gnueabi/4.2.2/libgcc.a(_divsi3.o)
 .vfp11_veneer  0xc7e25c48        0x0 /usr/local/arm/4.2.2-eabi/usr/bin-ccache/../lib/gcc/arm-unknown-linux-gnueabi/4.2.2/libgcc.a(_ashrdi3.o)
 .vfp11_veneer  0xc7e25c48        0x0 /usr/local/arm/4.2.2-eabi/usr/bin-ccache/../lib/gcc/arm-unknown-linux-gnueabi/4.2.2/libgcc.a(_ashldi3.o)
                0xc7e25c48                . = ALIGN (0x4)

.rodata         0xc7e25c48      0xab4
 *(.rodata)
 .rodata        0xc7e25c48       0x80 cpu/s3c64xx/libs3c64xx.a(interrupts.o)
 .rodata        0xc7e25cc8       0x44 lib_arm/libarm.a(board.o)
                0xc7e25cc8                version_string
 .rodata        0xc7e25d0c        0x8 net/libnet.a(net.o)
 .rodata        0xc7e25d14        0x8 drivers/libdrivers.a(cs8900.o)
 .rodata        0xc7e25d1c        0x8 drivers/nand/libnand.a(nand.o)
 .rodata        0xc7e25d24       0x48 drivers/nand/libnand.a(nand_base.o)
 .rodata        0xc7e25d6c      0x100 drivers/nand/libnand.a(nand_ecc.o)
 .rodata        0xc7e25e6c      0x118 common/libcommon.a(main.o)
 .rodata        0xc7e25f84       0x14 common/libcommon.a(cmd_nvedit.o)
 .rodata        0xc7e25f98      0x200 common/libcommon.a(crc16.o)
 .rodata        0xc7e26198      0x400 lib_generic/libgeneric.a(crc32.o)
 .rodata        0xc7e26598       0x90 lib_generic/libgeneric.a(zlib.o)
 .rodata        0xc7e26628       0xa2 cpu/s3c64xx/libs3c64xx.a(usbd-otg-hs.o)
                0xc7e26628                string_desc0
                0xc7e266aa                config_high_total
                0xc7e26681                config_full_total
                0xc7e266a1                config_high
                0xc7e2662c                string_desc1
                0xc7e2666e                qualifier_desc
                0xc7e26678                config_full
                0xc7e26642                string_desc2
 *fill*         0xc7e266ca        0x2 00
 .rodata        0xc7e266cc       0x30 rtc/librtc.a(date.o)

.rodata.str1.4  0xc7e266fc     0x7510
 .rodata.str1.4
                0xc7e266fc       0x1e cpu/s3c64xx/movi.o
                                 0x20 (size before relaxing)
 *fill*         0xc7e2671a        0x2 00
 .rodata.str1.4
                0xc7e2671c      0x293 cpu/s3c64xx/libs3c64xx.a(interrupts.o)
                                0x29c (size before relaxing)
 *fill*         0xc7e269af        0x1 00
 .rodata.str1.4
                0xc7e269b0        0xd cpu/s3c64xx/libs3c64xx.a(cpu.o)
                                 0x10 (size before relaxing)
 *fill*         0xc7e269bd        0x3 00
 .rodata.str1.4
                0xc7e269c0      0x26f cpu/s3c64xx/libs3c64xx.a(hs_mmc.o)
                                0x278 (size before relaxing)
 *fill*         0xc7e26c2f        0x1 00
 .rodata.str1.4
                0xc7e26c30      0x18b cpu/s3c64xx/s3c6410/libs3c6410.a(speed.o)
                                0x18c (size before relaxing)
 *fill*         0xc7e26dbb        0x1 00
 .rodata.str1.4
                0xc7e26dbc       0xad lib_arm/libarm.a(board.o)
                                 0xb4 (size before relaxing)
 *fill*         0xc7e26e69        0x3 00
 .rodata.str1.4
                0xc7e26e6c      0x1e9 net/libnet.a(net.o)
                                0x1f0 (size before relaxing)
 *fill*         0xc7e27055        0x3 00
 .rodata.str1.4
                0xc7e27058      0x1c5 net/libnet.a(tftp.o)
                                0x1d4 (size before relaxing)
 *fill*         0xc7e2721d        0x3 00
 .rodata.str1.4
                0xc7e27220       0x84 net/libnet.a(bootp.o)
                                 0xb8 (size before relaxing)
 .rodata.str1.4
                0xc7e272a4       0x13 net/libnet.a(rarp.o)
                                 0x4c (size before relaxing)
 *fill*         0xc7e272b7        0x1 00
 .rodata.str1.4
                0xc7e272b8      0x101 net/libnet.a(nfs.o)
                                0x18c (size before relaxing)
 *fill*         0xc7e273b9        0x3 00
 .rodata.str1.4
                0xc7e273bc      0x116 drivers/libdrivers.a(cs8900.o)
                                0x120 (size before relaxing)
 *fill*         0xc7e274d2        0x2 00
 .rodata.str1.4
                0xc7e274d4        0x8 drivers/nand/libnand.a(nand.o)
                                  0xc (size before relaxing)
 .rodata.str1.4
                0xc7e274dc      0x26d drivers/nand/libnand.a(nand_base.o)
                                0x270 (size before relaxing)
 *fill*         0xc7e27749        0x3 00
 .rodata.str1.4
                0xc7e2774c      0x444 drivers/nand/libnand.a(nand_ids.o)
 .rodata.str1.4
                0xc7e27b90      0x284 drivers/nand/libnand.a(nand_bbt.o)
 .rodata.str1.4
                0xc7e27e14      0x4f8 common/libcommon.a(main.o)
                                0x504 (size before relaxing)
 .rodata.str1.4
                0xc7e2830c       0xbe common/libcommon.a(cmd_bdinfo.o)
                                 0xc0 (size before relaxing)
 *fill*         0xc7e283ca        0x2 00
 .rodata.str1.4
                0xc7e283cc      0x104 common/libcommon.a(cmd_boot.o)
                                0x118 (size before relaxing)
 .rodata.str1.4
                0xc7e284d0      0x6df common/libcommon.a(cmd_bootm.o)
                                0x70c (size before relaxing)
 *fill*         0xc7e28baf        0x1 00
 .rodata.str1.4
                0xc7e28bb0      0x1ba common/libcommon.a(cmd_cache.o)
                                0x1d0 (size before relaxing)
 *fill*         0xc7e28d6a        0x2 00
 .rodata.str1.4
                0xc7e28d6c      0x16c common/libcommon.a(cmd_date.o)
                                0x180 (size before relaxing)
 .rodata.str1.4
                0xc7e28ed8      0x2b9 common/libcommon.a(cmd_elf.o)
                                0x2c8 (size before relaxing)
 *fill*         0xc7e29191        0x3 00
 .rodata.str1.4
                0xc7e29194      0x3dd common/libcommon.a(cmd_fat.o)
                                0x3f4 (size before relaxing)
 *fill*         0xc7e29571        0x3 00
 .rodata.str1.4
                0xc7e29574      0x603 common/libcommon.a(cmd_flash.o)
                                0x620 (size before relaxing)
 *fill*         0xc7e29b77        0x1 00
 .rodata.str1.4
                0xc7e29b78       0xcf common/libcommon.a(cmd_itest.o)
                                 0xdc (size before relaxing)
 *fill*         0xc7e29c47        0x1 00
 .rodata.str1.4
                0xc7e29c48      0x377 common/libcommon.a(cmd_load.o)
                                0x398 (size before relaxing)
 *fill*         0xc7e29fbf        0x1 00
 .rodata.str1.4
                0xc7e29fc0      0x622 common/libcommon.a(cmd_mem.o)
                                0x648 (size before relaxing)
 *fill*         0xc7e2a5e2        0x2 00
 .rodata.str1.4
                0xc7e2a5e4       0x70 common/libcommon.a(cmd_misc.o)
                                 0x7c (size before relaxing)
 .rodata.str1.4
                0xc7e2a654      0xa01 common/libcommon.a(cmd_nand.o)
                                0xa38 (size before relaxing)
 *fill*         0xc7e2b055        0x3 00
 .rodata.str1.4
                0xc7e2b058      0x229 common/libcommon.a(cmd_net.o)
                                0x27c (size before relaxing)
 *fill*         0xc7e2b281        0x3 00
 .rodata.str1.4
                0xc7e2b284      0x2b4 common/libcommon.a(cmd_nvedit.o)
                                0x330 (size before relaxing)
 .rodata.str1.4
                0xc7e2b538      0x4be common/libcommon.a(cmd_usb.o)
                                0x504 (size before relaxing)
 *fill*         0xc7e2b9f6        0x2 00
 .rodata.str1.4
                0xc7e2b9f8      0x574 common/libcommon.a(command.o)
                                0x5c0 (size before relaxing)
 .rodata.str1.4
                0xc7e2bf6c       0x81 common/libcommon.a(console.o)
                                 0x88 (size before relaxing)
 *fill*         0xc7e2bfed        0x3 00
 .rodata.str1.4
                0xc7e2bff0       0x2f common/libcommon.a(devices.o)
                                 0x48 (size before relaxing)
 *fill*         0xc7e2c01f        0x1 00
 .rodata.str1.4
                0xc7e2c020       0x33 common/libcommon.a(env_common.o)
                                 0x34 (size before relaxing)
 *fill*         0xc7e2c053        0x1 00
 .rodata.str1.4
                0xc7e2c054       0x95 common/libcommon.a(env_nand.o)
                                 0xa0 (size before relaxing)
 *fill*         0xc7e2c0e9        0x3 00
 .rodata.str1.4
                0xc7e2c0ec      0x120 common/libcommon.a(flash.o)
 .rodata.str1.4
                0xc7e2c20c      0x191 common/libcommon.a(hush.o)
                                0x1d4 (size before relaxing)
 *fill*         0xc7e2c39d        0x3 00
 .rodata.str1.4
                0xc7e2c3a0      0x278 common/libcommon.a(usb.o)
 .rodata.str1.4
                0xc7e2c618       0xf1 common/libcommon.a(xyzModem.o)
                                 0xf8 (size before relaxing)
 *fill*         0xc7e2c709        0x3 00
 .rodata.str1.4
                0xc7e2c70c       0x94 common/libcommon.a(cmd_usbd.o)
                                 0xa0 (size before relaxing)
 .rodata.str1.4
                0xc7e2c7a0      0x398 common/libcommon.a(cmd_movi.o)
                                0x3b8 (size before relaxing)
 .rodata.str1.4
                0xc7e2cb38       0x17 lib_generic/libgeneric.a(display_options.o)
                                 0x20 (size before relaxing)
 *fill*         0xc7e2cb4f        0x1 00
 .rodata.str1.4
                0xc7e2cb50       0x57 lib_generic/libgeneric.a(vsprintf.o)
                                 0x58 (size before relaxing)
 *fill*         0xc7e2cba7        0x1 00
 .rodata.str1.4
                0xc7e2cba8      0x20d lib_generic/libgeneric.a(zlib.o)
                                0x214 (size before relaxing)
 *fill*         0xc7e2cdb5        0x3 00
 .rodata.str1.4
                0xc7e2cdb8       0x8f board/samsung/smdk6410/libsmdk6410.a(smdk6410.o)
                                 0xa8 (size before relaxing)
 *fill*         0xc7e2ce47        0x1 00
 .rodata.str1.4
                0xc7e2ce48       0xf9 board/samsung/smdk6410/libsmdk6410.a(flash.o)
                                0x108 (size before relaxing)
 *fill*         0xc7e2cf41        0x3 00
 .rodata.str1.4
                0xc7e2cf44       0xc5 cpu/s3c64xx/libs3c64xx.a(usb_ohci.o)
                                 0xc8 (size before relaxing)
 *fill*         0xc7e2d009        0x3 00
 .rodata.str1.4
                0xc7e2d00c       0xf8 cpu/s3c64xx/libs3c64xx.a(nand.o)
 .rodata.str1.4
                0xc7e2d104      0x14e cpu/s3c64xx/libs3c64xx.a(usbd-otg-hs.o)
                                0x158 (size before relaxing)
 *fill*         0xc7e2d252        0x2 00
 .rodata.str1.4
                0xc7e2d254       0x6f lib_arm/libarm.a(armlinux.o)
                                 0xc4 (size before relaxing)
 *fill*         0xc7e2d2c3        0x1 00
 .rodata.str1.4
                0xc7e2d2c4      0x177 fs/fat/libfat.a(fat.o)
                                0x18c (size before relaxing)
 *fill*         0xc7e2d43b        0x1 00
 .rodata.str1.4
                0xc7e2d43c      0x179 disk/libdisk.a(part.o)
                                0x19c (size before relaxing)
 *fill*         0xc7e2d5b5        0x3 00
 .rodata.str1.4
                0xc7e2d5b8       0xf9 disk/libdisk.a(part_dos.o)
                                0x10c (size before relaxing)
 *fill*         0xc7e2d6b1        0x3 00
 .rodata.str1.4
                0xc7e2d6b4      0x558 drivers/nand/libnand.a(nand_util.o)
                                0x55c (size before relaxing)
                0xc7e2dc0c                . = ALIGN (0x4)

.data           0xc7e2dc0c     0x2ab0
 *(.data)
 .data          0xc7e2dc0c        0x0 cpu/s3c64xx/start.o
 .data          0xc7e2dc0c        0x0 cpu/s3c64xx/s3c6410/cpu_init.o
 .data          0xc7e2dc0c        0x0 cpu/s3c64xx/onenand_cp.o
 .data          0xc7e2dc0c        0x0 cpu/s3c64xx/nand_cp.o
 .data          0xc7e2dc0c        0x0 cpu/s3c64xx/movi.o
 .data          0xc7e2dc0c        0x0 board/samsung/smdk6410/libsmdk6410.a(lowlevel_init.o)
 .data          0xc7e2dc0c        0x0 cpu/s3c64xx/libs3c64xx.a(interrupts.o)
 .data          0xc7e2dc0c        0x0 cpu/s3c64xx/libs3c64xx.a(cpu.o)
 .data          0xc7e2dc0c        0x0 cpu/s3c64xx/libs3c64xx.a(hs_mmc.o)
 .data          0xc7e2dc0c        0x0 cpu/s3c64xx/libs3c64xx.a(serial.o)
 .data          0xc7e2dc0c        0x0 cpu/s3c64xx/s3c6410/libs3c6410.a(speed.o)
 .data          0xc7e2dc0c       0x34 lib_arm/libarm.a(board.o)
                0xc7e2dc0c                init_sequence
 .data          0xc7e2dc40        0xa net/libnet.a(net.o)
                0xc7e2dc40                NetBcastAddr
                0xc7e2dc48                NetOurNativeVLAN
                0xc7e2dc46                NetOurVLAN
 .data          0xc7e2dc4a        0x0 net/libnet.a(tftp.o)
 .data          0xc7e2dc4a        0x0 net/libnet.a(bootp.o)
 .data          0xc7e2dc4a        0x0 net/libnet.a(rarp.o)
 .data          0xc7e2dc4a        0x0 net/libnet.a(eth.o)
 *fill*         0xc7e2dc4a        0x2 00
 .data          0xc7e2dc4c        0x4 net/libnet.a(nfs.o)
 .data          0xc7e2dc50        0x0 drivers/libdrivers.a(cs8900.o)
 .data          0xc7e2dc50        0x4 drivers/nand/libnand.a(nand.o)
                0xc7e2dc50                nand_curr_device
 .data          0xc7e2dc54      0x940 drivers/nand/libnand.a(nand_base.o)
 .data          0xc7e2e594      0x5e0 drivers/nand/libnand.a(nand_ids.o)
                0xc7e2eb34                nand_manuf_ids
                0xc7e2e594                nand_flash_ids
 .data          0xc7e2eb74        0x0 drivers/nand/libnand.a(nand_ecc.o)
 .data          0xc7e2eb74      0x10c drivers/nand/libnand.a(nand_bbt.o)
 .data          0xc7e2ec80        0x4 common/libcommon.a(main.o)
 .data          0xc7e2ec84        0x0 common/libcommon.a(cmd_bdinfo.o)
 .data          0xc7e2ec84        0x0 common/libcommon.a(cmd_boot.o)
 .data          0xc7e2ec84        0x4 common/libcommon.a(cmd_bootm.o)
                0xc7e2ec84                load_addr
 .data          0xc7e2ec88        0x0 common/libcommon.a(cmd_cache.o)
 .data          0xc7e2ec88       0x1c common/libcommon.a(cmd_date.o)
                0xc7e2ec88                weekdays
 .data          0xc7e2eca4        0x0 common/libcommon.a(cmd_elf.o)
 .data          0xc7e2eca4        0x0 common/libcommon.a(cmd_fat.o)
 .data          0xc7e2eca4        0x0 common/libcommon.a(cmd_flash.o)
 .data          0xc7e2eca4       0x68 common/libcommon.a(cmd_itest.o)
                0xc7e2eca4                op_table
 .data          0xc7e2ed0c        0x4 common/libcommon.a(cmd_load.o)
 .data          0xc7e2ed10        0x4 common/libcommon.a(cmd_mem.o)
                0xc7e2ed10                dp_last_length
 .data          0xc7e2ed14        0x0 common/libcommon.a(cmd_misc.o)
 .data          0xc7e2ed14        0x0 common/libcommon.a(cmd_nand.o)
 .data          0xc7e2ed14        0x0 common/libcommon.a(cmd_net.o)
 .data          0xc7e2ed14        0x0 common/libcommon.a(cmd_nvedit.o)
 .data          0xc7e2ed14        0x0 common/libcommon.a(cmd_usb.o)
 .data          0xc7e2ed14        0x0 common/libcommon.a(command.o)
 .data          0xc7e2ed14        0x0 common/libcommon.a(console.o)
 .data          0xc7e2ed14        0xc common/libcommon.a(devices.o)
                0xc7e2ed14                stdio_names
 .data          0xc7e2ed20      0x414 common/libcommon.a(dlmalloc.o)
 .data          0xc7e2f134      0x154 common/libcommon.a(env_common.o)
                0xc7e2f134                env_get_char
                0xc7e2f138                default_environment
                0xc7e2f284                default_environment_size
 .data          0xc7e2f288        0x4 common/libcommon.a(env_nand.o)
                0xc7e2f288                env_name_spec
 .data          0xc7e2f28c        0x0 common/libcommon.a(exports.o)
 .data          0xc7e2f28c        0x0 common/libcommon.a(flash.o)
 .data          0xc7e2f28c       0x84 common/libcommon.a(hush.o)
 .data          0xc7e2f310        0x0 common/libcommon.a(lists.o)
 .data          0xc7e2f310        0x0 common/libcommon.a(s_record.o)
 .data          0xc7e2f310        0x0 common/libcommon.a(usb.o)
 .data          0xc7e2f310        0x0 common/libcommon.a(xyzModem.o)
 .data          0xc7e2f310        0x0 common/libcommon.a(cmd_usbd.o)
 .data          0xc7e2f310        0x0 common/libcommon.a(cmd_movi.o)
 .data          0xc7e2f310        0x0 common/libcommon.a(crc16.o)
 .data          0xc7e2f310        0x0 lib_generic/libgeneric.a(crc32.o)
 .data          0xc7e2f310      0x100 lib_generic/libgeneric.a(ctype.o)
                0xc7e2f310                _ctype
 .data          0xc7e2f410        0x0 lib_generic/libgeneric.a(display_options.o)
 .data          0xc7e2f410        0x0 lib_generic/libgeneric.a(string.o)
 .data          0xc7e2f410        0x0 lib_generic/libgeneric.a(vsprintf.o)
 .data          0xc7e2f410      0x210 lib_generic/libgeneric.a(zlib.o)
                0xc7e2f410                zlib_version
                0xc7e2f414                z_errmsg
 .data          0xc7e2f620        0x0 board/samsung/smdk6410/libsmdk6410.a(smdk6410.o)
 .data          0xc7e2f620        0x0 board/samsung/smdk6410/libsmdk6410.a(flash.o)
 .data          0xc7e2f620        0x0 cpu/s3c64xx/libs3c64xx.a(usb_ohci.o)
 .data          0xc7e2f620      0x940 cpu/s3c64xx/libs3c64xx.a(nand.o)
 .data          0xc7e2ff60       0x35 cpu/s3c64xx/libs3c64xx.a(usbd-otg-hs.o)
                0xc7e2ff60                test_pkt
 .data          0xc7e2ff95        0x0 lib_arm/libarm.a(armlinux.o)
 .data          0xc7e2ff95        0x0 lib_arm/libarm.a(cache.o)
 *fill*         0xc7e2ff95        0x3 00
 .data          0xc7e2ff98        0x4 fs/fat/libfat.a(fat.o)
 .data          0xc7e2ff9c        0x0 disk/libdisk.a(part.o)
 .data          0xc7e2ff9c        0x0 disk/libdisk.a(part_dos.o)
 .data          0xc7e2ff9c       0x30 rtc/librtc.a(date.o)
 .data          0xc7e2ffcc        0x0 rtc/librtc.a(s3c64xx_rtc.o)
 .data          0xc7e2ffcc      0x6f0 drivers/nand/libnand.a(nand_util.o)
 .data          0xc7e306bc        0x0 lib_generic/libgeneric.a(div64.o)
 .data          0xc7e306bc        0x0 /usr/local/arm/4.2.2-eabi/usr/bin-ccache/../lib/gcc/arm-unknown-linux-gnueabi/4.2.2/libgcc.a(_udivsi3.o)
 .data          0xc7e306bc        0x0 /usr/local/arm/4.2.2-eabi/usr/bin-ccache/../lib/gcc/arm-unknown-linux-gnueabi/4.2.2/libgcc.a(_divsi3.o)
 .data          0xc7e306bc        0x0 /usr/local/arm/4.2.2-eabi/usr/bin-ccache/../lib/gcc/arm-unknown-linux-gnueabi/4.2.2/libgcc.a(_ashrdi3.o)
 .data          0xc7e306bc        0x0 /usr/local/arm/4.2.2-eabi/usr/bin-ccache/../lib/gcc/arm-unknown-linux-gnueabi/4.2.2/libgcc.a(_ashldi3.o)
                0xc7e306bc                . = ALIGN (0x4)

.got
 *(.got)
                0xc7e306bc                __u_boot_cmd_start = .

.u_boot_cmd     0xc7e306bc      0x4e0
 *(.u_boot_cmd)
 .u_boot_cmd    0xc7e306bc       0x18 common/libcommon.a(cmd_bdinfo.o)
                0xc7e306bc                __u_boot_cmd_bdinfo
 .u_boot_cmd    0xc7e306d4       0x30 common/libcommon.a(cmd_boot.o)
                0xc7e306ec                __u_boot_cmd_reset
                0xc7e306d4                __u_boot_cmd_go
 .u_boot_cmd    0xc7e30704       0x30 common/libcommon.a(cmd_bootm.o)
                0xc7e30704                __u_boot_cmd_bootm
                0xc7e3071c                __u_boot_cmd_imls
 .u_boot_cmd    0xc7e30734       0x48 common/libcommon.a(cmd_cache.o)
                0xc7e3074c                __u_boot_cmd_dcache
                0xc7e30764                __u_boot_cmd_branch
                0xc7e30734                __u_boot_cmd_icache
 .u_boot_cmd    0xc7e3077c       0x18 common/libcommon.a(cmd_date.o)
                0xc7e3077c                __u_boot_cmd_date
 .u_boot_cmd    0xc7e30794       0x30 common/libcommon.a(cmd_elf.o)
                0xc7e307ac                __u_boot_cmd_bootvx
                0xc7e30794                __u_boot_cmd_bootelf
 .u_boot_cmd    0xc7e307c4       0x48 common/libcommon.a(cmd_fat.o)
                0xc7e307f4                __u_boot_cmd_fatinfo
                0xc7e307c4                __u_boot_cmd_fatload
                0xc7e307dc                __u_boot_cmd_fatls
 .u_boot_cmd    0xc7e3080c       0x48 common/libcommon.a(cmd_flash.o)
                0xc7e3080c                __u_boot_cmd_flinfo
                0xc7e30824                __u_boot_cmd_erase
                0xc7e3083c                __u_boot_cmd_protect
 .u_boot_cmd    0xc7e30854       0x18 common/libcommon.a(cmd_itest.o)
                0xc7e30854                __u_boot_cmd_itest
 .u_boot_cmd    0xc7e3086c       0x48 common/libcommon.a(cmd_load.o)
                0xc7e3089c                __u_boot_cmd_loady
                0xc7e30884                __u_boot_cmd_loadb
                0xc7e3086c                __u_boot_cmd_loads
 .u_boot_cmd    0xc7e308b4       0xf0 common/libcommon.a(cmd_mem.o)
                0xc7e308b4                __u_boot_cmd_md
                0xc7e3092c                __u_boot_cmd_cmp
                0xc7e308fc                __u_boot_cmd_mw
                0xc7e30974                __u_boot_cmd_loop
                0xc7e3095c                __u_boot_cmd_base
                0xc7e308cc                __u_boot_cmd_mm
                0xc7e30944                __u_boot_cmd_crc32
                0xc7e308e4                __u_boot_cmd_nm
                0xc7e3098c                __u_boot_cmd_mtest
                0xc7e30914                __u_boot_cmd_cp
 .u_boot_cmd    0xc7e309a4       0x18 common/libcommon.a(cmd_misc.o)
                0xc7e309a4                __u_boot_cmd_sleep
 .u_boot_cmd    0xc7e309bc       0x30 common/libcommon.a(cmd_nand.o)
                0xc7e309bc                __u_boot_cmd_nand
                0xc7e309d4                __u_boot_cmd_nboot
 .u_boot_cmd    0xc7e309ec       0x78 common/libcommon.a(cmd_net.o)
                0xc7e30a34                __u_boot_cmd_nfs
                0xc7e30a4c                __u_boot_cmd_ping
                0xc7e30a1c                __u_boot_cmd_rarpboot
                0xc7e30a04                __u_boot_cmd_tftpboot
                0xc7e309ec                __u_boot_cmd_bootp
 .u_boot_cmd    0xc7e30a64       0x48 common/libcommon.a(cmd_nvedit.o)
                0xc7e30a94                __u_boot_cmd_saveenv
                0xc7e30a64                __u_boot_cmd_printenv
                0xc7e30a7c                __u_boot_cmd_setenv
 .u_boot_cmd    0xc7e30aac       0x18 common/libcommon.a(cmd_usb.o)
                0xc7e30aac                __u_boot_cmd_usb
 .u_boot_cmd    0xc7e30ac4       0xa8 common/libcommon.a(command.o)
                0xc7e30b24                __u_boot_cmd_exit
                0xc7e30af4                __u_boot_cmd_echo
                0xc7e30b54                __u_boot_cmd_question_mark
                0xc7e30ac4                __u_boot_cmd_version
                0xc7e30adc                __u_boot_cmd_setlcd
                0xc7e30b3c                __u_boot_cmd_help
                0xc7e30b0c                __u_boot_cmd_test
 .u_boot_cmd    0xc7e30b6c       0x18 common/libcommon.a(cmd_usbd.o)
                0xc7e30b6c                __u_boot_cmd_dnw
 .u_boot_cmd    0xc7e30b84       0x18 common/libcommon.a(cmd_movi.o)
                0xc7e30b84                __u_boot_cmd_movi
                0xc7e30b9c                __u_boot_cmd_end = .
                0xc7e30b9c                . = ALIGN (0x4)

.mmudata        0xc7e34000     0x4000
 *(.mmudata)
 .mmudata       0xc7e34000     0x4000 board/samsung/smdk6410/libsmdk6410.a(lowlevel_init.o)
                0xc7e34000                mmu_table
                0xc7e38000                . = ALIGN (0x4)
                0xc7e38000                __bss_start = .

.bss            0xc7e38000    0x44a50
 *(.bss)
 .bss           0xc7e38000        0x0 cpu/s3c64xx/start.o
 .bss           0xc7e38000        0x0 cpu/s3c64xx/s3c6410/cpu_init.o
 .bss           0xc7e38000        0x0 cpu/s3c64xx/onenand_cp.o
 .bss           0xc7e38000        0x0 cpu/s3c64xx/nand_cp.o
 .bss           0xc7e38000        0x4 cpu/s3c64xx/movi.o
                0xc7e38000                movi_hc
 .bss           0xc7e38004        0x0 board/samsung/smdk6410/libsmdk6410.a(lowlevel_init.o)
 .bss           0xc7e38004        0xc cpu/s3c64xx/libs3c64xx.a(interrupts.o)
                0xc7e38004                timer_load_val
 .bss           0xc7e38010        0x0 cpu/s3c64xx/libs3c64xx.a(cpu.o)
 .bss           0xc7e38010       0xb8 cpu/s3c64xx/libs3c64xx.a(hs_mmc.o)
                0xc7e38010                movi_ch
 .bss           0xc7e380c8        0x0 cpu/s3c64xx/libs3c64xx.a(serial.o)
 .bss           0xc7e380c8        0x0 cpu/s3c64xx/s3c6410/libs3c6410.a(speed.o)
 .bss           0xc7e380c8       0x10 lib_arm/libarm.a(board.o)
                0xc7e380c8                monitor_flash_len
 .bss           0xc7e380d8     0x25d0 net/libnet.a(net.o)
                0xc7e3a688                NetArpWaitTry
                0xc7e3a058                NetArpWaitPacketMAC
                0xc7e3817c                NetOurEther
                0xc7e38184                NetOurIP
                0xc7e3822c                NetPingIP
                0xc7e38188                NetServerIP
                0xc7e3a060                NetArpWaitTxPacketSize
                0xc7e3a054                NetArpWaitReplyIP
                0xc7e3818c                NetRxPackets
                0xc7e3a05c                NetArpWaitTxPacket
                0xc7e380e4                NetOurNISDomain
                0xc7e3a050                NetArpWaitPacketIP
                0xc7e381a8                NetState
                0xc7e381ac                BootFile
                0xc7e38166                NetServerEther
                0xc7e380d8                NetOurSubnetMask
                0xc7e38164                NetBootFileSize
                0xc7e381a4                NetIPID
                0xc7e38104                NetOurHostName
                0xc7e3819c                NetRxPkt
                0xc7e380dc                NetOurGatewayIP
                0xc7e3816c                NetEtherNullAddr
                0xc7e3a064                NetArpWaitPacketBuf
                0xc7e381a0                NetRxPktLen
                0xc7e38174                NetTxPacket
                0xc7e38178                NetBootFileXferSize
                0xc7e380e0                NetOurDNSIP
                0xc7e38230                PktBuf
                0xc7e38124                NetOurRootPath
                0xc7e3a684                NetArpWaitTimerStart
 .bss           0xc7e3a6a8       0x34 net/libnet.a(tftp.o)
 .bss           0xc7e3a6dc        0x8 net/libnet.a(bootp.o)
                0xc7e3a6e0                BootpTry
                0xc7e3a6dc                BootpID
 .bss           0xc7e3a6e4        0x4 net/libnet.a(rarp.o)
                0xc7e3a6e4                RarpTry
 .bss           0xc7e3a6e8        0x0 net/libnet.a(eth.o)
 .bss           0xc7e3a6e8      0x8b0 net/libnet.a(nfs.o)
 .bss           0xc7e3af98        0x0 drivers/libdrivers.a(cs8900.o)
 .bss           0xc7e3af98      0x1b8 drivers/nand/libnand.a(nand.o)
                0xc7e3af98                nand_info
 .bss           0xc7e3b150        0x0 drivers/nand/libnand.a(nand_base.o)
 .bss           0xc7e3b150        0x0 drivers/nand/libnand.a(nand_ids.o)
 .bss           0xc7e3b150        0x0 drivers/nand/libnand.a(nand_ecc.o)
 .bss           0xc7e3b150        0x0 drivers/nand/libnand.a(nand_bbt.o)
 .bss           0xc7e3b150     0x1560 common/libcommon.a(main.o)
                0xc7e3b154                console_buffer
                0xc7e3b254                hist_list
                0xc7e3b2a4                hist_lines
                0xc7e3b150                hist_num
 .bss           0xc7e3c6b0        0x0 common/libcommon.a(cmd_bdinfo.o)
 .bss           0xc7e3c6b0        0x0 common/libcommon.a(cmd_boot.o)
 .bss           0xc7e3c6b0       0x40 common/libcommon.a(cmd_bootm.o)
                0xc7e3c6b0                header
 .bss           0xc7e3c6f0        0x0 common/libcommon.a(cmd_cache.o)
 .bss           0xc7e3c6f0        0x0 common/libcommon.a(cmd_date.o)
 .bss           0xc7e3c6f0        0x0 common/libcommon.a(cmd_elf.o)
 .bss           0xc7e3c6f0        0x0 common/libcommon.a(cmd_fat.o)
 .bss           0xc7e3c6f0        0x0 common/libcommon.a(cmd_flash.o)
 .bss           0xc7e3c6f0        0x0 common/libcommon.a(cmd_itest.o)
 .bss           0xc7e3c6f0       0x88 common/libcommon.a(cmd_load.o)
                0xc7e3c71c                his_pad_char
                0xc7e3c6f0                os_data_count
                0xc7e3c720                os_data_init
                0xc7e3c73c                send_ptr
                0xc7e3c6f4                os_data_header
                0xc7e3c724                os_data_char
                0xc7e3c714                his_eol
                0xc7e3c71d                his_quote
                0xc7e3c728                send_parms
                0xc7e3c718                his_pad_count
 .bss           0xc7e3c778       0x14 common/libcommon.a(cmd_mem.o)
                0xc7e3c77c                dp_last_size
                0xc7e3c778                dp_last_addr
                0xc7e3c784                mm_last_size
                0xc7e3c780                mm_last_addr
 .bss           0xc7e3c78c        0x0 common/libcommon.a(cmd_misc.o)
 .bss           0xc7e3c78c        0x0 common/libcommon.a(cmd_nand.o)
 .bss           0xc7e3c78c        0x0 common/libcommon.a(cmd_net.o)
 .bss           0xc7e3c78c        0x0 common/libcommon.a(cmd_nvedit.o)
 .bss           0xc7e3c78c        0x0 common/libcommon.a(cmd_usb.o)
 .bss           0xc7e3c78c        0x0 common/libcommon.a(command.o)
 .bss           0xc7e3c78c        0x8 common/libcommon.a(console.o)
 .bss           0xc7e3c794       0x10 common/libcommon.a(devices.o)
                0xc7e3c794                devlist
                0xc7e3c798                stdio_devices
 .bss           0xc7e3c7a4       0x38 common/libcommon.a(dlmalloc.o)
 .bss           0xc7e3c7dc        0x0 common/libcommon.a(env_common.o)
 .bss           0xc7e3c7dc        0x4 common/libcommon.a(env_nand.o)
                0xc7e3c7dc                env_ptr
 .bss           0xc7e3c7e0        0x0 common/libcommon.a(exports.o)
 .bss           0xc7e3c7e0        0x0 common/libcommon.a(flash.o)
 .bss           0xc7e3c7e0      0x258 common/libcommon.a(hush.o)
                0xc7e3c7e4                nesting_level
                0xc7e3c7e0                last_return_code
 .bss           0xc7e3ca38        0x0 common/libcommon.a(lists.o)
 .bss           0xc7e3ca38        0x0 common/libcommon.a(s_record.o)
 .bss           0xc7e3ca38     0xc99c common/libcommon.a(usb.o)
                0xc7e3ca38                usb_started
 .bss           0xc7e493d4      0x43c common/libcommon.a(xyzModem.o)
 .bss           0xc7e49810        0x0 common/libcommon.a(cmd_usbd.o)
 .bss           0xc7e49810       0x18 common/libcommon.a(cmd_movi.o)
                0xc7e49810                ofsinfo
 .bss           0xc7e49828        0x0 common/libcommon.a(crc16.o)
 .bss           0xc7e49828        0x0 lib_generic/libgeneric.a(crc32.o)
 .bss           0xc7e49828        0x0 lib_generic/libgeneric.a(ctype.o)
 .bss           0xc7e49828        0x0 lib_generic/libgeneric.a(display_options.o)
 .bss           0xc7e49828        0x4 lib_generic/libgeneric.a(string.o)
                0xc7e49828                ___strtok
 .bss           0xc7e4982c        0x0 lib_generic/libgeneric.a(vsprintf.o)
 .bss           0xc7e4982c     0x10a8 lib_generic/libgeneric.a(zlib.o)
 .bss           0xc7e4a8d4        0x0 board/samsung/smdk6410/libsmdk6410.a(smdk6410.o)
 .bss           0xc7e4a8d4        0x4 board/samsung/smdk6410/libsmdk6410.a(flash.o)
                0xc7e4a8d4                flash_info
 *fill*         0xc7e4a8d8       0x28 00
 .bss           0xc7e4a900     0x1600 cpu/s3c64xx/libs3c64xx.a(usb_ohci.o)
                0xc7e4bd74                got_rhsc
                0xc7e4a900                gtd
                0xc7e4bb10                ohci_dev
                0xc7e4bd78                devgone
                0xc7e4b940                ptd
                0xc7e4bb00                phcca
                0xc7e4bca0                urb_priv
                0xc7e4ba00                ghcca
 .bss           0xc7e4bf00        0xc cpu/s3c64xx/libs3c64xx.a(nand.o)
                0xc7e4bf04                cur_ecc_mode
                0xc7e4bf08                nand_type
                0xc7e4bf00                boot_nand
 .bss           0xc7e4bf0c       0xa8 cpu/s3c64xx/libs3c64xx.a(usbd-otg-hs.o)
                0xc7e4bf24                remode_wakeup
                0xc7e4bfae                get_status
                0xc7e4bf14                op_mode
                0xc7e4bfb3                get_intf
                0xc7e4bf10                s3c_got_header
                0xc7e4bf28                config_value
                0xc7e4bf0c                s3c_receive_done
                0xc7e4bf1c                s3c_usbd_dn_addr
                0xc7e4bf18                speed
                0xc7e4bf20                DNW
                0xc7e4bf2a                otg
 .bss           0xc7e4bfb4        0x4 lib_arm/libarm.a(armlinux.o)
 .bss           0xc7e4bfb8        0x0 lib_arm/libarm.a(cache.o)
 .bss           0xc7e4bfb8    0x30008 fs/fat/libfat.a(fat.o)
                0xc7e4bfb8                get_vfatname_block
                0xc7e5bfb8                get_dentfromdir_block
                0xc7e6bfb8                do_fat_read_block
 .bss           0xc7e7bfc0        0x0 disk/libdisk.a(part.o)
 .bss           0xc7e7bfc0        0x0 disk/libdisk.a(part_dos.o)
 .bss           0xc7e7bfc0        0x0 rtc/librtc.a(date.o)
 .bss           0xc7e7bfc0        0x0 rtc/librtc.a(s3c64xx_rtc.o)
 .bss           0xc7e7bfc0      0xa90 drivers/nand/libnand.a(nand_util.o)
 .bss           0xc7e7ca50        0x0 lib_generic/libgeneric.a(div64.o)
 .bss           0xc7e7ca50        0x0 /usr/local/arm/4.2.2-eabi/usr/bin-ccache/../lib/gcc/arm-unknown-linux-gnueabi/4.2.2/libgcc.a(_udivsi3.o)
 .bss           0xc7e7ca50        0x0 /usr/local/arm/4.2.2-eabi/usr/bin-ccache/../lib/gcc/arm-unknown-linux-gnueabi/4.2.2/libgcc.a(_divsi3.o)
 .bss           0xc7e7ca50        0x0 /usr/local/arm/4.2.2-eabi/usr/bin-ccache/../lib/gcc/arm-unknown-linux-gnueabi/4.2.2/libgcc.a(_ashrdi3.o)
 .bss           0xc7e7ca50        0x0 /usr/local/arm/4.2.2-eabi/usr/bin-ccache/../lib/gcc/arm-unknown-linux-gnueabi/4.2.2/libgcc.a(_ashldi3.o)
                0xc7e7ca50                _end = .
Address of section .text set to 0xc7e00000
LOAD cpu/s3c64xx/start.o
START GROUP
LOAD lib_generic/libgeneric.a
LOAD board/samsung/smdk6410/libsmdk6410.a
LOAD cpu/s3c64xx/libs3c64xx.a
LOAD cpu/s3c64xx/s3c6410/libs3c6410.a
LOAD lib_arm/libarm.a
LOAD fs/cramfs/libcramfs.a
LOAD fs/fat/libfat.a
LOAD fs/fdos/libfdos.a
LOAD fs/jffs2/libjffs2.a
LOAD fs/reiserfs/libreiserfs.a
LOAD fs/ext2/libext2fs.a
LOAD net/libnet.a
LOAD disk/libdisk.a
LOAD rtc/librtc.a
LOAD dtt/libdtt.a
LOAD drivers/libdrivers.a
LOAD drivers/nand/libnand.a
LOAD drivers/nand_legacy/libnand_legacy.a
LOAD drivers/onenand/libonenand.a
LOAD drivers/sk98lin/libsk98lin.a
LOAD post/libpost.a
LOAD post/cpu/libcpu.a
LOAD common/libcommon.a
END GROUP
LOAD /usr/local/arm/4.2.2-eabi/usr/bin-ccache/../lib/gcc/arm-unknown-linux-gnueabi/4.2.2/libgcc.a
OUTPUT(u-boot elf32-littlearm)

.ARM.attributes
                0x00000000       0x18
 .ARM.attributes
                0x00000000       0x18 cpu/s3c64xx/start.o
 .ARM.attributes
                0x00000018       0x18 cpu/s3c64xx/s3c6410/cpu_init.o
 .ARM.attributes
                0x00000030       0x16 cpu/s3c64xx/onenand_cp.o
 .ARM.attributes
                0x00000046       0x18 cpu/s3c64xx/nand_cp.o
 .ARM.attributes
                0x0000005e       0x18 cpu/s3c64xx/movi.o
 .ARM.attributes
                0x00000076       0x18 board/samsung/smdk6410/libsmdk6410.a(lowlevel_init.o)
 .ARM.attributes
                0x0000008e       0x18 cpu/s3c64xx/libs3c64xx.a(interrupts.o)
 .ARM.attributes
                0x000000a6       0x18 cpu/s3c64xx/libs3c64xx.a(cpu.o)
 .ARM.attributes
                0x000000be       0x18 cpu/s3c64xx/libs3c64xx.a(hs_mmc.o)
 .ARM.attributes
                0x000000d6       0x18 cpu/s3c64xx/libs3c64xx.a(serial.o)
 .ARM.attributes
                0x000000ee       0x18 cpu/s3c64xx/s3c6410/libs3c6410.a(speed.o)
 .ARM.attributes
                0x00000106       0x18 lib_arm/libarm.a(board.o)
 .ARM.attributes
                0x0000011e       0x18 net/libnet.a(net.o)
 .ARM.attributes
                0x00000136       0x18 net/libnet.a(tftp.o)
 .ARM.attributes
                0x0000014e       0x18 net/libnet.a(bootp.o)
 .ARM.attributes
                0x00000166       0x18 net/libnet.a(rarp.o)
 .ARM.attributes
                0x0000017e       0x18 net/libnet.a(eth.o)
 .ARM.attributes
                0x00000196       0x18 net/libnet.a(nfs.o)
 .ARM.attributes
                0x000001ae       0x18 drivers/libdrivers.a(cs8900.o)
 .ARM.attributes
                0x000001c6       0x18 drivers/nand/libnand.a(nand.o)
 .ARM.attributes
                0x000001de       0x18 drivers/nand/libnand.a(nand_base.o)
 .ARM.attributes
                0x000001f6       0x16 drivers/nand/libnand.a(nand_ids.o)
 .ARM.attributes
                0x0000020c       0x18 drivers/nand/libnand.a(nand_ecc.o)
 .ARM.attributes
                0x00000224       0x18 drivers/nand/libnand.a(nand_bbt.o)
 .ARM.attributes
                0x0000023c       0x18 common/libcommon.a(main.o)
 .ARM.attributes
                0x00000254       0x18 common/libcommon.a(cmd_bdinfo.o)
 .ARM.attributes
                0x0000026c       0x18 common/libcommon.a(cmd_boot.o)
 .ARM.attributes
                0x00000284       0x18 common/libcommon.a(cmd_bootm.o)
 .ARM.attributes
                0x0000029c       0x18 common/libcommon.a(cmd_cache.o)
 .ARM.attributes
                0x000002b4       0x18 common/libcommon.a(cmd_date.o)
 .ARM.attributes
                0x000002cc       0x18 common/libcommon.a(cmd_elf.o)
 .ARM.attributes
                0x000002e4       0x18 common/libcommon.a(cmd_fat.o)
 .ARM.attributes
                0x000002fc       0x18 common/libcommon.a(cmd_flash.o)
 .ARM.attributes
                0x00000314       0x18 common/libcommon.a(cmd_itest.o)
 .ARM.attributes
                0x0000032c       0x18 common/libcommon.a(cmd_load.o)
 .ARM.attributes
                0x00000344       0x18 common/libcommon.a(cmd_mem.o)
 .ARM.attributes
                0x0000035c       0x18 common/libcommon.a(cmd_misc.o)
 .ARM.attributes
                0x00000374       0x18 common/libcommon.a(cmd_nand.o)
 .ARM.attributes
                0x0000038c       0x18 common/libcommon.a(cmd_net.o)
 .ARM.attributes
                0x000003a4       0x18 common/libcommon.a(cmd_nvedit.o)
 .ARM.attributes
                0x000003bc       0x18 common/libcommon.a(cmd_usb.o)
 .ARM.attributes
                0x000003d4       0x18 common/libcommon.a(command.o)
 .ARM.attributes
                0x000003ec       0x18 common/libcommon.a(console.o)
 .ARM.attributes
                0x00000404       0x18 common/libcommon.a(devices.o)
 .ARM.attributes
                0x0000041c       0x18 common/libcommon.a(dlmalloc.o)
 .ARM.attributes
                0x00000434       0x18 common/libcommon.a(env_common.o)
 .ARM.attributes
                0x0000044c       0x18 common/libcommon.a(env_nand.o)
 .ARM.attributes
                0x00000464       0x18 common/libcommon.a(exports.o)
 .ARM.attributes
                0x0000047c       0x18 common/libcommon.a(flash.o)
 .ARM.attributes
                0x00000494       0x18 common/libcommon.a(hush.o)
 .ARM.attributes
                0x000004ac       0x18 common/libcommon.a(lists.o)
 .ARM.attributes
                0x000004c4       0x18 common/libcommon.a(s_record.o)
 .ARM.attributes
                0x000004dc       0x18 common/libcommon.a(usb.o)
 .ARM.attributes
                0x000004f4       0x18 common/libcommon.a(xyzModem.o)
 .ARM.attributes
                0x0000050c       0x18 common/libcommon.a(cmd_usbd.o)
 .ARM.attributes
                0x00000524       0x18 common/libcommon.a(cmd_movi.o)
 .ARM.attributes
                0x0000053c       0x18 common/libcommon.a(crc16.o)
 .ARM.attributes
                0x00000554       0x18 lib_generic/libgeneric.a(crc32.o)
 .ARM.attributes
                0x0000056c       0x16 lib_generic/libgeneric.a(ctype.o)
 .ARM.attributes
                0x00000582       0x18 lib_generic/libgeneric.a(display_options.o)
 .ARM.attributes
                0x0000059a       0x18 lib_generic/libgeneric.a(string.o)
 .ARM.attributes
                0x000005b2       0x18 lib_generic/libgeneric.a(vsprintf.o)
 .ARM.attributes
                0x000005ca       0x18 lib_generic/libgeneric.a(zlib.o)
 .ARM.attributes
                0x000005e2       0x18 board/samsung/smdk6410/libsmdk6410.a(smdk6410.o)
 .ARM.attributes
                0x000005fa       0x18 board/samsung/smdk6410/libsmdk6410.a(flash.o)
 .ARM.attributes
                0x00000612       0x18 cpu/s3c64xx/libs3c64xx.a(usb_ohci.o)
 .ARM.attributes
                0x0000062a       0x18 cpu/s3c64xx/libs3c64xx.a(nand.o)
 .ARM.attributes
                0x00000642       0x18 cpu/s3c64xx/libs3c64xx.a(usbd-otg-hs.o)
 .ARM.attributes
                0x0000065a       0x18 lib_arm/libarm.a(armlinux.o)
 .ARM.attributes
                0x00000672       0x18 lib_arm/libarm.a(cache.o)
 .ARM.attributes
                0x0000068a       0x18 fs/fat/libfat.a(fat.o)
 .ARM.attributes
                0x000006a2       0x18 disk/libdisk.a(part.o)
 .ARM.attributes
                0x000006ba       0x18 disk/libdisk.a(part_dos.o)
 .ARM.attributes
                0x000006d2       0x18 rtc/librtc.a(date.o)
 .ARM.attributes
                0x000006ea       0x18 rtc/librtc.a(s3c64xx_rtc.o)
 .ARM.attributes
                0x00000702       0x18 drivers/nand/libnand.a(nand_util.o)
 .ARM.attributes
                0x0000071a       0x18 lib_generic/libgeneric.a(div64.o)
 .ARM.attributes
                0x00000732       0x18 /usr/local/arm/4.2.2-eabi/usr/bin-ccache/../lib/gcc/arm-unknown-linux-gnueabi/4.2.2/libgcc.a(_udivsi3.o)
 .ARM.attributes
                0x0000074a       0x18 /usr/local/arm/4.2.2-eabi/usr/bin-ccache/../lib/gcc/arm-unknown-linux-gnueabi/4.2.2/libgcc.a(_divsi3.o)
 .ARM.attributes
                0x00000762       0x18 /usr/local/arm/4.2.2-eabi/usr/bin-ccache/../lib/gcc/arm-unknown-linux-gnueabi/4.2.2/libgcc.a(_ashrdi3.o)
 .ARM.attributes
                0x0000077a       0x18 /usr/local/arm/4.2.2-eabi/usr/bin-ccache/../lib/gcc/arm-unknown-linux-gnueabi/4.2.2/libgcc.a(_ashldi3.o)

.debug_line     0x00000000     0xa99d
 .debug_line    0x00000000       0xd3 cpu/s3c64xx/start.o