Archive member included because of file (symbol)

board/samsung/smdk6410/libsmdk6410.a(lowlevel_init.o)
                              cpu/s3c64xx/start.o (lowlevel_init)
cpu/s3c64xx/libs3c64xx.a(interrupts.o)
                              cpu/s3c64xx/start.o (do_irq)
cpu/s3c64xx/libs3c64xx.a(cpu.o)
                              cpu/s3c64xx/libs3c64xx.a(interrupts.o) (reset_cpu)
cpu/s3c64xx/libs3c64xx.a(hs_mmc.o)
                              cpu/s3c64xx/movi.o (hsmmc_reset)
cpu/s3c64xx/libs3c64xx.a(serial.o)
                              cpu/s3c64xx/libs3c64xx.a(cpu.o) (serial_tstc)
cpu/s3c64xx/s3c6410/libs3c6410.a(speed.o)
                              cpu/s3c64xx/libs3c64xx.a(interrupts.o) (get_PCLK)
lib_arm/libarm.a(board.o)     lib_arm/div0.o (hang)
net/libnet.a(net.o)           lib_arm/libarm.a(board.o) (copy_filename)
net/libnet.a(tftp.o)          net/libnet.a(net.o) (TftpStart)
net/libnet.a(bootp.o)         net/libnet.a(net.o) (BootpRequest)
net/libnet.a(rarp.o)          net/libnet.a(net.o) (RarpRequest)
net/libnet.a(eth.o)           lib_arm/libarm.a(board.o) (eth_initialize)
net/libnet.a(nfs.o)           net/libnet.a(net.o) (NfsStart)
drivers/libdrivers.a(dm9000x.o)
                              net/libnet.a(net.o) (eth_halt)
drivers/nand/libnand.a(nand.o)
                              lib_arm/libarm.a(board.o) (nand_init)
drivers/nand/libnand.a(nand_base.o)
                              drivers/nand/libnand.a(nand.o) (nand_scan)
drivers/nand/libnand.a(nand_ids.o)
                              drivers/nand/libnand.a(nand_base.o) (nand_flash_ids)
drivers/nand/libnand.a(nand_ecc.o)
                              drivers/nand/libnand.a(nand_base.o) (nand_calculate_ecc)
drivers/nand/libnand.a(nand_bbt.o)
                              drivers/nand/libnand.a(nand_base.o) (nand_isbad_bbt)
common/libcommon.a(main.o)    lib_arm/libarm.a(board.o) (main_loop)
common/libcommon.a(cmd_bdinfo.o)
                              (__u_boot_cmd_bdinfo)
common/libcommon.a(cmd_boot.o)
                              (__u_boot_cmd_go)
common/libcommon.a(cmd_bootm.o)
                              lib_arm/libarm.a(board.o) (load_addr)
common/libcommon.a(cmd_cache.o)
                              (__u_boot_cmd_icache)
common/libcommon.a(cmd_date.o)
                              (__u_boot_cmd_date)
common/libcommon.a(cmd_elf.o)
                              common/libcommon.a(cmd_bootm.o) (do_bootvx)
common/libcommon.a(cmd_flash.o)
                              (__u_boot_cmd_flinfo)
common/libcommon.a(cmd_itest.o)
                              (__u_boot_cmd_itest)
common/libcommon.a(cmd_load.o)
                              (__u_boot_cmd_loads)
common/libcommon.a(cmd_mem.o)
                              common/libcommon.a(cmd_itest.o) (cmd_get_data_size)
common/libcommon.a(cmd_misc.o)
                              (__u_boot_cmd_sleep)
common/libcommon.a(cmd_nand.o)
                              (__u_boot_cmd_nand)
common/libcommon.a(cmd_net.o)
                              (__u_boot_cmd_bootp)
common/libcommon.a(cmd_nvedit.o)
                              lib_arm/libarm.a(board.o) (getenv_r)
common/libcommon.a(cmd_usb.o)
                              (__u_boot_cmd_usb)
common/libcommon.a(command.o)
                              common/libcommon.a(main.o) (find_cmd)
common/libcommon.a(console.o)
                              cpu/s3c64xx/movi.o (printf)
common/libcommon.a(devices.o)
                              common/libcommon.a(console.o) (devlist)
common/libcommon.a(dlmalloc.o)
                              drivers/nand/libnand.a(nand_base.o) (free)
common/libcommon.a(env_common.o)
                              common/libcommon.a(cmd_nvedit.o) (env_get_addr)
common/libcommon.a(env_nand.o)
                              common/libcommon.a(env_common.o) (env_get_char_spec)
common/libcommon.a(exports.o)
                              lib_arm/libarm.a(board.o) (jumptable_init)
common/libcommon.a(flash.o)   common/libcommon.a(cmd_load.o) (addr2info)
common/libcommon.a(hush.o)    common/libcommon.a(main.o) (u_boot_hush_start)
common/libcommon.a(lists.o)   common/libcommon.a(console.o) (ListGetPtrToItem)
common/libcommon.a(s_record.o)
                              common/libcommon.a(cmd_load.o) (srec_decode)
common/libcommon.a(usb.o)     common/libcommon.a(cmd_usb.o) (usb_get_dev_index)
common/libcommon.a(xyzModem.o)
                              common/libcommon.a(cmd_load.o) (xyzModem_error)
common/libcommon.a(cmd_usbd.o)
                              (__u_boot_cmd_dnw)
common/libcommon.a(cmd_movi.o)
                              cpu/s3c64xx/movi.o (ofsinfo)
common/libcommon.a(crc16.o)   common/libcommon.a(xyzModem.o) (cyg_crc16)
lib_generic/libgeneric.a(crc32.o)
                              common/libcommon.a(cmd_bootm.o) (crc32)
lib_generic/libgeneric.a(ctype.o)
                              common/libcommon.a(hush.o) (_ctype)
lib_generic/libgeneric.a(display_options.o)
[...]
Memory Configuration

Name             Origin             Length             Attributes
*default*        0x00000000         0xffffffff

Linker script and memory map

                0x00000000                . = 0x0
                0x00000000                . = ALIGN (0x4)

.text           0xc7e00000    0x22bbc
 cpu/s3c64xx/start.o(.text)
 .text          0xc7e00000      0x480 cpu/s3c64xx/start.o
                0xc7e00040                _end_vect
                0xc7e0017c                theLastJump
                0xc7e00460                arm1136_cache_flush
                0xc7e0004c                _bss_start
                0xc7e00050                _bss_end
                0xc7e00048                _armboot_start
                0xc7e00120                copy_from_nand
                0xc7e00000                _start
 cpu/s3c64xx/s3c6410/cpu_init.o(.text)
 .text          0xc7e00480      0x15c cpu/s3c64xx/s3c6410/cpu_init.o
                0xc7e005b0                cleanFlushCache
                0xc7e005a4                cleanFlushDCache
                0xc7e00480                mem_ctrl_asm_init
                0xc7e00598                cleanDCache
 cpu/s3c64xx/onenand_cp.o(.text)
 .text          0xc7e005dc        0x0 cpu/s3c64xx/onenand_cp.o
 cpu/s3c64xx/nand_cp.o(.text)
 .text          0xc7e005dc      0x1dc cpu/s3c64xx/nand_cp.o
                0xc7e00694                copy_uboot_to_ram
 cpu/s3c64xx/movi.o(.text)
 .text          0xc7e007b8      0x104 cpu/s3c64xx/movi.o
                0xc7e007b8                movi_set_capacity
                0xc7e00884                movi_init
                0xc7e007bc                movi_set_ofs
                0xc7e00810                movi_bl2_copy
                0xc7e0085c                movi_read_env
                0xc7e00870                movi_write_env
 *(.text)
 .text          0xc7e008bc        0xc lib_arm/div0.o
                0xc7e008c0                __aeabi_ldiv0
                0xc7e008c4                __div0
                0xc7e008bc                raise
 .text          0xc7e008c8      0x2b8 board/samsung/smdk6410/libsmdk6410.a(lowlevel_init.o)
                0xc7e008cc                lowlevel_init
 .text          0xc7e00b80      0x538 cpu/s3c64xx/libs3c64xx.a(interrupts.o)
                0xc7e00b8c                set_timer
                0xc7e00fdc                reset_timer
                0xc7e00f04                do_fiq
                0xc7e00cf4                interrupt_init
                0xc7e00fb8                do_undefined_instruction
                0xc7e00d80                show_regs
                0xc7e00ee0                do_irq
                0xc7e00cdc                get_tbclk
                0xc7e00c38                get_timer
                0xc7e00b9c                reset_timer_masked
                0xc7e00ebc                bad_mode
                0xc7e00bd0                get_timer_masked
                0xc7e01010                udelay
                0xc7e00c4c                udelay_masked
                0xc7e00f70                do_prefetch_abort
                0xc7e00cc0                get_ticks
                0xc7e00b84                disable_interrupts
                0xc7e00f28                do_not_used
                0xc7e00f4c                do_data_abort
                0xc7e00f94                do_software_interrupt
                0xc7e00b80                enable_interrupts
 .text          0xc7e010b8      0x1a0 cpu/s3c64xx/libs3c64xx.a(cpu.o)
                0xc7e010ec                cleanup_before_linux
                0xc7e01220                dcache_enable
                0xc7e010e4                cpu_init
                0xc7e01180                icache_enable
                0xc7e011e8                branch_enable
                0xc7e01160                do_reset
                0xc7e011cc                branch_disable
                0xc7e01120                reset_cpu
                0xc7e0119c                branch_status
                0xc7e0123c                icache_disable
                0xc7e011ac                dcache_status
                0xc7e011bc                icache_status
                0xc7e01204                dcache_disable
 .text          0xc7e01258     0x1640 cpu/s3c64xx/libs3c64xx.a(hs_mmc.o)
                0xc7e0224c                test_hsmmc
                0xc7e01348                hsmmc_reset
                0xc7e0135c                hsmmc_set_gpio
                0xc7e020d4                movi_read
                0xc7e01868                hsmmc_init
                0xc7e01f00                movi_write
 .text          0xc7e02898       0x8c cpu/s3c64xx/libs3c64xx.a(serial.o)
                0xc7e02898                serial_setbrg
                0xc7e028c8                serial_tstc
                0xc7e0289c                serial_putc
                0xc7e0291c                serial_init
                0xc7e028dc                serial_puts
                0xc7e02900                serial_getc
 .text          0xc7e02924      0x26c cpu/s3c64xx/s3c6410/libs3c6410.a(speed.o)
                0xc7e029fc                get_HCLK
                0xc7e029a0                get_PCLK
                0xc7e02998                get_FCLK
                0xc7e02a58                get_ARMCLK
                0xc7e02990                get_UCLK
                0xc7e02a80                print_cpuinfo
 .text          0xc7e02b90      0x314 lib_arm/libarm.a(board.o)
                0xc7e02bdc                hang
                0xc7e02ca4                start_armboot
                0xc7e02b90                sbrk
 .text          0xc7e02ea4     0x14a4 net/libnet.a(net.o)
                0xc7e030a4                getenv_IPaddr
                0xc7e02f4c                NetCksumOk
                0xc7e03c04                NetSetTimeout
                0xc7e02f78                copy_filename
                0xc7e030bc                NetEthHdrSize
                0xc7e03160                ip_to_string
                0xc7e03e60                ArpTimeoutCheck
                0xc7e03554                NetReceive
                0xc7e03030                string_to_ip
                0xc7e03c40                NetSendUDPPacket
                0xc7e031ac                print_IPaddr
                0xc7e031d0                NetSetEther
                0xc7e03ee4                NetLoop
                0xc7e03428                ArpRequest
                0xc7e03108                VLAN_to_string
                0xc7e03018                getenv_VLAN
                0xc7e02f08                NetCksum
                0xc7e03298                NetSetIP
                0xc7e02fc8                string_to_VLAN
                0xc7e03dd8                NetStartAgain
                0xc7e02ef8                NetSetHandler
                0xc7e03a74                PingSend
                0xc7e03424                NetSendPacket
 .text          0xc7e04348      0x6b4 net/libnet.a(tftp.o)
                0xc7e044f4                TftpStart
 .text          0xc7e049fc      0x6d4 net/libnet.a(bootp.o)
                0xc7e04abc                BootpRequest
 .text          0xc7e050d0      0x1cc net/libnet.a(rarp.o)
                0xc7e050d0                RarpRequest
 .text          0xc7e0529c        0x8 net/libnet.a(eth.o)
                0xc7e0529c                eth_initialize
 .text          0xc7e052a4      0xdf8 net/libnet.a(nfs.o)
                0xc7e058e8                NfsStart
 .text          0xc7e0609c      0x830 drivers/libdrivers.a(dm9000x.o)
                0xc7e06188                eth_halt
                0xc7e06780                eth_rx
                0xc7e061d8                eth_init
                0xc7e066bc                eth_send
 .text          0xc7e068cc       0xa0 drivers/nand/libnand.a(nand.o)
                0xc7e068cc                nand_init
 .text          0xc7e0696c     0x30a8 drivers/nand/libnand.a(nand_base.o)
                0xc7e08c9c                nand_read
                0xc7e06b98                nand_wait_ready
                0xc7e076a8                nand_scan_ident
                0xc7e0807c                nand_scan
                0xc7e09154                nand_erase_nand
                0xc7e07b94                nand_scan_tail
                0xc7e07680                nand_release
 .text          0xc7e09a14        0x0 drivers/nand/libnand.a(nand_ids.o)
 .text          0xc7e09a14      0x220 drivers/nand/libnand.a(nand_ecc.o)
                0xc7e09b0c                nand_correct_data
                0xc7e09a14                nand_calculate_ecc
 .text          0xc7e09c34     0x1758 drivers/nand/libnand.a(nand_bbt.o)
                0xc7e09ec0                nand_isbad_bbt
                0xc7e0b2b4                nand_default_bbt
                0xc7e0ab58                nand_update_bbt
                0xc7e0ae24                nand_scan_bbt
 .text          0xc7e0b38c      0xd00 common/libcommon.a(main.o)
                0xc7e0b38c                run_command
                0xc7e0b8b0                readline
                0xc7e0bf48                main_loop
 .text          0xc7e0c08c      0x100 common/libcommon.a(cmd_bdinfo.o)
                0xc7e0c0a0                do_bdinfo
 .text          0xc7e0c18c       0x80 common/libcommon.a(cmd_boot.o)
                0xc7e0c18c                do_go
 .text          0xc7e0c20c      0xbe8 common/libcommon.a(cmd_bootm.o)
                0xc7e0c39c                print_image_hdr
                0xc7e0c22c                gunzip
                0xc7e0c7a4                do_bootm
 .text          0xc7e0cdf4      0x1e0 common/libcommon.a(cmd_cache.o)
                0xc7e0ce30                do_branch
                0xc7e0cebc                do_dcache
                0xc7e0cf48                do_icache
 .text          0xc7e0cfd4      0x324 common/libcommon.a(cmd_date.o)
                0xc7e0d1e4                do_date
                0xc7e0d018                mk_date
 .text          0xc7e0d2f8      0x384 common/libcommon.a(cmd_elf.o)
                0xc7e0d5d8                do_bootelf
                0xc7e0d45c                do_bootvx
                0xc7e0d2f8                valid_elf_image
                0xc7e0d34c                load_elf_image
 .text          0xc7e0d67c      0x5c0 common/libcommon.a(cmd_flash.o)
                0xc7e0d6bc                do_flinfo
                0xc7e0d69c                flash_sect_erase
                0xc7e0d924                do_protect
                0xc7e0daf0                do_flerase
                0xc7e0d67c                flash_sect_protect
 .text          0xc7e0dc3c      0x2ec common/libcommon.a(cmd_itest.o)
                0xc7e0dca4                binary_test
                0xc7e0de80                do_itest
 .text          0xc7e0df28      0xf78 common/libcommon.a(cmd_load.o)
                0xc7e0dff0                k_data_init
                0xc7e0e188                s1_sendpacket
                0xc7e0e1b0                handle_send_packet
                0xc7e0e084                k_data_restore
                0xc7e0e3a8                send_nack
                0xc7e0e4ac                do_load_serial_bin
                0xc7e0e0e8                k_data_char
                0xc7e0df48                chk1
                0xc7e0e020                k_data_save
                0xc7e0df28                ktrans
                0xc7e0e14c                send_pad
                0xc7e0e414                send_ack
                0xc7e0eb94                do_load_serial
 .text          0xc7e0eea0      0xb34 common/libcommon.a(cmd_mem.o)
                0xc7e0eea0                do_mem_base
                0xc7e0f6f8                do_mem_mw
                0xc7e0eeec                do_mem_crc
                0xc7e0f2d4                do_mem_nm
                0xc7e0f2fc                do_mem_mm
                0xc7e0f41c                do_mem_cp
                0xc7e0efa4                do_mem_mtest
                0xc7e0f54c                do_mem_cmp
                0xc7e0f0d4                cmd_get_data_size
                0xc7e0f324                do_mem_loop
                0xc7e0f7d0                do_mem_md
 .text          0xc7e0f9d4       0x94 common/libcommon.a(cmd_misc.o)
                0xc7e0f9d4                do_sleep
 .text          0xc7e0fa68      0xfb0 common/libcommon.a(cmd_nand.o)
                0xc7e0fbd8                do_nandboot
                0xc7e0fe18                do_nand
 .text          0xc7e10a18      0x380 common/libcommon.a(cmd_net.o)
                0xc7e10d74                do_rarpb
                0xc7e10a18                do_ping
                0xc7e10d80                do_tftpb
                0xc7e10d8c                do_bootp
                0xc7e10d68                do_nfs
 .text          0xc7e10d98      0x8f4 common/libcommon.a(cmd_nvedit.o)
                0xc7e10f0c                getenv
                0xc7e10f8c                _do_setenv
                0xc7e10e10                getenv_r
                0xc7e114e8                do_printenv
                0xc7e114b0                setenv
                0xc7e10ed8                do_saveenv
                0xc7e11464                do_setenv
 .text          0xc7e1168c      0xca4 common/libcommon.a(cmd_usb.o)
                0xc7e12008                usb_display_conf_desc
                0xc7e11a14                usb_show_tree_graph
                0xc7e1168c                usb_get_class_desc
                0xc7e11730                usb_display_ep_desc
                0xc7e11d00                usb_display_desc
                0xc7e11804                usb_display_class_sub
                0xc7e11ccc                usb_show_tree
                0xc7e11f38                usb_display_string
                0xc7e11f70                usb_display_if_desc
                0xc7e120b8                usb_display_config
                0xc7e1214c                do_usb
 .text          0xc7e12330      0x940 common/libcommon.a(command.o)
                0xc7e123cc                do_echo
                0xc7e12ab8                do_setlcd
                0xc7e12630                do_exit
                0xc7e12330                find_cmd
                0xc7e12668                do_test
                0xc7e12458                do_help
                0xc7e12608                do_version
 .text          0xc7e12c70      0x5b8 common/libcommon.a(console.o)
                0xc7e12fa4                console_init_r
                0xc7e12f64                printf
                0xc7e12e38                console_assign
                0xc7e131b0                getc
                0xc7e12f1c                puts
                0xc7e12e1c                dbg
                0xc7e1313c                serial_printf
                0xc7e12d48                ftstc
                0xc7e12ed4                fprintf
                0xc7e13198                tstc
                0xc7e12f38                vprintf
                0xc7e131c8                ctrlc
                0xc7e1317c                putc
                0xc7e12de0                disable_ctrlc
                0xc7e12d18                fgetc
                0xc7e12df8                had_ctrlc
                0xc7e12d78                fputc
                0xc7e12e28                console_init_f
                0xc7e12e08                clear_ctrlc
                0xc7e12dac                fputs
 .text          0xc7e13228       0xfc common/libcommon.a(devices.o)
                0xc7e1324c                device_register
                0xc7e13228                devices_done
                0xc7e13278                devices_init
 .text          0xc7e13324     0x10e8 common/libcommon.a(dlmalloc.o)
                0xc7e13744                malloc
                0xc7e13e84                pvalloc
                0xc7e13ea8                calloc
                0xc7e1335c                malloc_usable_size
                0xc7e13f90                realloc
                0xc7e13414                malloc_trim
                0xc7e13324                malloc_bin_reloc
                0xc7e133a0                mallopt
                0xc7e13d68                memalign
                0xc7e13740                cfree
                0xc7e13e9c                valloc
                0xc7e134e8                free
 .text          0xc7e1440c      0x138 common/libcommon.a(env_common.o)
                0xc7e1442c                env_get_addr
                0xc7e144a4                env_relocate
                0xc7e14478                env_crc_update
                0xc7e1440c                env_get_char_memory
 .text          0xc7e14544      0x27c common/libcommon.a(env_nand.o)
                0xc7e1465c                env_relocate_spec
                0xc7e146d0                saveenv
                0xc7e1459c                env_get_char_spec
                0xc7e145a8                env_init
 .text          0xc7e147c0       0xc4 common/libcommon.a(exports.o)
                0xc7e147cc                jumptable_init
                0xc7e147c4                get_version
 .text          0xc7e14884      0x364 common/libcommon.a(flash.o)
                0xc7e14a78                flash_write
                0xc7e14884                flash_protect
                0xc7e14990                addr2info
                0xc7e14998                flash_perror
 .text          0xc7e14be8     0x1ce8 common/libcommon.a(hush.o)
                0xc7e14fa0                new_pipe
                0xc7e14d18                mapset
                0xc7e15fcc                parse_string_outer
                0xc7e1592c                update_ifs_map
                0xc7e15f84                parse_file_outer
                0xc7e14c04                simple_itoa
                0xc7e15310                reserved_word
                0xc7e14d3c                u_boot_hush_start
 .text          0xc7e168d0      0x3e0 common/libcommon.a(lists.o)
                0xc7e16bd0                DisposeHandle
                0xc7e16bf0                ListDispose
                0xc7e16a04                ListInsertItems
                0xc7e168d8                ListSetAllocationPolicy
                0xc7e16928                ListGetItemSize
                0xc7e1691c                ListGetDataPtr
                0xc7e16bf4                NewHandle
                0xc7e16988                SetHandleSize
                0xc7e16bc8                ListInsertItem
                0xc7e168d0                GetHandleSize
                0xc7e16934                ListNumItems
                0xc7e168ec                ListGetPtrToItem
                0xc7e16c50                ListCreate
                0xc7e16940                ListGetItems
 .text          0xc7e16cb0      0x2d0 common/libcommon.a(s_record.o)
                0xc7e16d24                srec_decode
 .text          0xc7e16f80     0x16c8 common/libcommon.a(usb.o)
                0xc7e17a84                usb_set_idle
                0xc7e16f98                usb_maxpacket
                0xc7e18414                usb_hub_probe
                0xc7e18618                usb_stop
                0xc7e1857c                usb_init
                0xc7e16f80                usb_disable_asynch
                0xc7e184d8                usb_clear_halt
                0xc7e17348                usb_bulk_msg
                0xc7e179a4                usb_get_class_descriptor
                0xc7e18474                usb_scan_devices
                0xc7e176c0                usb_get_hub_descriptor
                0xc7e174ac                usb_get_port_status
                0xc7e17324                usb_submit_int_msg
                0xc7e17198                usb_parse_config
                0xc7e173b0                usb_control_msg
                0xc7e17ae8                usb_set_protocol
                0xc7e18070                usb_hub_port_connect_change
                0xc7e17bb0                usb_set_interface
                0xc7e170a8                usb_hub_allocate
                0xc7e178a8                usb_string
                0xc7e17a14                usb_get_report
                0xc7e17cc4                usb_get_descriptor
                0xc7e181d8                usb_hub_configure
                0xc7e17720                usb_get_string
                0xc7e17328                wait_ms
                0xc7e17668                usb_clear_hub_feature
                0xc7e17d30                usb_get_configuration_no
                0xc7e17608                usb_clear_port_feature
                0xc7e17564                usb_set_port_feature
                0xc7e17dd0                usb_new_device
                0xc7e1750c                usb_get_hub_status
                0xc7e17b48                usb_set_configuration
                0xc7e16fbc                usb_set_maxpacket
                0xc7e17c7c                usb_set_address
                0xc7e170f4                usb_alloc_new_device
                0xc7e17094                usb_hub_reset
                0xc7e1706c                usb_get_dev_index
 .text          0xc7e18648      0xa08 common/libcommon.a(xyzModem.o)
                0xc7e1877c                xyzModem_error
                0xc7e18818                xyzModem_stream_close
                0xc7e18874                CYGACC_COMM_IF_GETC_TIMEOUT
                0xc7e18648                parse_num
                0xc7e188fc                xyzModem_stream_terminate
                0xc7e18ef0                xyzModem_stream_open
                0xc7e1886c                CYGACC_COMM_IF_PUTC
                0xc7e18c74                xyzModem_stream_read
 .text          0xc7e19050      0x114 common/libcommon.a(cmd_usbd.o)
                0xc7e19050                do_usbd_dnw
 .text          0xc7e19164      0x3bc common/libcommon.a(cmd_movi.o)
                0xc7e19164                do_movi
 .text          0xc7e19520       0x48 common/libcommon.a(crc16.o)
                0xc7e19520                cyg_crc16
 .text          0xc7e19568      0x1f8 lib_generic/libgeneric.a(crc32.o)
                0xc7e19568                crc32
                0xc7e19668                crc32_no_comp
 .text          0xc7e19760        0x0 lib_generic/libgeneric.a(ctype.o)
 .text          0xc7e19760       0xc8 lib_generic/libgeneric.a(display_options.o)
                0xc7e19800                display_options
                0xc7e19760                print_size
 .text          0xc7e19828      0x558 lib_generic/libgeneric.a(string.o)
                0xc7e19828                strcpy
                0xc7e19c88                memscan
                0xc7e19c04                memmove
                0xc7e19be4                memcpy
                0xc7e19b50                strswab
                0xc7e199dc                strnlen
                0xc7e1999c                strrchr
                0xc7e19868                strcat
                0xc7e19d18                memchr
                0xc7e19cac                strstr
                0xc7e1990c                strncmp
                0xc7e19840                strncpy
                0xc7e19bb8                bcopy
                0xc7e19a88                strtok
                0xc7e19c4c                memcmp
                0xc7e19894                strncat
                0xc7e19d44                strdup
                0xc7e19b9c                memset
                0xc7e198e0                strcmp
                0xc7e19b14                strsep
                0xc7e19a04                strspn
                0xc7e1997c                strlen
                0xc7e19950                strchr
                0xc7e19a48                strpbrk
 .text          0xc7e19d80      0x818 lib_generic/libgeneric.a(vsprintf.o)
                0xc7e1a170                vsprintf
                0xc7e19e40                simple_strtol
                0xc7e1a118                panic
                0xc7e1a568                sprintf
                0xc7e19d80                simple_strtoul
 .text          0xc7e1a598     0x2e90 lib_generic/libgeneric.a(zlib.o)
                0xc7e1b4d8                inflate
                0xc7e1af68                inflateInit2
                0xc7e1b3a8                inflateIncomp
                0xc7e1b0b0                adler32
                0xc7e1adf8                inflateReset
                0xc7e1ae60                inflateSync
                0xc7e1b0a8                inflateInit
                0xc7e1ad58                inflateEnd
 .text          0xc7e1d428      0x158 board/samsung/smdk6410/libsmdk6410.a(smdk6410.o)
                0xc7e1d478                dram_init
                0xc7e1d498                virt_to_phy_smdk6410
                0xc7e1d4c8                checkboard
                0xc7e1d428                board_init
                0xc7e1d4e8                board_late_init
 .text          0xc7e1d580      0x600 board/samsung/smdk6410/libsmdk6410.a(flash.o)
                0xc7e1d924                flash_erase
                0xc7e1db34                flash_init
                0xc7e1d804                flash_print_info
                0xc7e1d67c                write_buff
 .text          0xc7e1db80      0x6c8 cpu/s3c64xx/libs3c64xx.a(usb_ohci.o)
                0xc7e1dbfc                rh_check_port_status
                0xc7e1dc24                usb_lowlevel_stop
                0xc7e1dcdc                sohci_submit_job
                0xc7e1dc14                submit_int_msg
                0xc7e1e240                submit_bulk_msg
                0xc7e1dc0c                submit_control_msg
                0xc7e1dc1c                usb_lowlevel_init
                0xc7e1dc04                submit_common_msg
 .text          0xc7e1e248      0x114 cpu/s3c64xx/libs3c64xx.a(nand.o)
                0xc7e1e2dc                board_nand_init
 .text          0xc7e1e35c     0x2b7c cpu/s3c64xx/libs3c64xx.a(usbd-otg-hs.o)
                0xc7e2003c                s3c_usb_dma_in_done
                0xc7e2014c                s3c_usb_set_all_outep_nak
                0xc7e20494                s3c_usb_clear_upfile_info
                0xc7e206d8                s3c_usb_verify_checksum
                0xc7e20504                s3c_usb_set_opmode
                0xc7e2096c                s3c_usb_pkt_receive
                0xc7e20b54                s3c_usb_transfer
                0xc7e20454                s3c_usb_clear_dnfile_info
                0xc7e1fa28                s3c_usb_int_bulkin
                0xc7e1e420                s3c_usb_set_inep_xfersize
                0xc7e1ed78                s3c_usb_transfer_ep0
                0xc7e1ec58                s3c_usb_set_otherspeed_conf_desc
                0xc7e1e3a8                s3c_usb_set_soft_disconnect
                0xc7e20174                s3c_usb_clear_all_outep_nak
                0xc7e20da4                s3c_usbctl_init
                0xc7e202a0                s3c_usb_set_descriptors
                0xc7e2091c                s3c_usb_int_bulkout
                0xc7e20c78                s3c_udc_int_hndlr
                0xc7e1e44c                s3c_usb_set_outep_xfersize
                0xc7e1e418                s3c_usb_stop
                0xc7e1e3d0                s3c_usb_init_device
                0xc7e204d4                s3c_usb_check_setconf
                0xc7e1e7d8                s3c_usb_set_feature
                0xc7e20a38                s3c_usb_dma_out_done
                0xc7e1ea20                s3c_usb_ep0_int_hndlr
                0xc7e2024c                s3c_usb_set_endpoint
                0xc7e207a8                s3c_usb_download_continue
                0xc7e1e4d0                s3c_usb_write_in_fifo
                0xc7e20d14                s3c_usb_wait_cable_insert
                0xc7e1e744                s3c_usb_clear_feature
                0xc7e1e410                s3c_usbc_activate
                0xc7e1e47c                s3c_usb_write_ep0_fifo
                0xc7e1fe20                s3c_usb_download_start
                0xc7e2019c                s3c_usb_set_max_pktsize
                0xc7e1e394                s3c_usb_check_current_mode
                0xc7e1e950                s3c_usb_get_status
                0xc7e2043c                s3c_usb_check_speed
                0xc7e1fbf4                s3c_usb_upload_start
                0xc7e1e378                s3c_usb_init_core
                0xc7e1e3bc                s3c_usb_clear_soft_disconnect
                0xc7e1e35c                s3c_usb_core_soft_reset
                0xc7e209ec                s3c_usb_print_pkt
                0xc7e2063c                s3c_usb_set_init
                0xc7e205d4                s3c_usb_reset
                0xc7e1e574                s3c_usb_get_desc
                0xc7e1e524                s3c_usb_read_out_fifo
                0xc7e20d64                s3c_usb_init_phy
 .text          0xc7e20ed8      0x3c4 lib_arm/libarm.a(armlinux.o)
                0xc7e20ef8                do_bootm_linux
 .text          0xc7e2129c        0x4 lib_arm/libarm.a(cache.o)
                0xc7e2129c                flush_cache
 .text          0xc7e212a0      0x298 rtc/librtc.a(date.o)
                0xc7e212a0                GregorianDay
                0xc7e214a4                mktime
                0xc7e21394                to_tm
 .text          0xc7e21538      0x244 rtc/librtc.a(s3c64xx_rtc.o)
                0xc7e215c0                rtc_set
                0xc7e21754                rtc_reset
                0xc7e21660                rtc_get
 .text          0xc7e2177c      0xe98 drivers/nand/libnand.a(nand_util.o)
                0xc7e21784                nand_lock
                0xc7e217d8                nand_unlock
                0xc7e218f0                nand_get_lock_status
                0xc7e222a8                nand_erase_opts
                0xc7e2197c                nand_read_opts
                0xc7e21d44                nand_write_opts
 .text          0xc7e22614      0x120 lib_generic/libgeneric.a(div64.o)
                0xc7e22614                __div64_32
 .text          0xc7e22734      0x114 /usr/local/arm/4.2.2-eabi/usr/bin-ccache/../lib/gcc/arm-unknown-linux-gnueabi/4.2.2/libgcc.a(_udivsi3.o)
                0xc7e22734                __udivsi3
                0xc7e22734                __aeabi_uidiv
                0xc7e22830                __aeabi_uidivmod
 .text          0xc7e22848      0x144 /usr/local/arm/4.2.2-eabi/usr/bin-ccache/../lib/gcc/arm-unknown-linux-gnueabi/4.2.2/libgcc.a(_divsi3.o)
                0xc7e22848                __aeabi_idiv
                0xc7e22848                __divsi3
                0xc7e22974                __aeabi_idivmod
 .text          0xc7e2298c       0x1c /usr/local/arm/4.2.2-eabi/usr/bin-ccache/../lib/gcc/arm-unknown-linux-gnueabi/4.2.2/libgcc.a(_ashrdi3.o)
                0xc7e2298c                __ashrdi3
                0xc7e2298c                __aeabi_lasr
 .text          0xc7e229a8       0x1c /usr/local/arm/4.2.2-eabi/usr/bin-ccache/../lib/gcc/arm-unknown-linux-gnueabi/4.2.2/libgcc.a(_ashldi3.o)
                0xc7e229a8                __ashldi3
                0xc7e229a8                __aeabi_llsl
 lib_arm/div0.o()
 .data          0xc7e229c4        0x0 lib_arm/div0.o
 .bss           0xc7e229c4        0x0 lib_arm/div0.o
 .debug_abbrev  0xc7e229c4       0x29 lib_arm/div0.o
 .debug_info    0xc7e229ed       0x5f lib_arm/div0.o
 .debug_line    0xc7e22a4c       0x41 lib_arm/div0.o
 *fill*         0xc7e22a8d        0x3 00
 .debug_frame   0xc7e22a90       0x40 lib_arm/div0.o
 .debug_pubnames
                0xc7e22ad0       0x39 lib_arm/div0.o
 .debug_aranges
                0xc7e22b09       0x20 lib_arm/div0.o
 .debug_str     0xc7e22b29       0x67 lib_arm/div0.o
 .comment       0xc7e22b90       0x12 lib_arm/div0.o
 .ARM.attributes
                0xc7e22ba2       0x18 lib_arm/div0.o
 *fill*         0xc7e22bba        0x2 00
 .glue_7        0xc7e22bbc        0x0 lib_arm/div0.o
 .glue_7t       0xc7e22bbc        0x0 lib_arm/div0.o
 .vfp11_veneer  0xc7e22bbc        0x0 lib_arm/div0.o

.glue_7         0xc7e22bbc        0x0
 .glue_7        0xc7e22bbc        0x0 cpu/s3c64xx/start.o
 .glue_7        0xc7e22bbc        0x0 cpu/s3c64xx/s3c6410/cpu_init.o
 .glue_7        0xc7e22bbc        0x0 cpu/s3c64xx/onenand_cp.o
 .glue_7        0xc7e22bbc        0x0 cpu/s3c64xx/nand_cp.o
 .glue_7        0xc7e22bbc        0x0 cpu/s3c64xx/movi.o
 .glue_7        0xc7e22bbc        0x0 board/samsung/smdk6410/libsmdk6410.a(lowlevel_init.o)
 .glue_7        0xc7e22bbc        0x0 cpu/s3c64xx/libs3c64xx.a(interrupts.o)
 .glue_7        0xc7e22bbc        0x0 cpu/s3c64xx/libs3c64xx.a(cpu.o)
 .glue_7        0xc7e22bbc        0x0 cpu/s3c64xx/libs3c64xx.a(hs_mmc.o)
 .glue_7        0xc7e22bbc        0x0 cpu/s3c64xx/libs3c64xx.a(serial.o)
 .glue_7        0xc7e22bbc        0x0 cpu/s3c64xx/s3c6410/libs3c6410.a(speed.o)
 .glue_7        0xc7e22bbc        0x0 lib_arm/libarm.a(board.o)
 .glue_7        0xc7e22bbc        0x0 net/libnet.a(net.o)
 .glue_7        0xc7e22bbc        0x0 net/libnet.a(tftp.o)
 .glue_7        0xc7e22bbc        0x0 net/libnet.a(bootp.o)
 .glue_7        0xc7e22bbc        0x0 net/libnet.a(rarp.o)
 .glue_7        0xc7e22bbc        0x0 net/libnet.a(eth.o)
 .glue_7        0xc7e22bbc        0x0 net/libnet.a(nfs.o)
 .glue_7        0xc7e22bbc        0x0 drivers/libdrivers.a(dm9000x.o)
 .glue_7        0xc7e22bbc        0x0 drivers/nand/libnand.a(nand.o)
 .glue_7        0xc7e22bbc        0x0 drivers/nand/libnand.a(nand_base.o)
 .glue_7        0xc7e22bbc        0x0 drivers/nand/libnand.a(nand_ids.o)
 .glue_7        0xc7e22bbc        0x0 drivers/nand/libnand.a(nand_ecc.o)
 .glue_7        0xc7e22bbc        0x0 drivers/nand/libnand.a(nand_bbt.o)
 .glue_7        0xc7e22bbc        0x0 common/libcommon.a(main.o)
 .glue_7        0xc7e22bbc        0x0 common/libcommon.a(cmd_bdinfo.o)
 .glue_7        0xc7e22bbc        0x0 common/libcommon.a(cmd_boot.o)
 .glue_7        0xc7e22bbc        0x0 common/libcommon.a(cmd_bootm.o)
 .glue_7        0xc7e22bbc        0x0 common/libcommon.a(cmd_cache.o)
 .glue_7        0xc7e22bbc        0x0 common/libcommon.a(cmd_date.o)
 .glue_7        0xc7e22bbc        0x0 common/libcommon.a(cmd_elf.o)
 .glue_7        0xc7e22bbc        0x0 common/libcommon.a(cmd_flash.o)
 .glue_7        0xc7e22bbc        0x0 common/libcommon.a(cmd_itest.o)
 .glue_7        0xc7e22bbc        0x0 common/libcommon.a(cmd_load.o)
 .glue_7        0xc7e22bbc        0x0 common/libcommon.a(cmd_mem.o)
 .glue_7        0xc7e22bbc        0x0 common/libcommon.a(cmd_misc.o)
 .glue_7        0xc7e22bbc        0x0 common/libcommon.a(cmd_nand.o)
 .glue_7        0xc7e22bbc        0x0 common/libcommon.a(cmd_net.o)
 .glue_7        0xc7e22bbc        0x0 common/libcommon.a(cmd_nvedit.o)
 .glue_7        0xc7e22bbc        0x0 common/libcommon.a(cmd_usb.o)
 .glue_7        0xc7e22bbc        0x0 common/libcommon.a(command.o)
 .glue_7        0xc7e22bbc        0x0 common/libcommon.a(console.o)
 .glue_7        0xc7e22bbc        0x0 common/libcommon.a(devices.o)
 .glue_7        0xc7e22bbc        0x0 common/libcommon.a(dlmalloc.o)
 .glue_7        0xc7e22bbc        0x0 common/libcommon.a(env_common.o)
 .glue_7        0xc7e22bbc        0x0 common/libcommon.a(env_nand.o)
 .glue_7        0xc7e22bbc        0x0 common/libcommon.a(exports.o)
 .glue_7        0xc7e22bbc        0x0 common/libcommon.a(flash.o)
 .glue_7        0xc7e22bbc        0x0 common/libcommon.a(hush.o)
 .glue_7        0xc7e22bbc        0x0 common/libcommon.a(lists.o)
 .glue_7        0xc7e22bbc        0x0 common/libcommon.a(s_record.o)
 .glue_7        0xc7e22bbc        0x0 common/libcommon.a(usb.o)
 .glue_7        0xc7e22bbc        0x0 common/libcommon.a(xyzModem.o)
 .glue_7        0xc7e22bbc        0x0 common/libcommon.a(cmd_usbd.o)
 .glue_7        0xc7e22bbc        0x0 common/libcommon.a(cmd_movi.o)
 .glue_7        0xc7e22bbc        0x0 common/libcommon.a(crc16.o)
 .glue_7        0xc7e22bbc        0x0 lib_generic/libgeneric.a(crc32.o)
 .glue_7        0xc7e22bbc        0x0 lib_generic/libgeneric.a(ctype.o)
 .glue_7        0xc7e22bbc        0x0 lib_generic/libgeneric.a(display_options.o)
 .glue_7        0xc7e22bbc        0x0 lib_generic/libgeneric.a(string.o)
 .glue_7        0xc7e22bbc        0x0 lib_generic/libgeneric.a(vsprintf.o)
 .glue_7        0xc7e22bbc        0x0 lib_generic/libgeneric.a(zlib.o)
 .glue_7        0xc7e22bbc        0x0 board/samsung/smdk6410/libsmdk6410.a(smdk6410.o)
 .glue_7        0xc7e22bbc        0x0 board/samsung/smdk6410/libsmdk6410.a(flash.o)
 .glue_7        0xc7e22bbc        0x0 cpu/s3c64xx/libs3c64xx.a(usb_ohci.o)
 .glue_7        0xc7e22bbc        0x0 cpu/s3c64xx/libs3c64xx.a(nand.o)
 .glue_7        0xc7e22bbc        0x0 cpu/s3c64xx/libs3c64xx.a(usbd-otg-hs.o)
 .glue_7        0xc7e22bbc        0x0 lib_arm/libarm.a(armlinux.o)
 .glue_7        0xc7e22bbc        0x0 lib_arm/libarm.a(cache.o)
 .glue_7        0xc7e22bbc        0x0 rtc/librtc.a(date.o)
 .glue_7        0xc7e22bbc        0x0 rtc/librtc.a(s3c64xx_rtc.o)
 .glue_7        0xc7e22bbc        0x0 drivers/nand/libnand.a(nand_util.o)
 .glue_7        0xc7e22bbc        0x0 lib_generic/libgeneric.a(div64.o)
 .glue_7        0xc7e22bbc        0x0 /usr/local/arm/4.2.2-eabi/usr/bin-ccache/../lib/gcc/arm-unknown-linux-gnueabi/4.2.2/libgcc.a(_udivsi3.o)
 .glue_7        0xc7e22bbc        0x0 /usr/local/arm/4.2.2-eabi/usr/bin-ccache/../lib/gcc/arm-unknown-linux-gnueabi/4.2.2/libgcc.a(_divsi3.o)
 .glue_7        0xc7e22bbc        0x0 /usr/local/arm/4.2.2-eabi/usr/bin-ccache/../lib/gcc/arm-unknown-linux-gnueabi/4.2.2/libgcc.a(_ashrdi3.o)
 .glue_7        0xc7e22bbc        0x0 /usr/local/arm/4.2.2-eabi/usr/bin-ccache/../lib/gcc/arm-unknown-linux-gnueabi/4.2.2/libgcc.a(_ashldi3.o)

.glue_7t        0xc7e22bbc        0x0
 .glue_7t       0xc7e22bbc        0x0 cpu/s3c64xx/start.o
 .glue_7t       0xc7e22bbc        0x0 cpu/s3c64xx/s3c6410/cpu_init.o
 .glue_7t       0xc7e22bbc        0x0 cpu/s3c64xx/onenand_cp.o
 .glue_7t       0xc7e22bbc        0x0 cpu/s3c64xx/nand_cp.o
 .glue_7t       0xc7e22bbc        0x0 cpu/s3c64xx/movi.o
 .glue_7t       0xc7e22bbc        0x0 board/samsung/smdk6410/libsmdk6410.a(lowlevel_init.o)
 .glue_7t       0xc7e22bbc        0x0 cpu/s3c64xx/libs3c64xx.a(interrupts.o)
 .glue_7t       0xc7e22bbc        0x0 cpu/s3c64xx/libs3c64xx.a(cpu.o)
 .glue_7t       0xc7e22bbc        0x0 cpu/s3c64xx/libs3c64xx.a(hs_mmc.o)
 .glue_7t       0xc7e22bbc        0x0 cpu/s3c64xx/libs3c64xx.a(serial.o)
 .glue_7t       0xc7e22bbc        0x0 cpu/s3c64xx/s3c6410/libs3c6410.a(speed.o)
 .glue_7t       0xc7e22bbc        0x0 lib_arm/libarm.a(board.o)
 .glue_7t       0xc7e22bbc        0x0 net/libnet.a(net.o)
 .glue_7t       0xc7e22bbc        0x0 net/libnet.a(tftp.o)
 .glue_7t       0xc7e22bbc        0x0 net/libnet.a(bootp.o)
 .glue_7t       0xc7e22bbc        0x0 net/libnet.a(rarp.o)
 .glue_7t       0xc7e22bbc        0x0 net/libnet.a(eth.o)
 .glue_7t       0xc7e22bbc        0x0 net/libnet.a(nfs.o)
 .glue_7t       0xc7e22bbc        0x0 drivers/libdrivers.a(dm9000x.o)
 .glue_7t       0xc7e22bbc        0x0 drivers/nand/libnand.a(nand.o)
 .glue_7t       0xc7e22bbc        0x0 drivers/nand/libnand.a(nand_base.o)
 .glue_7t       0xc7e22bbc        0x0 drivers/nand/libnand.a(nand_ids.o)
 .glue_7t       0xc7e22bbc        0x0 drivers/nand/libnand.a(nand_ecc.o)
 .glue_7t       0xc7e22bbc        0x0 drivers/nand/libnand.a(nand_bbt.o)
 .glue_7t       0xc7e22bbc        0x0 common/libcommon.a(main.o)
 .glue_7t       0xc7e22bbc        0x0 common/libcommon.a(cmd_bdinfo.o)
 .glue_7t       0xc7e22bbc        0x0 common/libcommon.a(cmd_boot.o)
 .glue_7t       0xc7e22bbc        0x0 common/libcommon.a(cmd_bootm.o)
 .glue_7t       0xc7e22bbc        0x0 common/libcommon.a(cmd_cache.o)
 .glue_7t       0xc7e22bbc        0x0 common/libcommon.a(cmd_date.o)
 .glue_7t       0xc7e22bbc        0x0 common/libcommon.a(cmd_elf.o)
 .glue_7t       0xc7e22bbc        0x0 common/libcommon.a(cmd_flash.o)
 .glue_7t       0xc7e22bbc        0x0 common/libcommon.a(cmd_itest.o)
 .glue_7t       0xc7e22bbc        0x0 common/libcommon.a(cmd_load.o)
 .glue_7t       0xc7e22bbc        0x0 common/libcommon.a(cmd_mem.o)
 .glue_7t       0xc7e22bbc        0x0 common/libcommon.a(cmd_misc.o)
 .glue_7t       0xc7e22bbc        0x0 common/libcommon.a(cmd_nand.o)
 .glue_7t       0xc7e22bbc        0x0 common/libcommon.a(cmd_net.o)
 .glue_7t       0xc7e22bbc        0x0 common/libcommon.a(cmd_nvedit.o)
 .glue_7t       0xc7e22bbc        0x0 common/libcommon.a(cmd_usb.o)
 .glue_7t       0xc7e22bbc        0x0 common/libcommon.a(command.o)
 .glue_7t       0xc7e22bbc        0x0 common/libcommon.a(console.o)
 .glue_7t       0xc7e22bbc        0x0 common/libcommon.a(devices.o)
 .glue_7t       0xc7e22bbc        0x0 common/libcommon.a(dlmalloc.o)
 .glue_7t       0xc7e22bbc        0x0 common/libcommon.a(env_common.o)
 .glue_7t       0xc7e22bbc        0x0 common/libcommon.a(env_nand.o)
 .glue_7t       0xc7e22bbc        0x0 common/libcommon.a(exports.o)
 .glue_7t       0xc7e22bbc        0x0 common/libcommon.a(flash.o)
 .glue_7t       0xc7e22bbc        0x0 common/libcommon.a(hush.o)
 .glue_7t       0xc7e22bbc        0x0 common/libcommon.a(lists.o)
 .glue_7t       0xc7e22bbc        0x0 common/libcommon.a(s_record.o)
 .glue_7t       0xc7e22bbc        0x0 common/libcommon.a(usb.o)
 .glue_7t       0xc7e22bbc        0x0 common/libcommon.a(xyzModem.o)
 .glue_7t       0xc7e22bbc        0x0 common/libcommon.a(cmd_usbd.o)
 .glue_7t       0xc7e22bbc        0x0 common/libcommon.a(cmd_movi.o)
 .glue_7t       0xc7e22bbc        0x0 common/libcommon.a(crc16.o)
 .glue_7t       0xc7e22bbc        0x0 lib_generic/libgeneric.a(crc32.o)
 .glue_7t       0xc7e22bbc        0x0 lib_generic/libgeneric.a(ctype.o)
 .glue_7t       0xc7e22bbc        0x0 lib_generic/libgeneric.a(display_options.o)
 .glue_7t       0xc7e22bbc        0x0 lib_generic/libgeneric.a(string.o)
 .glue_7t       0xc7e22bbc        0x0 lib_generic/libgeneric.a(vsprintf.o)
 .glue_7t       0xc7e22bbc        0x0 lib_generic/libgeneric.a(zlib.o)
 .glue_7t       0xc7e22bbc        0x0 board/samsung/smdk6410/libsmdk6410.a(smdk6410.o)
 .glue_7t       0xc7e22bbc        0x0 board/samsung/smdk6410/libsmdk6410.a(flash.o)
 .glue_7t       0xc7e22bbc        0x0 cpu/s3c64xx/libs3c64xx.a(usb_ohci.o)
 .glue_7t       0xc7e22bbc        0x0 cpu/s3c64xx/libs3c64xx.a(nand.o)
 .glue_7t       0xc7e22bbc        0x0 cpu/s3c64xx/libs3c64xx.a(usbd-otg-hs.o)
 .glue_7t       0xc7e22bbc        0x0 lib_arm/libarm.a(armlinux.o)
 .glue_7t       0xc7e22bbc        0x0 lib_arm/libarm.a(cache.o)
 .glue_7t       0xc7e22bbc        0x0 rtc/librtc.a(date.o)
 .glue_7t       0xc7e22bbc        0x0 rtc/librtc.a(s3c64xx_rtc.o)
 .glue_7t       0xc7e22bbc        0x0 drivers/nand/libnand.a(nand_util.o)
 .glue_7t       0xc7e22bbc        0x0 lib_generic/libgeneric.a(div64.o)
 .glue_7t       0xc7e22bbc        0x0 /usr/local/arm/4.2.2-eabi/usr/bin-ccache/../lib/gcc/arm-unknown-linux-gnueabi/4.2.2/libgcc.a(_udivsi3.o)
 .glue_7t       0xc7e22bbc        0x0 /usr/local/arm/4.2.2-eabi/usr/bin-ccache/../lib/gcc/arm-unknown-linux-gnueabi/4.2.2/libgcc.a(_divsi3.o)
 .glue_7t       0xc7e22bbc        0x0 /usr/local/arm/4.2.2-eabi/usr/bin-ccache/../lib/gcc/arm-unknown-linux-gnueabi/4.2.2/libgcc.a(_ashrdi3.o)
 .glue_7t       0xc7e22bbc        0x0 /usr/local/arm/4.2.2-eabi/usr/bin-ccache/../lib/gcc/arm-unknown-linux-gnueabi/4.2.2/libgcc.a(_ashldi3.o)

.vfp11_veneer   0xc7e22bbc        0x0
 .vfp11_veneer  0xc7e22bbc        0x0 cpu/s3c64xx/start.o
 .vfp11_veneer  0xc7e22bbc        0x0 cpu/s3c64xx/s3c6410/cpu_init.o
 .vfp11_veneer  0xc7e22bbc        0x0 cpu/s3c64xx/onenand_cp.o
 .vfp11_veneer  0xc7e22bbc        0x0 cpu/s3c64xx/nand_cp.o
 .vfp11_veneer  0xc7e22bbc        0x0 cpu/s3c64xx/movi.o
 .vfp11_veneer  0xc7e22bbc        0x0 board/samsung/smdk6410/libsmdk6410.a(lowlevel_init.o)
 .vfp11_veneer  0xc7e22bbc        0x0 cpu/s3c64xx/libs3c64xx.a(interrupts.o)
 .vfp11_veneer  0xc7e22bbc        0x0 cpu/s3c64xx/libs3c64xx.a(cpu.o)
 .vfp11_veneer  0xc7e22bbc        0x0 cpu/s3c64xx/libs3c64xx.a(hs_mmc.o)
 .vfp11_veneer  0xc7e22bbc        0x0 cpu/s3c64xx/libs3c64xx.a(serial.o)
 .vfp11_veneer  0xc7e22bbc        0x0 cpu/s3c64xx/s3c6410/libs3c6410.a(speed.o)
 .vfp11_veneer  0xc7e22bbc        0x0 lib_arm/libarm.a(board.o)
 .vfp11_veneer  0xc7e22bbc        0x0 net/libnet.a(net.o)
 .vfp11_veneer  0xc7e22bbc        0x0 net/libnet.a(tftp.o)
 .vfp11_veneer  0xc7e22bbc        0x0 net/libnet.a(bootp.o)
 .vfp11_veneer  0xc7e22bbc        0x0 net/libnet.a(rarp.o)
 .vfp11_veneer  0xc7e22bbc        0x0 net/libnet.a(eth.o)
 .vfp11_veneer  0xc7e22bbc        0x0 net/libnet.a(nfs.o)
 .vfp11_veneer  0xc7e22bbc        0x0 drivers/libdrivers.a(dm9000x.o)
 .vfp11_veneer  0xc7e22bbc        0x0 drivers/nand/libnand.a(nand.o)
 .vfp11_veneer  0xc7e22bbc        0x0 drivers/nand/libnand.a(nand_base.o)
 .vfp11_veneer  0xc7e22bbc        0x0 drivers/nand/libnand.a(nand_ids.o)
 .vfp11_veneer  0xc7e22bbc        0x0 drivers/nand/libnand.a(nand_ecc.o)
 .vfp11_veneer  0xc7e22bbc        0x0 drivers/nand/libnand.a(nand_bbt.o)
 .vfp11_veneer  0xc7e22bbc        0x0 common/libcommon.a(main.o)
 .vfp11_veneer  0xc7e22bbc        0x0 common/libcommon.a(cmd_bdinfo.o)
 .vfp11_veneer  0xc7e22bbc        0x0 common/libcommon.a(cmd_boot.o)
 .vfp11_veneer  0xc7e22bbc        0x0 common/libcommon.a(cmd_bootm.o)
 .vfp11_veneer  0xc7e22bbc        0x0 common/libcommon.a(cmd_cache.o)
 .vfp11_veneer  0xc7e22bbc        0x0 common/libcommon.a(cmd_date.o)
 .vfp11_veneer  0xc7e22bbc        0x0 common/libcommon.a(cmd_elf.o)
 .vfp11_veneer  0xc7e22bbc        0x0 common/libcommon.a(cmd_flash.o)
 .vfp11_veneer  0xc7e22bbc        0x0 common/libcommon.a(cmd_itest.o)
 .vfp11_veneer  0xc7e22bbc        0x0 common/libcommon.a(cmd_load.o)
 .vfp11_veneer  0xc7e22bbc        0x0 common/libcommon.a(cmd_mem.o)
 .vfp11_veneer  0xc7e22bbc        0x0 common/libcommon.a(cmd_misc.o)
 .vfp11_veneer  0xc7e22bbc        0x0 common/libcommon.a(cmd_nand.o)
 .vfp11_veneer  0xc7e22bbc        0x0 common/libcommon.a(cmd_net.o)
 .vfp11_veneer  0xc7e22bbc        0x0 common/libcommon.a(cmd_nvedit.o)
 .vfp11_veneer  0xc7e22bbc        0x0 common/libcommon.a(cmd_usb.o)
 .vfp11_veneer  0xc7e22bbc        0x0 common/libcommon.a(command.o)
 .vfp11_veneer  0xc7e22bbc        0x0 common/libcommon.a(console.o)
 .vfp11_veneer  0xc7e22bbc        0x0 common/libcommon.a(devices.o)
 .vfp11_veneer  0xc7e22bbc        0x0 common/libcommon.a(dlmalloc.o)
 .vfp11_veneer  0xc7e22bbc        0x0 common/libcommon.a(env_common.o)
 .vfp11_veneer  0xc7e22bbc        0x0 common/libcommon.a(env_nand.o)
 .vfp11_veneer  0xc7e22bbc        0x0 common/libcommon.a(exports.o)
 .vfp11_veneer  0xc7e22bbc        0x0 common/libcommon.a(flash.o)
 .vfp11_veneer  0xc7e22bbc        0x0 common/libcommon.a(hush.o)
 .vfp11_veneer  0xc7e22bbc        0x0 common/libcommon.a(lists.o)
 .vfp11_veneer  0xc7e22bbc        0x0 common/libcommon.a(s_record.o)
 .vfp11_veneer  0xc7e22bbc        0x0 common/libcommon.a(usb.o)
 .vfp11_veneer  0xc7e22bbc        0x0 common/libcommon.a(xyzModem.o)
 .vfp11_veneer  0xc7e22bbc        0x0 common/libcommon.a(cmd_usbd.o)
 .vfp11_veneer  0xc7e22bbc        0x0 common/libcommon.a(cmd_movi.o)
 .vfp11_veneer  0xc7e22bbc        0x0 common/libcommon.a(crc16.o)
 .vfp11_veneer  0xc7e22bbc        0x0 lib_generic/libgeneric.a(crc32.o)
 .vfp11_veneer  0xc7e22bbc        0x0 lib_generic/libgeneric.a(ctype.o)
 .vfp11_veneer  0xc7e22bbc        0x0 lib_generic/libgeneric.a(display_options.o)
 .vfp11_veneer  0xc7e22bbc        0x0 lib_generic/libgeneric.a(string.o)
 .vfp11_veneer  0xc7e22bbc        0x0 lib_generic/libgeneric.a(vsprintf.o)
 .vfp11_veneer  0xc7e22bbc        0x0 lib_generic/libgeneric.a(zlib.o)
 .vfp11_veneer  0xc7e22bbc        0x0 board/samsung/smdk6410/libsmdk6410.a(smdk6410.o)
 .vfp11_veneer  0xc7e22bbc        0x0 board/samsung/smdk6410/libsmdk6410.a(flash.o)
 .vfp11_veneer  0xc7e22bbc        0x0 cpu/s3c64xx/libs3c64xx.a(usb_ohci.o)
 .vfp11_veneer  0xc7e22bbc        0x0 cpu/s3c64xx/libs3c64xx.a(nand.o)
 .vfp11_veneer  0xc7e22bbc        0x0 cpu/s3c64xx/libs3c64xx.a(usbd-otg-hs.o)
 .vfp11_veneer  0xc7e22bbc        0x0 lib_arm/libarm.a(armlinux.o)
 .vfp11_veneer  0xc7e22bbc        0x0 lib_arm/libarm.a(cache.o)
 .vfp11_veneer  0xc7e22bbc        0x0 rtc/librtc.a(date.o)
 .vfp11_veneer  0xc7e22bbc        0x0 rtc/librtc.a(s3c64xx_rtc.o)
 .vfp11_veneer  0xc7e22bbc        0x0 drivers/nand/libnand.a(nand_util.o)
 .vfp11_veneer  0xc7e22bbc        0x0 lib_generic/libgeneric.a(div64.o)
 .vfp11_veneer  0xc7e22bbc        0x0 /usr/local/arm/4.2.2-eabi/usr/bin-ccache/../lib/gcc/arm-unknown-linux-gnueabi/4.2.2/libgcc.a(_udivsi3.o)
 .vfp11_veneer  0xc7e22bbc        0x0 /usr/local/arm/4.2.2-eabi/usr/bin-ccache/../lib/gcc/arm-unknown-linux-gnueabi/4.2.2/libgcc.a(_divsi3.o)
 .vfp11_veneer  0xc7e22bbc        0x0 /usr/local/arm/4.2.2-eabi/usr/bin-ccache/../lib/gcc/arm-unknown-linux-gnueabi/4.2.2/libgcc.a(_ashrdi3.o)
 .vfp11_veneer  0xc7e22bbc        0x0 /usr/local/arm/4.2.2-eabi/usr/bin-ccache/../lib/gcc/arm-unknown-linux-gnueabi/4.2.2/libgcc.a(_ashldi3.o)
                0xc7e22bbc                . = ALIGN (0x4)

.rodata         0xc7e22bbc      0x994
 *(.rodata)
 .rodata        0xc7e22bbc       0x80 cpu/s3c64xx/libs3c64xx.a(interrupts.o)
 .rodata        0xc7e22c3c       0x44 lib_arm/libarm.a(board.o)
                0xc7e22c3c                version_string
 .rodata        0xc7e22c80        0x8 net/libnet.a(net.o)
 .rodata        0xc7e22c88        0x8 drivers/nand/libnand.a(nand.o)
 .rodata        0xc7e22c90       0x48 drivers/nand/libnand.a(nand_base.o)
 .rodata        0xc7e22cd8      0x100 drivers/nand/libnand.a(nand_ecc.o)
 .rodata        0xc7e22dd8       0x14 common/libcommon.a(cmd_nvedit.o)
 .rodata        0xc7e22dec      0x200 common/libcommon.a(crc16.o)
 .rodata        0xc7e22fec      0x400 lib_generic/libgeneric.a(crc32.o)
 .rodata        0xc7e233ec       0x90 lib_generic/libgeneric.a(zlib.o)
 .rodata        0xc7e2347c       0xa2 cpu/s3c64xx/libs3c64xx.a(usbd-otg-hs.o)
                0xc7e2347c                string_desc0
                0xc7e234fe                config_high_total
                0xc7e234d5                config_full_total
                0xc7e234f5                config_high
                0xc7e23480                string_desc1
                0xc7e234c2                qualifier_desc
                0xc7e234cc                config_full
                0xc7e23496                string_desc2
 *fill*         0xc7e2351e        0x2 00
 .rodata        0xc7e23520       0x30 rtc/librtc.a(date.o)

.rodata.str1.4  0xc7e23550     0x67b0
 .rodata.str1.4
                0xc7e23550       0x1e cpu/s3c64xx/movi.o
                                 0x20 (size before relaxing)
 *fill*         0xc7e2356e        0x2 00
 .rodata.str1.4
                0xc7e23570      0x293 cpu/s3c64xx/libs3c64xx.a(interrupts.o)
                                0x29c (size before relaxing)
 *fill*         0xc7e23803        0x1 00
 .rodata.str1.4
                0xc7e23804        0xd cpu/s3c64xx/libs3c64xx.a(cpu.o)
                                 0x10 (size before relaxing)
 *fill*         0xc7e23811        0x3 00
 .rodata.str1.4
                0xc7e23814      0x213 cpu/s3c64xx/libs3c64xx.a(hs_mmc.o)
                                0x218 (size before relaxing)
 *fill*         0xc7e23a27        0x1 00
 .rodata.str1.4
                0xc7e23a28      0x18b cpu/s3c64xx/s3c6410/libs3c6410.a(speed.o)
                                0x18c (size before relaxing)
 *fill*         0xc7e23bb3        0x1 00
 .rodata.str1.4
                0xc7e23bb4       0x89 lib_arm/libarm.a(board.o)
                                 0x90 (size before relaxing)
 *fill*         0xc7e23c3d        0x3 00
 .rodata.str1.4
                0xc7e23c40      0x1e9 net/libnet.a(net.o)
                                0x1f0 (size before relaxing)
 *fill*         0xc7e23e29        0x3 00
 .rodata.str1.4
                0xc7e23e2c      0x1c5 net/libnet.a(tftp.o)
                                0x1d4 (size before relaxing)
 *fill*         0xc7e23ff1        0x3 00
 .rodata.str1.4
                0xc7e23ff4       0x84 net/libnet.a(bootp.o)
                                 0xb8 (size before relaxing)
 .rodata.str1.4
                0xc7e24078       0x13 net/libnet.a(rarp.o)
                                 0x4c (size before relaxing)
 *fill*         0xc7e2408b        0x1 00
 .rodata.str1.4
                0xc7e2408c      0x101 net/libnet.a(nfs.o)
                                0x18c (size before relaxing)
 *fill*         0xc7e2418d        0x3 00
 .rodata.str1.4
                0xc7e24190      0x15f drivers/libdrivers.a(dm9000x.o)
                                0x168 (size before relaxing)
 *fill*         0xc7e242ef        0x1 00
 .rodata.str1.4
                0xc7e242f0        0x8 drivers/nand/libnand.a(nand.o)
                                  0xc (size before relaxing)
 .rodata.str1.4
                0xc7e242f8      0x26d drivers/nand/libnand.a(nand_base.o)
                                0x270 (size before relaxing)
 *fill*         0xc7e24565        0x3 00
 .rodata.str1.4
                0xc7e24568      0x444 drivers/nand/libnand.a(nand_ids.o)
 .rodata.str1.4
                0xc7e249ac      0x284 drivers/nand/libnand.a(nand_bbt.o)
 .rodata.str1.4
                0xc7e24c30       0xb8 common/libcommon.a(main.o)
                                 0xbc (size before relaxing)
 .rodata.str1.4
                0xc7e24ce8       0xbe common/libcommon.a(cmd_bdinfo.o)
                                 0xc0 (size before relaxing)
 *fill*         0xc7e24da6        0x2 00
 .rodata.str1.4
                0xc7e24da8      0x10c common/libcommon.a(cmd_boot.o)
                                0x118 (size before relaxing)
 .rodata.str1.4
                0xc7e24eb4      0x6e3 common/libcommon.a(cmd_bootm.o)
                                0x70c (size before relaxing)
 *fill*         0xc7e25597        0x1 00
 .rodata.str1.4
                0xc7e25598      0x1ba common/libcommon.a(cmd_cache.o)
                                0x1d0 (size before relaxing)
 *fill*         0xc7e25752        0x2 00
 .rodata.str1.4
                0xc7e25754      0x16c common/libcommon.a(cmd_date.o)
                                0x180 (size before relaxing)
 .rodata.str1.4
                0xc7e258c0      0x2b9 common/libcommon.a(cmd_elf.o)
                                0x2c8 (size before relaxing)
 *fill*         0xc7e25b79        0x3 00
 .rodata.str1.4
                0xc7e25b7c      0x607 common/libcommon.a(cmd_flash.o)
                                0x620 (size before relaxing)
 *fill*         0xc7e26183        0x1 00
 .rodata.str1.4
                0xc7e26184       0xcf common/libcommon.a(cmd_itest.o)
                                 0xdc (size before relaxing)
 *fill*         0xc7e26253        0x1 00
 .rodata.str1.4
                0xc7e26254      0x377 common/libcommon.a(cmd_load.o)
                                0x398 (size before relaxing)
 *fill*         0xc7e265cb        0x1 00
 .rodata.str1.4
                0xc7e265cc      0x62a common/libcommon.a(cmd_mem.o)
                                0x648 (size before relaxing)
 *fill*         0xc7e26bf6        0x2 00
 .rodata.str1.4
                0xc7e26bf8       0x70 common/libcommon.a(cmd_misc.o)
                                 0x7c (size before relaxing)
 .rodata.str1.4
                0xc7e26c68      0x9a9 common/libcommon.a(cmd_nand.o)
                                0x9e0 (size before relaxing)
 *fill*         0xc7e27611        0x3 00
 .rodata.str1.4
                0xc7e27614      0x229 common/libcommon.a(cmd_net.o)
                                0x27c (size before relaxing)
 *fill*         0xc7e2783d        0x3 00
 .rodata.str1.4
                0xc7e27840      0x2bc common/libcommon.a(cmd_nvedit.o)
                                0x330 (size before relaxing)
 .rodata.str1.4
                0xc7e27afc      0x4be common/libcommon.a(cmd_usb.o)
                                0x504 (size before relaxing)
 *fill*         0xc7e27fba        0x2 00
 .rodata.str1.4
                0xc7e27fbc      0x58c common/libcommon.a(command.o)
                                0x5c0 (size before relaxing)
 .rodata.str1.4
                0xc7e28548       0x81 common/libcommon.a(console.o)
                                 0x88 (size before relaxing)
 *fill*         0xc7e285c9        0x3 00
 .rodata.str1.4
                0xc7e285cc       0x2f common/libcommon.a(devices.o)
                                 0x48 (size before relaxing)
 *fill*         0xc7e285fb        0x1 00
 .rodata.str1.4
                0xc7e285fc       0x33 common/libcommon.a(env_common.o)
                                 0x34 (size before relaxing)
 *fill*         0xc7e2862f        0x1 00
 .rodata.str1.4
                0xc7e28630       0x95 common/libcommon.a(env_nand.o)
                                 0xa0 (size before relaxing)
 *fill*         0xc7e286c5        0x3 00
 .rodata.str1.4
                0xc7e286c8      0x120 common/libcommon.a(flash.o)
 .rodata.str1.4
                0xc7e287e8      0x191 common/libcommon.a(hush.o)
                                0x1d4 (size before relaxing)
 *fill*         0xc7e28979        0x3 00
 .rodata.str1.4
                0xc7e2897c      0x278 common/libcommon.a(usb.o)
 .rodata.str1.4
                0xc7e28bf4       0xf1 common/libcommon.a(xyzModem.o)
                                 0xf8 (size before relaxing)
 *fill*         0xc7e28ce5        0x3 00
 .rodata.str1.4
                0xc7e28ce8       0x94 common/libcommon.a(cmd_usbd.o)
                                 0xa0 (size before relaxing)
 .rodata.str1.4
                0xc7e28d7c      0x398 common/libcommon.a(cmd_movi.o)
                                0x3b8 (size before relaxing)
 .rodata.str1.4
                0xc7e29114       0x17 lib_generic/libgeneric.a(display_options.o)
                                 0x20 (size before relaxing)
 *fill*         0xc7e2912b        0x1 00
 .rodata.str1.4
                0xc7e2912c       0x57 lib_generic/libgeneric.a(vsprintf.o)
                                 0x58 (size before relaxing)
 *fill*         0xc7e29183        0x1 00
 .rodata.str1.4
                0xc7e29184      0x20d lib_generic/libgeneric.a(zlib.o)
                                0x214 (size before relaxing)
 *fill*         0xc7e29391        0x3 00
 .rodata.str1.4
                0xc7e29394       0x8f board/samsung/smdk6410/libsmdk6410.a(smdk6410.o)
                                 0xa8 (size before relaxing)
 *fill*         0xc7e29423        0x1 00
 .rodata.str1.4
                0xc7e29424       0xf9 board/samsung/smdk6410/libsmdk6410.a(flash.o)
                                0x108 (size before relaxing)
 *fill*         0xc7e2951d        0x3 00
 .rodata.str1.4
                0xc7e29520       0xc5 cpu/s3c64xx/libs3c64xx.a(usb_ohci.o)
                                 0xc8 (size before relaxing)
 *fill*         0xc7e295e5        0x3 00
 .rodata.str1.4
                0xc7e295e8      0x14e cpu/s3c64xx/libs3c64xx.a(usbd-otg-hs.o)
                                0x158 (size before relaxing)
 *fill*         0xc7e29736        0x2 00
 .rodata.str1.4
                0xc7e29738       0x6f lib_arm/libarm.a(armlinux.o)
                                 0xc4 (size before relaxing)
 *fill*         0xc7e297a7        0x1 00
 .rodata.str1.4
                0xc7e297a8      0x558 drivers/nand/libnand.a(nand_util.o)
                                0x55c (size before relaxing)
                0xc7e29d00                . = ALIGN (0x4)

.data           0xc7e29d00     0x2170
 *(.data)
 .data          0xc7e29d00        0x0 cpu/s3c64xx/start.o
 .data          0xc7e29d00        0x0 cpu/s3c64xx/s3c6410/cpu_init.o
 .data          0xc7e29d00        0x0 cpu/s3c64xx/onenand_cp.o
 .data          0xc7e29d00        0x0 cpu/s3c64xx/nand_cp.o
 .data          0xc7e29d00        0x0 cpu/s3c64xx/movi.o
 .data          0xc7e29d00        0x0 board/samsung/smdk6410/libsmdk6410.a(lowlevel_init.o)
 .data          0xc7e29d00        0x0 cpu/s3c64xx/libs3c64xx.a(interrupts.o)
 .data          0xc7e29d00        0x0 cpu/s3c64xx/libs3c64xx.a(cpu.o)
 .data          0xc7e29d00        0x0 cpu/s3c64xx/libs3c64xx.a(hs_mmc.o)
 .data          0xc7e29d00        0x0 cpu/s3c64xx/libs3c64xx.a(serial.o)
 .data          0xc7e29d00        0x0 cpu/s3c64xx/s3c6410/libs3c6410.a(speed.o)
 .data          0xc7e29d00       0x34 lib_arm/libarm.a(board.o)
                0xc7e29d00                init_sequence
 .data          0xc7e29d34        0xa net/libnet.a(net.o)
                0xc7e29d34                NetBcastAddr
                0xc7e29d3c                NetOurNativeVLAN
                0xc7e29d3a                NetOurVLAN
 .data          0xc7e29d3e        0x0 net/libnet.a(tftp.o)
 .data          0xc7e29d3e        0x0 net/libnet.a(bootp.o)
 .data          0xc7e29d3e        0x0 net/libnet.a(rarp.o)
 .data          0xc7e29d3e        0x0 net/libnet.a(eth.o)
 *fill*         0xc7e29d3e        0x2 00
 .data          0xc7e29d40        0x4 net/libnet.a(nfs.o)
 .data          0xc7e29d44        0x0 drivers/libdrivers.a(dm9000x.o)
 .data          0xc7e29d44        0x4 drivers/nand/libnand.a(nand.o)
                0xc7e29d44                nand_curr_device
 .data          0xc7e29d48      0x940 drivers/nand/libnand.a(nand_base.o)
 .data          0xc7e2a688      0x5e0 drivers/nand/libnand.a(nand_ids.o)
                0xc7e2ac28                nand_manuf_ids
                0xc7e2a688                nand_flash_ids
 .data          0xc7e2ac68        0x0 drivers/nand/libnand.a(nand_ecc.o)
 .data          0xc7e2ac68      0x10c drivers/nand/libnand.a(nand_bbt.o)
 .data          0xc7e2ad74        0x4 common/libcommon.a(main.o)
 .data          0xc7e2ad78        0x0 common/libcommon.a(cmd_bdinfo.o)
 .data          0xc7e2ad78        0x0 common/libcommon.a(cmd_boot.o)
 .data          0xc7e2ad78        0x4 common/libcommon.a(cmd_bootm.o)
                0xc7e2ad78                load_addr
 .data          0xc7e2ad7c        0x0 common/libcommon.a(cmd_cache.o)
 .data          0xc7e2ad7c       0x1c common/libcommon.a(cmd_date.o)
                0xc7e2ad7c                weekdays
 .data          0xc7e2ad98        0x0 common/libcommon.a(cmd_elf.o)
 .data          0xc7e2ad98        0x0 common/libcommon.a(cmd_flash.o)
 .data          0xc7e2ad98       0x68 common/libcommon.a(cmd_itest.o)
                0xc7e2ad98                op_table
 .data          0xc7e2ae00        0x4 common/libcommon.a(cmd_load.o)
 .data          0xc7e2ae04        0x4 common/libcommon.a(cmd_mem.o)
                0xc7e2ae04                dp_last_length
 .data          0xc7e2ae08        0x0 common/libcommon.a(cmd_misc.o)
 .data          0xc7e2ae08        0x0 common/libcommon.a(cmd_nand.o)
 .data          0xc7e2ae08        0x0 common/libcommon.a(cmd_net.o)
 .data          0xc7e2ae08        0x0 common/libcommon.a(cmd_nvedit.o)
 .data          0xc7e2ae08        0x0 common/libcommon.a(cmd_usb.o)
 .data          0xc7e2ae08        0x0 common/libcommon.a(command.o)
 .data          0xc7e2ae08        0x0 common/libcommon.a(console.o)
 .data          0xc7e2ae08        0xc common/libcommon.a(devices.o)
                0xc7e2ae08                stdio_names
 .data          0xc7e2ae14      0x414 common/libcommon.a(dlmalloc.o)
 .data          0xc7e2b228      0x158 common/libcommon.a(env_common.o)
                0xc7e2b228                env_get_char
                0xc7e2b22c                default_environment
                0xc7e2b37c                default_environment_size
 .data          0xc7e2b380        0x4 common/libcommon.a(env_nand.o)
                0xc7e2b380                env_name_spec
 .data          0xc7e2b384        0x0 common/libcommon.a(exports.o)
 .data          0xc7e2b384        0x0 common/libcommon.a(flash.o)
 .data          0xc7e2b384       0x84 common/libcommon.a(hush.o)
 .data          0xc7e2b408        0x0 common/libcommon.a(lists.o)
 .data          0xc7e2b408        0x0 common/libcommon.a(s_record.o)
 .data          0xc7e2b408        0x0 common/libcommon.a(usb.o)
 .data          0xc7e2b408        0x0 common/libcommon.a(xyzModem.o)
 .data          0xc7e2b408        0x0 common/libcommon.a(cmd_usbd.o)
 .data          0xc7e2b408        0x0 common/libcommon.a(cmd_movi.o)
 .data          0xc7e2b408        0x0 common/libcommon.a(crc16.o)
 .data          0xc7e2b408        0x0 lib_generic/libgeneric.a(crc32.o)
 .data          0xc7e2b408      0x100 lib_generic/libgeneric.a(ctype.o)
                0xc7e2b408                _ctype
 .data          0xc7e2b508        0x0 lib_generic/libgeneric.a(display_options.o)
 .data          0xc7e2b508        0x0 lib_generic/libgeneric.a(string.o)
 .data          0xc7e2b508        0x0 lib_generic/libgeneric.a(vsprintf.o)
 .data          0xc7e2b508      0x210 lib_generic/libgeneric.a(zlib.o)
                0xc7e2b508                zlib_version
                0xc7e2b50c                z_errmsg
 .data          0xc7e2b718        0x0 board/samsung/smdk6410/libsmdk6410.a(smdk6410.o)
 .data          0xc7e2b718        0x0 board/samsung/smdk6410/libsmdk6410.a(flash.o)
 .data          0xc7e2b718        0x0 cpu/s3c64xx/libs3c64xx.a(usb_ohci.o)
 .data          0xc7e2b718        0x0 cpu/s3c64xx/libs3c64xx.a(nand.o)
 .data          0xc7e2b718       0x35 cpu/s3c64xx/libs3c64xx.a(usbd-otg-hs.o)
                0xc7e2b718                test_pkt
 .data          0xc7e2b74d        0x0 lib_arm/libarm.a(armlinux.o)
 .data          0xc7e2b74d        0x0 lib_arm/libarm.a(cache.o)
 *fill*         0xc7e2b74d        0x3 00
 .data          0xc7e2b750       0x30 rtc/librtc.a(date.o)
 .data          0xc7e2b780        0x0 rtc/librtc.a(s3c64xx_rtc.o)
 .data          0xc7e2b780      0x6f0 drivers/nand/libnand.a(nand_util.o)
 .data          0xc7e2be70        0x0 lib_generic/libgeneric.a(div64.o)
 .data          0xc7e2be70        0x0 /usr/local/arm/4.2.2-eabi/usr/bin-ccache/../lib/gcc/arm-unknown-linux-gnueabi/4.2.2/libgcc.a(_udivsi3.o)
 .data          0xc7e2be70        0x0 /usr/local/arm/4.2.2-eabi/usr/bin-ccache/../lib/gcc/arm-unknown-linux-gnueabi/4.2.2/libgcc.a(_divsi3.o)
 .data          0xc7e2be70        0x0 /usr/local/arm/4.2.2-eabi/usr/bin-ccache/../lib/gcc/arm-unknown-linux-gnueabi/4.2.2/libgcc.a(_ashrdi3.o)
 .data          0xc7e2be70        0x0 /usr/local/arm/4.2.2-eabi/usr/bin-ccache/../lib/gcc/arm-unknown-linux-gnueabi/4.2.2/libgcc.a(_ashldi3.o)
                0xc7e2be70                . = ALIGN (0x4)

.got
 *(.got)
                0xc7e2be70                __u_boot_cmd_start = .

.u_boot_cmd     0xc7e2be70      0x498
 *(.u_boot_cmd)
 .u_boot_cmd    0xc7e2be70       0x18 common/libcommon.a(cmd_bdinfo.o)
                0xc7e2be70                __u_boot_cmd_bdinfo
 .u_boot_cmd    0xc7e2be88       0x30 common/libcommon.a(cmd_boot.o)
                0xc7e2bea0                __u_boot_cmd_reset
                0xc7e2be88                __u_boot_cmd_go
 .u_boot_cmd    0xc7e2beb8       0x30 common/libcommon.a(cmd_bootm.o)
                0xc7e2beb8                __u_boot_cmd_bootm
                0xc7e2bed0                __u_boot_cmd_imls
 .u_boot_cmd    0xc7e2bee8       0x48 common/libcommon.a(cmd_cache.o)
                0xc7e2bf00                __u_boot_cmd_dcache
                0xc7e2bf18                __u_boot_cmd_branch
                0xc7e2bee8                __u_boot_cmd_icache
 .u_boot_cmd    0xc7e2bf30       0x18 common/libcommon.a(cmd_date.o)
                0xc7e2bf30                __u_boot_cmd_date
 .u_boot_cmd    0xc7e2bf48       0x30 common/libcommon.a(cmd_elf.o)
                0xc7e2bf60                __u_boot_cmd_bootvx
                0xc7e2bf48                __u_boot_cmd_bootelf
 .u_boot_cmd    0xc7e2bf78       0x48 common/libcommon.a(cmd_flash.o)
                0xc7e2bf78                __u_boot_cmd_flinfo
                0xc7e2bf90                __u_boot_cmd_erase
                0xc7e2bfa8                __u_boot_cmd_protect
 .u_boot_cmd    0xc7e2bfc0       0x18 common/libcommon.a(cmd_itest.o)
                0xc7e2bfc0                __u_boot_cmd_itest
 .u_boot_cmd    0xc7e2bfd8       0x48 common/libcommon.a(cmd_load.o)
                0xc7e2c008                __u_boot_cmd_loady
                0xc7e2bff0                __u_boot_cmd_loadb
                0xc7e2bfd8                __u_boot_cmd_loads
 .u_boot_cmd    0xc7e2c020       0xf0 common/libcommon.a(cmd_mem.o)
                0xc7e2c020                __u_boot_cmd_md
                0xc7e2c098                __u_boot_cmd_cmp
                0xc7e2c068                __u_boot_cmd_mw
                0xc7e2c0e0                __u_boot_cmd_loop
                0xc7e2c0c8                __u_boot_cmd_base
                0xc7e2c038                __u_boot_cmd_mm
                0xc7e2c0b0                __u_boot_cmd_crc32
                0xc7e2c050                __u_boot_cmd_nm
                0xc7e2c0f8                __u_boot_cmd_mtest
                0xc7e2c080                __u_boot_cmd_cp
 .u_boot_cmd    0xc7e2c110       0x18 common/libcommon.a(cmd_misc.o)
                0xc7e2c110                __u_boot_cmd_sleep
 .u_boot_cmd    0xc7e2c128       0x30 common/libcommon.a(cmd_nand.o)
                0xc7e2c128                __u_boot_cmd_nand
                0xc7e2c140                __u_boot_cmd_nboot
 .u_boot_cmd    0xc7e2c158       0x78 common/libcommon.a(cmd_net.o)
                0xc7e2c1a0                __u_boot_cmd_nfs
                0xc7e2c1b8                __u_boot_cmd_ping
                0xc7e2c188                __u_boot_cmd_rarpboot
                0xc7e2c170                __u_boot_cmd_tftpboot
                0xc7e2c158                __u_boot_cmd_bootp
 .u_boot_cmd    0xc7e2c1d0       0x48 common/libcommon.a(cmd_nvedit.o)
                0xc7e2c200                __u_boot_cmd_saveenv
                0xc7e2c1d0                __u_boot_cmd_printenv
                0xc7e2c1e8                __u_boot_cmd_setenv
 .u_boot_cmd    0xc7e2c218       0x18 common/libcommon.a(cmd_usb.o)
                0xc7e2c218                __u_boot_cmd_usb
 .u_boot_cmd    0xc7e2c230       0xa8 common/libcommon.a(command.o)
                0xc7e2c290                __u_boot_cmd_exit
                0xc7e2c260                __u_boot_cmd_echo
                0xc7e2c2c0                __u_boot_cmd_question_mark
                0xc7e2c230                __u_boot_cmd_version
                0xc7e2c248                __u_boot_cmd_setlcd
                0xc7e2c2a8                __u_boot_cmd_help
                0xc7e2c278                __u_boot_cmd_test
 .u_boot_cmd    0xc7e2c2d8       0x18 common/libcommon.a(cmd_usbd.o)
                0xc7e2c2d8                __u_boot_cmd_dnw
 .u_boot_cmd    0xc7e2c2f0       0x18 common/libcommon.a(cmd_movi.o)
                0xc7e2c2f0                __u_boot_cmd_movi
                0xc7e2c308                __u_boot_cmd_end = .
                0xc7e2c308                . = ALIGN (0x4)

.mmudata        0xc7e30000     0x4000
 *(.mmudata)
 .mmudata       0xc7e30000     0x4000 board/samsung/smdk6410/libsmdk6410.a(lowlevel_init.o)
                0xc7e30000                mmu_table
                0xc7e34000                . = ALIGN (0x4)
                0xc7e34000                __bss_start = .

.bss            0xc7e34000    0x14b48
 *(.bss)
 .bss           0xc7e34000        0x0 cpu/s3c64xx/start.o
 .bss           0xc7e34000        0x0 cpu/s3c64xx/s3c6410/cpu_init.o
 .bss           0xc7e34000        0x0 cpu/s3c64xx/onenand_cp.o
 .bss           0xc7e34000        0x0 cpu/s3c64xx/nand_cp.o
 .bss           0xc7e34000        0x4 cpu/s3c64xx/movi.o
                0xc7e34000                movi_hc
 .bss           0xc7e34004        0x0 board/samsung/smdk6410/libsmdk6410.a(lowlevel_init.o)
 .bss           0xc7e34004        0xc cpu/s3c64xx/libs3c64xx.a(interrupts.o)
                0xc7e34004                timer_load_val
 .bss           0xc7e34010        0x0 cpu/s3c64xx/libs3c64xx.a(cpu.o)
 .bss           0xc7e34010       0x4c cpu/s3c64xx/libs3c64xx.a(hs_mmc.o)
 .bss           0xc7e3405c        0x0 cpu/s3c64xx/libs3c64xx.a(serial.o)
 .bss           0xc7e3405c        0x0 cpu/s3c64xx/s3c6410/libs3c6410.a(speed.o)
 .bss           0xc7e3405c       0x10 lib_arm/libarm.a(board.o)
                0xc7e3405c                monitor_flash_len
 .bss           0xc7e3406c     0x25d0 net/libnet.a(net.o)
                0xc7e3661c                NetArpWaitTry
                0xc7e35fec                NetArpWaitPacketMAC
                0xc7e34110                NetOurEther
                0xc7e34118                NetOurIP
                0xc7e341c0                NetPingIP
                0xc7e3411c                NetServerIP
                0xc7e35ff4                NetArpWaitTxPacketSize
                0xc7e35fe8                NetArpWaitReplyIP
                0xc7e34120                NetRxPackets
                0xc7e35ff0                NetArpWaitTxPacket
                0xc7e34078                NetOurNISDomain
                0xc7e35fe4                NetArpWaitPacketIP
                0xc7e3413c                NetState
                0xc7e34140                BootFile
                0xc7e340fa                NetServerEther
                0xc7e3406c                NetOurSubnetMask
                0xc7e340f8                NetBootFileSize
                0xc7e34138                NetIPID
                0xc7e34098                NetOurHostName
                0xc7e34130                NetRxPkt
                0xc7e34070                NetOurGatewayIP
                0xc7e34100                NetEtherNullAddr
                0xc7e35ff8                NetArpWaitPacketBuf
                0xc7e34134                NetRxPktLen
                0xc7e34108                NetTxPacket
                0xc7e3410c                NetBootFileXferSize
                0xc7e34074                NetOurDNSIP
                0xc7e341c4                PktBuf
                0xc7e340b8                NetOurRootPath
                0xc7e36618                NetArpWaitTimerStart
 .bss           0xc7e3663c       0x34 net/libnet.a(tftp.o)
 .bss           0xc7e36670        0x8 net/libnet.a(bootp.o)
                0xc7e36674                BootpTry
                0xc7e36670                BootpID
 .bss           0xc7e36678        0x4 net/libnet.a(rarp.o)
                0xc7e36678                RarpTry
 .bss           0xc7e3667c        0x0 net/libnet.a(eth.o)
 .bss           0xc7e3667c      0x8b0 net/libnet.a(nfs.o)
 .bss           0xc7e36f2c       0xa4 drivers/libdrivers.a(dm9000x.o)
                0xc7e36f2c                dmfe_info
 .bss           0xc7e36fd0      0x1b8 drivers/nand/libnand.a(nand.o)
                0xc7e36fd0                nand_info
 .bss           0xc7e37188        0x0 drivers/nand/libnand.a(nand_base.o)
 .bss           0xc7e37188        0x0 drivers/nand/libnand.a(nand_ids.o)
 .bss           0xc7e37188        0x0 drivers/nand/libnand.a(nand_ecc.o)
 .bss           0xc7e37188        0x0 drivers/nand/libnand.a(nand_bbt.o)
 .bss           0xc7e37188     0x1560 common/libcommon.a(main.o)
                0xc7e3718c                console_buffer
                0xc7e3728c                hist_list
                0xc7e372dc                hist_lines
                0xc7e37188                hist_num
 .bss           0xc7e386e8        0x0 common/libcommon.a(cmd_bdinfo.o)
 .bss           0xc7e386e8        0x0 common/libcommon.a(cmd_boot.o)
 .bss           0xc7e386e8       0x40 common/libcommon.a(cmd_bootm.o)
                0xc7e386e8                header
 .bss           0xc7e38728        0x0 common/libcommon.a(cmd_cache.o)
 .bss           0xc7e38728        0x0 common/libcommon.a(cmd_date.o)
 .bss           0xc7e38728        0x0 common/libcommon.a(cmd_elf.o)
 .bss           0xc7e38728        0x0 common/libcommon.a(cmd_flash.o)
 .bss           0xc7e38728        0x0 common/libcommon.a(cmd_itest.o)
 .bss           0xc7e38728       0x88 common/libcommon.a(cmd_load.o)
                0xc7e38754                his_pad_char
                0xc7e38728                os_data_count
                0xc7e38758                os_data_init
                0xc7e38774                send_ptr
                0xc7e3872c                os_data_header
                0xc7e3875c                os_data_char
                0xc7e3874c                his_eol
                0xc7e38755                his_quote
                0xc7e38760                send_parms
                0xc7e38750                his_pad_count
 .bss           0xc7e387b0       0x14 common/libcommon.a(cmd_mem.o)
                0xc7e387b4                dp_last_size
                0xc7e387b0                dp_last_addr
                0xc7e387bc                mm_last_size
                0xc7e387b8                mm_last_addr
 .bss           0xc7e387c4        0x0 common/libcommon.a(cmd_misc.o)
 .bss           0xc7e387c4        0x0 common/libcommon.a(cmd_nand.o)
 .bss           0xc7e387c4        0x0 common/libcommon.a(cmd_net.o)
 .bss           0xc7e387c4        0x0 common/libcommon.a(cmd_nvedit.o)
 .bss           0xc7e387c4        0x0 common/libcommon.a(cmd_usb.o)
 .bss           0xc7e387c4        0x0 common/libcommon.a(command.o)
 .bss           0xc7e387c4        0x8 common/libcommon.a(console.o)
 .bss           0xc7e387cc       0x10 common/libcommon.a(devices.o)
                0xc7e387cc                devlist
                0xc7e387d0                stdio_devices
 .bss           0xc7e387dc       0x38 common/libcommon.a(dlmalloc.o)
 .bss           0xc7e38814        0x0 common/libcommon.a(env_common.o)
 .bss           0xc7e38814        0x4 common/libcommon.a(env_nand.o)
                0xc7e38814                env_ptr
 .bss           0xc7e38818        0x0 common/libcommon.a(exports.o)
 .bss           0xc7e38818        0x0 common/libcommon.a(flash.o)
 .bss           0xc7e38818      0x258 common/libcommon.a(hush.o)
                0xc7e3881c                nesting_level
                0xc7e38818                last_return_code
 .bss           0xc7e38a70        0x0 common/libcommon.a(lists.o)
 .bss           0xc7e38a70        0x0 common/libcommon.a(s_record.o)
 .bss           0xc7e38a70     0xc99c common/libcommon.a(usb.o)
                0xc7e38a70                usb_started
 .bss           0xc7e4540c      0x43c common/libcommon.a(xyzModem.o)
 .bss           0xc7e45848        0x0 common/libcommon.a(cmd_usbd.o)
 .bss           0xc7e45848       0x18 common/libcommon.a(cmd_movi.o)
                0xc7e45848                ofsinfo
 .bss           0xc7e45860        0x0 common/libcommon.a(crc16.o)
 .bss           0xc7e45860        0x0 lib_generic/libgeneric.a(crc32.o)
 .bss           0xc7e45860        0x0 lib_generic/libgeneric.a(ctype.o)
 .bss           0xc7e45860        0x0 lib_generic/libgeneric.a(display_options.o)
 .bss           0xc7e45860        0x4 lib_generic/libgeneric.a(string.o)
                0xc7e45860                ___strtok
 .bss           0xc7e45864        0x0 lib_generic/libgeneric.a(vsprintf.o)
 .bss           0xc7e45864     0x10a8 lib_generic/libgeneric.a(zlib.o)
 .bss           0xc7e4690c        0x0 board/samsung/smdk6410/libsmdk6410.a(smdk6410.o)
 .bss           0xc7e4690c        0x4 board/samsung/smdk6410/libsmdk6410.a(flash.o)
                0xc7e4690c                flash_info
 *fill*         0xc7e46910       0xf0 00
 .bss           0xc7e46a00     0x1600 cpu/s3c64xx/libs3c64xx.a(usb_ohci.o)
                0xc7e47e74                got_rhsc
                0xc7e46a00                gtd
                0xc7e47c10                ohci_dev
                0xc7e47e78                devgone
                0xc7e47a40                ptd
                0xc7e47c00                phcca
                0xc7e47da0                urb_priv
                0xc7e47b00                ghcca
 .bss           0xc7e48000        0xc cpu/s3c64xx/libs3c64xx.a(nand.o)
                0xc7e48004                cur_ecc_mode
                0xc7e48008                nand_type
                0xc7e48000                boot_nand
 .bss           0xc7e4800c       0xa8 cpu/s3c64xx/libs3c64xx.a(usbd-otg-hs.o)
                0xc7e48024                remode_wakeup
                0xc7e480ae                get_status
                0xc7e48014                op_mode
                0xc7e480b3                get_intf
                0xc7e48010                s3c_got_header
                0xc7e48028                config_value
                0xc7e4800c                s3c_receive_done
                0xc7e4801c                s3c_usbd_dn_addr
                0xc7e48018                speed
                0xc7e48020                DNW
                0xc7e4802a                otg
 .bss           0xc7e480b4        0x4 lib_arm/libarm.a(armlinux.o)
 .bss           0xc7e480b8        0x0 lib_arm/libarm.a(cache.o)
 .bss           0xc7e480b8        0x0 rtc/librtc.a(date.o)
 .bss           0xc7e480b8        0x0 rtc/librtc.a(s3c64xx_rtc.o)
 .bss           0xc7e480b8      0xa90 drivers/nand/libnand.a(nand_util.o)
 .bss           0xc7e48b48        0x0 lib_generic/libgeneric.a(div64.o)
 .bss           0xc7e48b48        0x0 /usr/local/arm/4.2.2-eabi/usr/bin-ccache/../lib/gcc/arm-unknown-linux-gnueabi/4.2.2/libgcc.a(_udivsi3.o)
 .bss           0xc7e48b48        0x0 /usr/local/arm/4.2.2-eabi/usr/bin-ccache/../lib/gcc/arm-unknown-linux-gnueabi/4.2.2/libgcc.a(_divsi3.o)
 .bss           0xc7e48b48        0x0 /usr/local/arm/4.2.2-eabi/usr/bin-ccache/../lib/gcc/arm-unknown-linux-gnueabi/4.2.2/libgcc.a(_ashrdi3.o)
 .bss           0xc7e48b48        0x0 /usr/local/arm/4.2.2-eabi/usr/bin-ccache/../lib/gcc/arm-unknown-linux-gnueabi/4.2.2/libgcc.a(_ashldi3.o)
                0xc7e48b48                _end = .
Address of section .text set to 0xc7e00000
LOAD cpu/s3c64xx/start.o
START GROUP
LOAD lib_generic/libgeneric.a
LOAD board/samsung/smdk6410/libsmdk6410.a
LOAD cpu/s3c64xx/libs3c64xx.a
LOAD cpu/s3c64xx/s3c6410/libs3c6410.a
LOAD lib_arm/libarm.a
LOAD fs/cramfs/libcramfs.a
LOAD fs/fat/libfat.a
LOAD fs/fdos/libfdos.a
LOAD fs/jffs2/libjffs2.a
LOAD fs/reiserfs/libreiserfs.a
LOAD fs/ext2/libext2fs.a
LOAD net/libnet.a
LOAD disk/libdisk.a
LOAD rtc/librtc.a
LOAD dtt/libdtt.a
LOAD drivers/libdrivers.a
LOAD drivers/nand/libnand.a
LOAD drivers/nand_legacy/libnand_legacy.a
LOAD drivers/onenand/libonenand.a
LOAD drivers/sk98lin/libsk98lin.a
LOAD post/libpost.a
LOAD post/cpu/libcpu.a
LOAD common/libcommon.a
END GROUP
LOAD /usr/local/arm/4.2.2-eabi/usr/bin-ccache/../lib/gcc/arm-unknown-linux-gnueabi/4.2.2/libgcc.a
OUTPUT(u-boot elf32-littlearm)

.ARM.attributes
                0x00000000       0x18
 .ARM.attributes
                0x00000000       0x18 cpu/s3c64xx/start.o
 .ARM.attributes
                0x00000018       0x18 cpu/s3c64xx/s3c6410/cpu_init.o
 .ARM.attributes
                0x00000030       0x16 cpu/s3c64xx/onenand_cp.o
 .ARM.attributes
                0x00000046       0x18 cpu/s3c64xx/nand_cp.o
 .ARM.attributes
                0x0000005e       0x18 cpu/s3c64xx/movi.o
 .ARM.attributes
                0x00000076       0x18 board/samsung/smdk6410/libsmdk6410.a(lowlevel_init.o)
 .ARM.attributes
                0x0000008e       0x18 cpu/s3c64xx/libs3c64xx.a(interrupts.o)
 .ARM.attributes
                0x000000a6       0x18 cpu/s3c64xx/libs3c64xx.a(cpu.o)
 .ARM.attributes
                0x000000be       0x18 cpu/s3c64xx/libs3c64xx.a(hs_mmc.o)
 .ARM.attributes
                0x000000d6       0x18 cpu/s3c64xx/libs3c64xx.a(serial.o)
 .ARM.attributes
                0x000000ee       0x18 cpu/s3c64xx/s3c6410/libs3c6410.a(speed.o)
 .ARM.attributes
                0x00000106       0x18 lib_arm/libarm.a(board.o)
 .ARM.attributes
                0x0000011e       0x18 net/libnet.a(net.o)
 .ARM.attributes
                0x00000136       0x18 net/libnet.a(tftp.o)
 .ARM.attributes
                0x0000014e       0x18 net/libnet.a(bootp.o)
 .ARM.attributes
                0x00000166       0x18 net/libnet.a(rarp.o)
 .ARM.attributes
                0x0000017e       0x18 net/libnet.a(eth.o)
 .ARM.attributes
                0x00000196       0x18 net/libnet.a(nfs.o)
 .ARM.attributes
                0x000001ae       0x18 drivers/libdrivers.a(dm9000x.o)
 .ARM.attributes
                0x000001c6       0x18 drivers/nand/libnand.a(nand.o)
 .ARM.attributes
                0x000001de       0x18 drivers/nand/libnand.a(nand_base.o)
 .ARM.attributes
                0x000001f6       0x16 drivers/nand/libnand.a(nand_ids.o)
 .ARM.attributes
                0x0000020c       0x18 drivers/nand/libnand.a(nand_ecc.o)
 .ARM.attributes
                0x00000224       0x18 drivers/nand/libnand.a(nand_bbt.o)
 .ARM.attributes
                0x0000023c       0x18 common/libcommon.a(main.o)
 .ARM.attributes
                0x00000254       0x18 common/libcommon.a(cmd_bdinfo.o)
 .ARM.attributes
                0x0000026c       0x18 common/libcommon.a(cmd_boot.o)
 .ARM.attributes
                0x00000284       0x18 common/libcommon.a(cmd_bootm.o)
 .ARM.attributes
                0x0000029c       0x18 common/libcommon.a(cmd_cache.o)
 .ARM.attributes
                0x000002b4       0x18 common/libcommon.a(cmd_date.o)
 .ARM.attributes
                0x000002cc       0x18 common/libcommon.a(cmd_elf.o)
 .ARM.attributes
                0x000002e4       0x18 common/libcommon.a(cmd_flash.o)
 .ARM.attributes
                0x000002fc       0x18 common/libcommon.a(cmd_itest.o)
 .ARM.attributes
                0x00000314       0x18 common/libcommon.a(cmd_load.o)
 .ARM.attributes
                0x0000032c       0x18 common/libcommon.a(cmd_mem.o)
 .ARM.attributes
                0x00000344       0x18 common/libcommon.a(cmd_misc.o)
 .ARM.attributes
                0x0000035c       0x18 common/libcommon.a(cmd_nand.o)
 .ARM.attributes
                0x00000374       0x18 common/libcommon.a(cmd_net.o)
 .ARM.attributes
                0x0000038c       0x18 common/libcommon.a(cmd_nvedit.o)
 .ARM.attributes
                0x000003a4       0x18 common/libcommon.a(cmd_usb.o)
 .ARM.attributes
                0x000003bc       0x18 common/libcommon.a(command.o)
 .ARM.attributes
                0x000003d4       0x18 common/libcommon.a(console.o)
 .ARM.attributes
                0x000003ec       0x18 common/libcommon.a(devices.o)
 .ARM.attributes
                0x00000404       0x18 common/libcommon.a(dlmalloc.o)
 .ARM.attributes
                0x0000041c       0x18 common/libcommon.a(env_common.o)
 .ARM.attributes
                0x00000434       0x18 common/libcommon.a(env_nand.o)
 .ARM.attributes
                0x0000044c       0x18 common/libcommon.a(exports.o)
 .ARM.attributes
                0x00000464       0x18 common/libcommon.a(flash.o)
 .ARM.attributes
                0x0000047c       0x18 common/libcommon.a(hush.o)
 .ARM.attributes
                0x00000494       0x18 common/libcommon.a(lists.o)
 .ARM.attributes
                0x000004ac       0x18 common/libcommon.a(s_record.o)
 .ARM.attributes
                0x000004c4       0x18 common/libcommon.a(usb.o)
 .ARM.attributes
                0x000004dc       0x18 common/libcommon.a(xyzModem.o)
 .ARM.attributes
                0x000004f4       0x18 common/libcommon.a(cmd_usbd.o)
 .ARM.attributes
                0x0000050c       0x18 common/libcommon.a(cmd_movi.o)
 .ARM.attributes
                0x00000524       0x18 common/libcommon.a(crc16.o)
 .ARM.attributes
                0x0000053c       0x18 lib_generic/libgeneric.a(crc32.o)
 .ARM.attributes
                0x00000554       0x16 lib_generic/libgeneric.a(ctype.o)
 .ARM.attributes
                0x0000056a       0x18 lib_generic/libgeneric.a(display_options.o)
 .ARM.attributes
                0x00000582       0x18 lib_generic/libgeneric.a(string.o)
 .ARM.attributes
                0x0000059a       0x18 lib_generic/libgeneric.a(vsprintf.o)
 .ARM.attributes
                0x000005b2       0x18 lib_generic/libgeneric.a(zlib.o)
 .ARM.attributes
                0x000005ca       0x18 board/samsung/smdk6410/libsmdk6410.a(smdk6410.o)
 .ARM.attributes
                0x000005e2       0x18 board/samsung/smdk6410/libsmdk6410.a(flash.o)
 .ARM.attributes
                0x000005fa       0x18 cpu/s3c64xx/libs3c64xx.a(usb_ohci.o)
 .ARM.attributes
                0x00000612       0x18 cpu/s3c64xx/libs3c64xx.a(nand.o)
 .ARM.attributes
                0x0000062a       0x18 cpu/s3c64xx/libs3c64xx.a(usbd-otg-hs.o)
 .ARM.attributes
                0x00000642       0x18 lib_arm/libarm.a(armlinux.o)
 .ARM.attributes
                0x0000065a       0x18 lib_arm/libarm.a(cache.o)
 .ARM.attributes
                0x00000672       0x18 rtc/librtc.a(date.o)
 .ARM.attributes
                0x0000068a       0x18 rtc/librtc.a(s3c64xx_rtc.o)
 .ARM.attributes
                0x000006a2       0x18 drivers/nand/libnand.a(nand_util.o)
 .ARM.attributes
                0x000006ba       0x18 lib_generic/libgeneric.a(div64.o)
 .ARM.attributes
                0x000006d2       0x18 /usr/local/arm/4.2.2-eabi/usr/bin-ccache/../lib/gcc/arm-unknown-linux-gnueabi/4.2.2/libgcc.a(_udivsi3.o)
 .ARM.attributes
                0x000006ea       0x18 /usr/local/arm/4.2.2-eabi/usr/bin-ccache/../lib/gcc/arm-unknown-linux-gnueabi/4.2.2/libgcc.a(_divsi3.o)
 .ARM.attributes
                0x00000702       0x18 /usr/local/arm/4.2.2-eabi/usr/bin-ccache/../lib/gcc/arm-unknown-linux-gnueabi/4.2.2/libgcc.a(_ashrdi3.o)
 .ARM.attributes
                0x0000071a       0x18 /usr/local/arm/4.2.2-eabi/usr/bin-ccache/../lib/gcc/arm-unknown-linux-gnueabi/4.2.2/libgcc.a(_ashldi3.o)

.debug_line     0x00000000     0x9ae9
 .debug_line    0x00000000       0xd3 cpu/s3c64xx/start.o
 .debug_line    0x000000d3       0x89 cpu/s3c64xx/s3c6410/cpu_init.o
 .debug_line    0x0000015c       0x1d cpu/s3c64xx/onenand_cp.o
 .debug_line    0x00000179      0x115 cpu/s3c64xx/nand_cp.o
 .debug_line    0x0000028e       0xf1 cpu/s3c64xx/movi.o
 .debug_line    0x0000037f       0xd9 board/samsung/smdk6410/libsmdk6410.a(lowlevel_init.o)
 .debug_line    0x00000458      0x23c cpu/s3c64xx/libs3c64xx.a(interrupts.o)
 .debug_line    0x00000694      0x190 cpu/s3c64xx/libs3c64xx.a(cpu.o)
 .debug_line    0x00000824      0x5d9 cpu/s3c64xx/libs3c64xx.a(hs_mmc.o)
 .debug_line    0x00000dfd      0x161 cpu/s3c64xx/libs3c64xx.a(serial.o)
 .debug_line    0x00000f5e       0xd2 cpu/s3c64xx/s3c6410/libs3c6410.a(speed.o)
 .debug_line    0x00001030      0x1e0 lib_arm/libarm.a(board.o)
 .debug_line    0x00001210      0x4de net/libnet.a(net.o)
 .debug_line    0x000016ee      0x265 net/libnet.a(tftp.o)
 .debug_line    0x00001953      0x2c2 net/libnet.a(bootp.o)
 .debug_line    0x00001c15      0x10f net/libnet.a(rarp.o)
 .debug_line    0x00001d24       0xd2 net/libnet.a(eth.o)
 .debug_line    0x00001df6      0x36a net/libnet.a(nfs.o)
 .debug_line    0x00002160      0x37e drivers/libdrivers.a(dm9000x.o)
 .debug_line    0x000024de      0x1a3 drivers/nand/libnand.a(nand.o)
 .debug_line    0x00002681      0x867 drivers/nand/libnand.a(nand_base.o)
 .debug_line    0x00002ee8       0x78 drivers/nand/libnand.a(nand_ids.o)
 .debug_line    0x00002f60      0x1e9 drivers/nand/libnand.a(nand_ecc.o)
 .debug_line    0x00003149      0x4a8 drivers/nand/libnand.a(nand_bbt.o)
 .debug_line    0x000035f1      0x230 common/libcommon.a(main.o)
 .debug_line    0x00003821      0x141 common/libcommon.a(cmd_bdinfo.o)
 .debug_line    0x00003962       0xde common/libcommon.a(cmd_boot.o)
 .debug_line    0x00003a40      0x336 common/libcommon.a(cmd_bootm.o)
 .debug_line    0x00003d76       0xae common/libcommon.a(cmd_cache.o)
 .debug_line    0x00003e24      0x17b common/libcommon.a(cmd_date.o)
 .debug_line    0x00003f9f      0x1c0 common/libcommon.a(cmd_elf.o)
 .debug_line    0x0000415f      0x1a8 common/libcommon.a(cmd_flash.o)
 .debug_line    0x00004307      0x11b common/libcommon.a(cmd_itest.o)
 .debug_line    0x00004422      0x474 common/libcommon.a(cmd_load.o)
 .debug_line    0x00004896      0x287 common/libcommon.a(cmd_mem.o)
 .debug_line    0x00004b1d       0xd8 common/libcommon.a(cmd_misc.o)
 .debug_line    0x00004bf5      0x3bc common/libcommon.a(cmd_nand.o)
 .debug_line    0x00004fb1      0x14e common/libcommon.a(cmd_net.o)
 .debug_line    0x000050ff      0x2cb common/libcommon.a(cmd_nvedit.o)
 .debug_line    0x000053ca      0x1f6 common/libcommon.a(cmd_usb.o)
 .debug_line    0x000055c0      0x17f common/libcommon.a(command.o)
 .debug_line    0x0000573f      0x2c6 common/libcommon.a(console.o)
 .debug_line    0x00005a05      0x15e common/libcommon.a(devices.o)
 .debug_line    0x00005b63      0x39a common/libcommon.a(dlmalloc.o)
 .debug_line    0x00005efd      0x173 common/libcommon.a(env_common.o)
 .debug_line    0x00006070      0x221 common/libcommon.a(env_nand.o)
 .debug_line    0x00006291      0x137 common/libcommon.a(exports.o)
 .debug_line    0x000063c8      0x164 common/libcommon.a(flash.o)
 .debug_line    0x0000652c      0x5f5 common/libcommon.a(hush.o)
 .debug_line    0x00006b21      0x123 common/libcommon.a(lists.o)
 .debug_line    0x00006c44       0xdf common/libcommon.a(s_record.o)
 .debug_line    0x00006d23      0x467 common/libcommon.a(usb.o)
 .debug_line    0x0000718a      0x224 common/libcommon.a(xyzModem.o)
 .debug_line    0x000073ae       0xbc common/libcommon.a(cmd_usbd.o)
 .debug_line    0x0000746a      0x11c common/libcommon.a(cmd_movi.o)
 .debug_line    0x00007586       0xd4 common/libcommon.a(crc16.o)
 .debug_line    0x0000765a       0xed lib_generic/libgeneric.a(crc32.o)
 .debug_line    0x00007747       0x28 lib_generic/libgeneric.a(ctype.o)
 .debug_line    0x0000776f       0xae lib_generic/libgeneric.a(display_options.o)
 .debug_line    0x0000781d      0x1b0 lib_generic/libgeneric.a(string.o)
 .debug_line    0x000079cd      0x1ed lib_generic/libgeneric.a(vsprintf.o)
 .debug_line    0x00007bba      0x69d lib_generic/libgeneric.a(zlib.o)
 .debug_line    0x00008257      0x119 board/samsung/smdk6410/libsmdk6410.a(smdk6410.o)
 .debug_line    0x00008370      0x1cd board/samsung/smdk6410/libsmdk6410.a(flash.o)
 .debug_line    0x0000853d      0x206 cpu/s3c64xx/libs3c64xx.a(usb_ohci.o)
 .debug_line    0x00008743      0x17e cpu/s3c64xx/libs3c64xx.a(nand.o)
 .debug_line    0x000088c1      0x64a cpu/s3c64xx/libs3c64xx.a(usbd-otg-hs.o)
 .debug_line    0x00008f0b      0x256 lib_arm/libarm.a(armlinux.o)
 .debug_line    0x00009161       0x38 lib_arm/libarm.a(cache.o)
 .debug_line    0x00009199       0xc3 rtc/librtc.a(date.o)
 .debug_line    0x0000925c      0x10a rtc/librtc.a(s3c64xx_rtc.o)
 .debug_line    0x00009366      0x3c7 drivers/nand/libnand.a(nand_util.o)
 .debug_line    0x0000972d       0xea lib_generic/libgeneric.a(div64.o)